26A0:jersey_digit:0 authored 1335
26A0:jersey_digit:1 authored 756
26A0:jersey_digit:2 authored 1566
26A0:jersey_digit:3 authored 1453
26A0:jersey_digit:4 authored 1229
26A0:jersey_digit:5 authored 1548
26A0:jersey_digit:6 authored 1278
26A0:jersey_digit:7 authored 1078
26A0:jersey_digit:8 authored 1254
26A0:jersey_digit:9 authored 1286
26A0:arm_digit:0 authored 1341
26A0:arm_digit:1 authored 762
26A0:arm_digit:2 authored 1572
26A0:arm_digit:3 authored 1459
26A0:arm_digit:4 authored 1235
26A0:arm_digit:5 authored 1553
26A0:arm_digit:6 authored 1285
26A0:arm_digit:7 authored 1084
26A0:arm_digit:8 authored 1260
26A0:arm_digit:9 authored 1292
06H0:jersey_digit:0 authored 1170
06H0:jersey_digit:1 authored 975
06H0:jersey_digit:2 authored 1534
06H0:jersey_digit:3 authored 1081
06H0:jersey_digit:4 authored 1177
06H0:jersey_digit:5 authored 1468
06H0:jersey_digit:6 authored 1514
06H0:jersey_digit:7 authored 1052
06H0:jersey_digit:8 authored 1513
06H0:jersey_digit:9 authored 1511
06H0:arm_digit:0 authored 652
06H0:arm_digit:1 authored 426
06H0:arm_digit:2 authored 774
06H0:arm_digit:3 authored 637
06H0:arm_digit:4 authored 520
06H0:arm_digit:5 authored 774
06H0:arm_digit:6 authored 798
06H0:arm_digit:7 authored 526
06H0:arm_digit:8 authored 807
06H0:arm_digit:9 authored 789
26A3:jersey_digit:0 authored 1335
26A3:jersey_digit:1 authored 756
26A3:jersey_digit:2 authored 1566
26A3:jersey_digit:3 authored 1453
26A3:jersey_digit:4 authored 1038
26A3:jersey_digit:5 authored 1548
26A3:jersey_digit:6 authored 1278
26A3:jersey_digit:7 authored 1078
26A3:jersey_digit:8 authored 1254
26A3:jersey_digit:9 authored 1286
26A3:arm_digit:0 authored 1341
26A3:arm_digit:1 authored 762
26A3:arm_digit:2 authored 1572
26A3:arm_digit:3 authored 1459
26A3:arm_digit:4 authored 1044
26A3:arm_digit:5 authored 1553
26A3:arm_digit:6 authored 1285
26A3:arm_digit:7 authored 1084
26A3:arm_digit:8 authored 1260
26A3:arm_digit:9 authored 1292
{"slots": 90, "synthetic_slots": 60, "old_overflow": 22, "new_kept_retail": 0, "seconds": 123.944}
