This plugin does not support propagateSizeHints()
This plugin does not support propagateSizeHints()
This plugin does not support propagateSizeHints()
This plugin does not support propagateSizeHints()
This plugin does not support propagateSizeHints()
This plugin does not support propagateSizeHints()
This plugin does not support propagateSizeHints()
This plugin does not support propagateSizeHints()
This plugin does not support propagateSizeHints()
This plugin does not support propagateSizeHints()
This plugin does not support propagateSizeHints()
This plugin does not support propagateSizeHints()
This plugin does not support propagateSizeHints()
This plugin does not support propagateSizeHints()
This plugin does not support propagateSizeHints()
This plugin does not support propagateSizeHints()
This plugin does not support propagateSizeHints()
This plugin does not support propagateSizeHints()
This plugin does not support propagateSizeHints()
This plugin does not support propagateSizeHints()
This plugin does not support propagateSizeHints()
This plugin does not support propagateSizeHints()
This plugin does not support propagateSizeHints()
This plugin does not support propagateSizeHints()
This plugin does not support propagateSizeHints()
This plugin does not support propagateSizeHints()
This plugin does not support propagateSizeHints()
This plugin does not support propagateSizeHints()
This plugin does not support propagateSizeHints()
This plugin does not support propagateSizeHints()
This plugin does not support propagateSizeHints()
This plugin does not support propagateSizeHints()
This plugin does not support propagateSizeHints()
This plugin does not support propagateSizeHints()
This plugin does not support propagateSizeHints()
This plugin does not support propagateSizeHints()
This plugin does not support propagateSizeHints()
This plugin does not support propagateSizeHints()
This plugin does not support propagateSizeHints()
This plugin does not support propagateSizeHints()
This plugin does not support propagateSizeHints()
2k5 11.158 seconds 1769 unique strings/controls 0 missing help 0 clipping candidates
['  Getting Started', '  Uniforms & Equipment', '  Names, Numbers & Faces', '  Text & Team Identity', '  Field Art & Create-Team Art', '  Stadiums', '  Presentation', '  Menus & UI', '  The Crib', '  Audio', '  Gameplay', '  Playbooks & Plays', '  All Textures', '  ★ Rosters', '  ★ Models', '  Animations', '  ★ Create a Play', '  MyCareer', '  Scorebar', '  ★ Build & Share']
apf 5.696 seconds 709 unique strings/controls 0 missing help 8 clipping candidates
['Getting Started', 'Uniforms & Equipment', 'Rosters & Players', 'Team Identity', 'Logos & Team Art', 'Scorebug & Presentation', 'Field Art', 'Stadium Studio', 'Menus & Text', 'Audio', 'Sliders & Gameplay', 'Playbooks & Plays', 'Season & Franchise Lab', 'All Game Assets']
dialogs [] crashes []
