[astra/b71-s5-sprite-scorebug 089aa1d7] Record native sprite previews for all requested states and both aspects
 169 files changed, 8309 insertions(+)
 create mode 100644 reports/b71_s5/atlas.png
 create mode 100644 reports/b71_s5/ball_on_169.png
 create mode 100644 reports/b71_s5/ball_on_169_compare_2x.png
 create mode 100644 reports/b71_s5/ball_on_169_crop.png
 create mode 100644 reports/b71_s5/ball_on_43.png
 create mode 100644 reports/b71_s5/ball_on_43_compare_2x.png
 create mode 100644 reports/b71_s5/ball_on_43_crop.png
 create mode 100644 reports/b71_s5/clock_007_169.png
 create mode 100644 reports/b71_s5/clock_007_169_compare_2x.png
 create mode 100644 reports/b71_s5/clock_007_169_crop.png
 create mode 100644 reports/b71_s5/clock_007_43.png
 create mode 100644 reports/b71_s5/clock_007_43_compare_2x.png
 create mode 100644 reports/b71_s5/clock_007_43_crop.png
 create mode 100644 reports/b71_s5/day_169.json
 create mode 100644 reports/b71_s5/day_169.png
 create mode 100644 reports/b71_s5/day_43.json
 create mode 100644 reports/b71_s5/day_43.png
 create mode 100644 reports/b71_s5/down_1_169.png
 create mode 100644 reports/b71_s5/down_1_169_compare_2x.png
 create mode 100644 reports/b71_s5/down_1_169_crop.png
 create mode 100644 reports/b71_s5/down_1_43.png
 create mode 100644 reports/b71_s5/down_1_43_compare_2x.png
 create mode 100644 reports/b71_s5/down_1_43_crop.png
 create mode 100644 reports/b71_s5/down_2_169.png
 create mode 100644 reports/b71_s5/down_2_169_compare_2x.png
 create mode 100644 reports/b71_s5/down_2_169_crop.png
 create mode 100644 reports/b71_s5/down_2_43.png
 create mode 100644 reports/b71_s5/down_2_43_compare_2x.png
 create mode 100644 reports/b71_s5/down_2_43_crop.png
 create mode 100644 reports/b71_s5/down_3_169.png
 create mode 100644 reports/b71_s5/down_3_169_compare_2x.png
 create mode 100644 reports/b71_s5/down_3_169_crop.png
 create mode 100644 reports/b71_s5/down_3_43.png
 create mode 100644 reports/b71_s5/down_3_43_compare_2x.png
 create mode 100644 reports/b71_s5/down_3_43_crop.png
 create mode 100644 reports/b71_s5/down_4_169.png
 create mode 100644 reports/b71_s5/down_4_169_compare_2x.png
 create mode 100644 reports/b71_s5/down_4_169_crop.png
 create mode 100644 reports/b71_s5/down_4_43.png
 create mode 100644 reports/b71_s5/down_4_43_compare_2x.png
 create mode 100644 reports/b71_s5/down_4_43_crop.png
 create mode 100644 reports/b71_s5/flag_169.png
 create mode 100644 reports/b71_s5/flag_169_compare_2x.png
 create mode 100644 reports/b71_s5/flag_169_crop.png
 create mode 100644 reports/b71_s5/flag_43.png
 create mode 100644 reports/b71_s5/flag_43_compare_2x.png
 create mode 100644 reports/b71_s5/flag_43_crop.png
 create mode 100644 reports/b71_s5/fumble_169.png
 create mode 100644 reports/b71_s5/fumble_169_compare_2x.png
 create mode 100644 reports/b71_s5/fumble_169_crop.png
 create mode 100644 reports/b71_s5/fumble_43.png
 create mode 100644 reports/b71_s5/fumble_43_compare_2x.png
 create mode 100644 reports/b71_s5/fumble_43_crop.png
 create mode 100644 reports/b71_s5/goal_169.png
 create mode 100644 reports/b71_s5/goal_169_compare_2x.png
 create mode 100644 reports/b71_s5/goal_169_crop.png
 create mode 100644 reports/b71_s5/goal_43.png
 create mode 100644 reports/b71_s5/goal_43_compare_2x.png
 create mode 100644 reports/b71_s5/goal_43_crop.png
 create mode 100644 reports/b71_s5/hang_time_169.png
 create mode 100644 reports/b71_s5/hang_time_169_compare_2x.png
 create mode 100644 reports/b71_s5/hang_time_169_crop.png
 create mode 100644 reports/b71_s5/hang_time_43.png
 create mode 100644 reports/b71_s5/hang_time_43_compare_2x.png
 create mode 100644 reports/b71_s5/hang_time_43_crop.png
 create mode 100644 reports/b71_s5/hidden_play_clock_169.png
 create mode 100644 reports/b71_s5/hidden_play_clock_169_compare_2x.png
 create mode 100644 reports/b71_s5/hidden_play_clock_169_crop.png
 create mode 100644 reports/b71_s5/hidden_play_clock_43.png
 create mode 100644 reports/b71_s5/hidden_play_clock_43_compare_2x.png
 create mode 100644 reports/b71_s5/hidden_play_clock_43_crop.png
 create mode 100644 reports/b71_s5/hydrate_evidence.py
 create mode 100644 reports/b71_s5/inches_169.png
 create mode 100644 reports/b71_s5/inches_169_compare_2x.png
 create mode 100644 reports/b71_s5/inches_169_crop.png
 create mode 100644 reports/b71_s5/inches_43.png
 create mode 100644 reports/b71_s5/inches_43_compare_2x.png
 create mode 100644 reports/b71_s5/inches_43_crop.png
 create mode 100644 reports/b71_s5/measurements.json
 create mode 100644 reports/b71_s5/no_at_den_169.png
 create mode 100644 reports/b71_s5/no_at_den_169_compare_2x.png
 create mode 100644 reports/b71_s5/no_at_den_169_crop.png
 create mode 100644 reports/b71_s5/no_at_den_43.png
 create mode 100644 reports/b71_s5/no_at_den_43_compare_2x.png
 create mode 100644 reports/b71_s5/no_at_den_43_crop.png
 create mode 100644 reports/b71_s5/overtime_169.png
 create mode 100644 reports/b71_s5/overtime_169_compare_2x.png
 create mode 100644 reports/b71_s5/overtime_169_crop.png
 create mode 100644 reports/b71_s5/overtime_43.png
 create mode 100644 reports/b71_s5/overtime_43_compare_2x.png
 create mode 100644 reports/b71_s5/overtime_43_crop.png
 create mode 100644 reports/b71_s5/play_12_169.png
 create mode 100644 reports/b71_s5/play_12_169_compare_2x.png
 create mode 100644 reports/b71_s5/play_12_169_crop.png
 create mode 100644 reports/b71_s5/play_12_43.png
 create mode 100644 reports/b71_s5/play_12_43_compare_2x.png
 create mode 100644 reports/b71_s5/play_12_43_crop.png
 create mode 100644 reports/b71_s5/play_3_169.png
 create mode 100644 reports/b71_s5/play_3_169_compare_2x.png
 create mode 100644 reports/b71_s5/play_3_169_crop.png
 create mode 100644 reports/b71_s5/play_3_43.png
 create mode 100644 reports/b71_s5/play_3_43_compare_2x.png
 create mode 100644 reports/b71_s5/play_3_43_crop.png
 create mode 100644 reports/b71_s5/prove_atlas.py
 create mode 100644 reports/b71_s5/prove_previews.py
 create mode 100644 reports/b71_s5/prove_studio.py
 create mode 100644 reports/b71_s5/run_batch.py
 create mode 100644 reports/b71_s5/run_final_suites.py
 create mode 100644 reports/b71_s5/run_logged.py
 create mode 100644 reports/b71_s5/run_xbe_gates.py
 create mode 100644 reports/b71_s5/score_0_169.png
 create mode 100644 reports/b71_s5/score_0_169_compare_2x.png
 create mode 100644 reports/b71_s5/score_0_169_crop.png
 create mode 100644 reports/b71_s5/score_0_43.png
 create mode 100644 reports/b71_s5/score_0_43_compare_2x.png
 create mode 100644 reports/b71_s5/score_0_43_crop.png
 create mode 100644 reports/b71_s5/score_100_169.png
 create mode 100644 reports/b71_s5/score_100_169_compare_2x.png
 create mode 100644 reports/b71_s5/score_100_169_crop.png
 create mode 100644 reports/b71_s5/score_100_43.png
 create mode 100644 reports/b71_s5/score_100_43_compare_2x.png
 create mode 100644 reports/b71_s5/score_100_43_crop.png
 create mode 100644 reports/b71_s5/score_28_169.png
 create mode 100644 reports/b71_s5/score_28_169_compare_2x.png
 create mode 100644 reports/b71_s5/score_28_169_crop.png
 create mode 100644 reports/b71_s5/score_28_43.png
 create mode 100644 reports/b71_s5/score_28_43_compare_2x.png
 create mode 100644 reports/b71_s5/score_28_43_crop.png
 create mode 100644 reports/b71_s5/score_slabs_169.png
 create mode 100644 reports/b71_s5/score_slabs_169_compare_2x.png
 create mode 100644 reports/b71_s5/score_slabs_169_crop.png
 create mode 100644 reports/b71_s5/score_slabs_43.png
 create mode 100644 reports/b71_s5/score_slabs_43_compare_2x.png
 create mode 100644 reports/b71_s5/score_slabs_43_crop.png
 create mode 100644 reports/b71_s5/standard_169.png
 create mode 100644 reports/b71_s5/standard_169_compare_2x.png
 create mode 100644 reports/b71_s5/standard_169_crop.png
 create mode 100644 reports/b71_s5/standard_43.png
 create mode 100644 reports/b71_s5/standard_43_compare_2x.png
 create mode 100644 reports/b71_s5/standard_43_crop.png
 create mode 100644 reports/b71_s5/states.json
 create mode 100644 reports/b71_s5/states_contact_sheet.png
 create mode 100644 reports/b71_s5/studio-preview.json
 create mode 100644 reports/b71_s5/studio-preview.png
 create mode 100644 reports/b71_s5/timeouts_0_169.png
 create mode 100644 reports/b71_s5/timeouts_0_169_compare_2x.png
 create mode 100644 reports/b71_s5/timeouts_0_169_crop.png
 create mode 100644 reports/b71_s5/timeouts_0_43.png
 create mode 100644 reports/b71_s5/timeouts_0_43_compare_2x.png
 create mode 100644 reports/b71_s5/timeouts_0_43_crop.png
 create mode 100644 reports/b71_s5/timeouts_1_169.png
 create mode 100644 reports/b71_s5/timeouts_1_169_compare_2x.png
 create mode 100644 reports/b71_s5/timeouts_1_169_crop.png
 create mode 100644 reports/b71_s5/timeouts_1_43.png
 create mode 100644 reports/b71_s5/timeouts_1_43_compare_2x.png
 create mode 100644 reports/b71_s5/timeouts_1_43_crop.png
 create mode 100644 reports/b71_s5/timeouts_2_169.png
 create mode 100644 reports/b71_s5/timeouts_2_169_compare_2x.png
 create mode 100644 reports/b71_s5/timeouts_2_169_crop.png
 create mode 100644 reports/b71_s5/timeouts_2_43.png
 create mode 100644 reports/b71_s5/timeouts_2_43_compare_2x.png
 create mode 100644 reports/b71_s5/timeouts_2_43_crop.png
 create mode 100644 reports/b71_s5/timeouts_3_169.png
 create mode 100644 reports/b71_s5/timeouts_3_169_compare_2x.png
 create mode 100644 reports/b71_s5/timeouts_3_169_crop.png
 create mode 100644 reports/b71_s5/timeouts_3_43.png
 create mode 100644 reports/b71_s5/timeouts_3_43_compare_2x.png
 create mode 100644 reports/b71_s5/timeouts_3_43_crop.png
 create mode 100644 reports/b71_s5/volume.json
