{"name": "final-test_apf_scorebug_workspace_qt", "argv": ["python3", "tests/mod_editor/test_apf_scorebug_workspace_qt.py", "-v"], "start_utc": "2026-09-16T02:35:05.334521+00:00", "end_utc": "2026-09-16T02:35:06.751418+00:00", "seconds": 1.417, "exit_code": 0}
{"name": "final-test_nfl2k5_scorebar_rim", "argv": ["python3", "tests/mod_editor/test_nfl2k5_scorebar_rim.py", "-v"], "start_utc": "2026-09-16T02:35:05.335010+00:00", "end_utc": "2026-09-16T02:35:19.717032+00:00", "seconds": 14.382, "exit_code": 0}
{"name": "final-test_nfl2k5_scorebug_author", "argv": ["python3", "tests/mod_editor/test_nfl2k5_scorebug_author.py", "-v"], "start_utc": "2026-09-16T02:35:19.717364+00:00", "end_utc": "2026-09-16T02:35:26.429506+00:00", "seconds": 6.712, "exit_code": 0}
{"name": "final-test_nfl2k5_scorebar_v3", "argv": ["python3", "tests/mod_editor/test_nfl2k5_scorebar_v3.py", "-v"], "start_utc": "2026-09-16T02:35:05.335443+00:00", "end_utc": "2026-09-16T02:36:50.160369+00:00", "seconds": 104.825, "exit_code": 0}
{"name": "final-test_nfl2k5_scorebug_fonts", "argv": ["python3", "tests/mod_editor/test_nfl2k5_scorebug_fonts.py", "-v"], "start_utc": "2026-09-16T02:36:50.160640+00:00", "end_utc": "2026-09-16T02:36:59.627614+00:00", "seconds": 9.467, "exit_code": 0}
{"name": "final-test_nfl2k5_scorebug_exact", "argv": ["python3", "tests/mod_editor/test_nfl2k5_scorebug_exact.py", "-v"], "start_utc": "2026-09-16T02:35:26.429954+00:00", "end_utc": "2026-09-16T02:37:05.954853+00:00", "seconds": 99.525, "exit_code": 1}
{"name": "final-test_nfl2k5_scorebug_assets", "argv": ["python3", "tests/mod_editor/test_nfl2k5_scorebug_assets.py", "-v"], "start_utc": "2026-09-16T02:35:06.751790+00:00", "end_utc": "2026-09-16T02:37:38.419436+00:00", "seconds": 151.668, "exit_code": 0}
{"name": "final-test_nfl2k5_scorebug_ingame", "argv": ["python3", "tests/mod_editor/test_nfl2k5_scorebug_ingame.py", "-v"], "start_utc": "2026-09-16T02:37:38.419863+00:00", "end_utc": "2026-09-16T02:37:54.094441+00:00", "seconds": 15.675, "exit_code": 0}
{"name": "final-test_nfl2k5_scorebug_ingame_fix", "argv": ["python3", "tests/mod_editor/test_nfl2k5_scorebug_ingame_fix.py", "-v"], "start_utc": "2026-09-16T02:37:54.094734+00:00", "end_utc": "2026-09-16T02:40:05.531360+00:00", "seconds": 131.437, "exit_code": 0}
{"name": "final-test_nfl2k5_scorebug_mnf", "argv": ["python3", "tests/mod_editor/test_nfl2k5_scorebug_mnf.py", "-v"], "start_utc": "2026-09-16T02:40:05.531740+00:00", "end_utc": "2026-09-16T02:40:18.074445+00:00", "seconds": 12.543, "exit_code": 0}
{"name": "final-test_nfl2k5_scorebug_freeze", "argv": ["python3", "tests/mod_editor/test_nfl2k5_scorebug_freeze.py", "-v"], "start_utc": "2026-09-16T02:36:59.628175+00:00", "end_utc": "2026-09-16T02:41:08.950310+00:00", "seconds": 249.322, "exit_code": 0}
{"name": "final-test_nfl2k5_scorebug_mnf_v3", "argv": ["python3", "tests/mod_editor/test_nfl2k5_scorebug_mnf_v3.py", "-v"], "start_utc": "2026-09-16T02:40:18.074853+00:00", "end_utc": "2026-09-16T02:41:09.895391+00:00", "seconds": 51.821, "exit_code": 0}
{"name": "final-test_nfl2k5_scorebug_projection", "argv": ["python3", "tests/mod_editor/test_nfl2k5_scorebug_projection.py", "-v"], "start_utc": "2026-09-16T02:41:09.895960+00:00", "end_utc": "2026-09-16T02:42:07.620094+00:00", "seconds": 57.724, "exit_code": 0}
{"name": "final-test_nfl2k5_scorebug_freeze_v2", "argv": ["python3", "tests/mod_editor/test_nfl2k5_scorebug_freeze_v2.py", "-v"], "start_utc": "2026-09-16T02:37:05.955184+00:00", "end_utc": "2026-09-16T02:42:49.683097+00:00", "seconds": 343.728, "exit_code": 1}
{"name": "final-test_nfl2k5_scorebug_native", "argv": ["python3", "tests/mod_editor/test_nfl2k5_scorebug_native.py", "-v"], "start_utc": "2026-09-16T02:41:08.950639+00:00", "end_utc": "2026-09-16T02:43:23.884664+00:00", "seconds": 134.934, "exit_code": 0}
{"name": "final-test_nfl2k5_scorebug_source_art", "argv": ["python3", "tests/mod_editor/test_nfl2k5_scorebug_source_art.py", "-v"], "start_utc": "2026-09-16T02:43:23.885148+00:00", "end_utc": "2026-09-16T02:43:24.350091+00:00", "seconds": 0.465, "exit_code": 0}
{"name": "final-test_nfl2k5_scorebug_runtime", "argv": ["python3", "tests/mod_editor/test_nfl2k5_scorebug_runtime.py", "-v"], "start_utc": "2026-09-16T02:42:49.683494+00:00", "end_utc": "2026-09-16T02:44:51.275622+00:00", "seconds": 121.592, "exit_code": 0}
{"name": "final-test_nfl2k5_scorebug_sprite", "argv": ["python3", "tests/mod_editor/test_nfl2k5_scorebug_sprite.py", "-v"], "start_utc": "2026-09-16T02:43:24.350448+00:00", "end_utc": "2026-09-16T02:44:52.827478+00:00", "seconds": 88.477, "exit_code": 0}
{"name": "final-test_nfl2k5_scorebug_template_release", "argv": ["python3", "tests/mod_editor/test_nfl2k5_scorebug_template_release.py", "-v"], "start_utc": "2026-09-16T02:44:52.827941+00:00", "end_utc": "2026-09-16T02:44:53.302851+00:00", "seconds": 0.475, "exit_code": 1}
{"name": "final-test_nfl2k5_scorebug_unified_adapter", "argv": ["python3", "tests/mod_editor/test_nfl2k5_scorebug_unified_adapter.py", "-v"], "start_utc": "2026-09-16T02:44:53.303343+00:00", "end_utc": "2026-09-16T02:44:53.483573+00:00", "seconds": 0.18, "exit_code": 0}
{"name": "final-test_nfl2k5_scorebug_template", "argv": ["python3", "tests/mod_editor/test_nfl2k5_scorebug_template.py", "-v"], "start_utc": "2026-09-16T02:44:51.275972+00:00", "end_utc": "2026-09-16T02:45:01.300117+00:00", "seconds": 10.024, "exit_code": 0}
{"name": "final-test_nfl2k5_scorebug_v10_ingame", "argv": ["python3", "tests/mod_editor/test_nfl2k5_scorebug_v10_ingame.py", "-v"], "start_utc": "2026-09-16T02:44:53.483966+00:00", "end_utc": "2026-09-16T02:45:02.780563+00:00", "seconds": 9.297, "exit_code": 0}
{"name": "final-test_nfl2k5_scorebug_versions", "argv": ["python3", "tests/mod_editor/test_nfl2k5_scorebug_versions.py", "-v"], "start_utc": "2026-09-16T02:45:02.780955+00:00", "end_utc": "2026-09-16T02:45:12.617175+00:00", "seconds": 9.836, "exit_code": 0}
{"name": "final-test_scorebug_sprite_preview_qt", "argv": ["python3", "tests/mod_editor/test_scorebug_sprite_preview_qt.py", "-v"], "start_utc": "2026-09-16T02:45:12.617549+00:00", "end_utc": "2026-09-16T02:45:25.122327+00:00", "seconds": 12.505, "exit_code": 0}
{"name": "final-test_nfl2k5_scorebug_v10_projection", "argv": ["python3", "tests/mod_editor/test_nfl2k5_scorebug_v10_projection.py", "-v"], "start_utc": "2026-09-16T02:45:01.300429+00:00", "end_utc": "2026-09-16T02:45:31.342280+00:00", "seconds": 30.042, "exit_code": 0}
{"name": "final-test_scorebug_studio_panel_qt", "argv": ["python3", "tests/mod_editor/test_scorebug_studio_panel_qt.py", "-v"], "start_utc": "2026-09-16T02:45:25.122744+00:00", "end_utc": "2026-09-16T02:45:32.618900+00:00", "seconds": 7.496, "exit_code": 0}
{"name": "final-nfl2k5_scorebug_layout_test", "argv": ["python3", "tests/nfl2k5_scorebug_layout_test.py", "-v"], "start_utc": "2026-09-16T02:45:31.342725+00:00", "end_utc": "2026-09-16T02:45:32.808028+00:00", "seconds": 1.465, "exit_code": 0}
{"name": "final-test_provider_integrity", "argv": ["python3", "tests/mod_editor/test_provider_integrity.py", "-v"], "start_utc": "2026-09-16T02:45:32.808461+00:00", "end_utc": "2026-09-16T02:45:33.016178+00:00", "seconds": 0.208, "exit_code": 5}
{"name": "final-test_product_catalog", "argv": ["python3", "tests/mod_editor/test_product_catalog.py", "-v"], "start_utc": "2026-09-16T02:45:33.016619+00:00", "end_utc": "2026-09-16T02:45:33.149717+00:00", "seconds": 0.133, "exit_code": 5}
{"name": "final-nfl2k5_scorebug_mod_project_test", "argv": ["python3", "tests/nfl2k5_scorebug_mod_project_test.py", "-v"], "start_utc": "2026-09-16T02:45:32.619299+00:00", "end_utc": "2026-09-16T02:45:33.979937+00:00", "seconds": 1.361, "exit_code": 0}
{"name": "final-test_phase1_packaging", "argv": ["python3", "tests/mod_editor/test_phase1_packaging.py", "-v"], "start_utc": "2026-09-16T02:45:33.150107+00:00", "end_utc": "2026-09-16T02:45:35.362926+00:00", "seconds": 2.213, "exit_code": 0}
{"name": "final-test_mod_build", "argv": ["python3", "tests/mod_editor/test_mod_build.py", "-v"], "start_utc": "2026-09-16T02:45:33.980367+00:00", "end_utc": "2026-09-16T02:45:35.847579+00:00", "seconds": 1.867, "exit_code": 0}
{"name": "final-test_build_panel_qt", "argv": ["python3", "tests/mod_editor/test_build_panel_qt.py", "-v"], "start_utc": "2026-09-16T02:45:35.363245+00:00", "end_utc": "2026-09-16T02:45:38.237017+00:00", "seconds": 2.874, "exit_code": 0}
{"name": "final-test_nfl2k5_xbe_space", "argv": ["python3", "tests/mod_editor/test_nfl2k5_xbe_space.py", "-v"], "start_utc": "2026-09-16T02:45:38.237320+00:00", "end_utc": "2026-09-16T02:46:13.462770+00:00", "seconds": 35.225, "exit_code": 0}
{"name": "final-test_nfl2k5_scorebug_resources", "argv": ["python3", "tests/mod_editor/test_nfl2k5_scorebug_resources.py", "-v"], "start_utc": "2026-09-16T02:42:07.620519+00:00", "end_utc": "2026-09-16T02:47:41.010012+00:00", "seconds": 333.39, "exit_code": 1}
{"name": "final-test_nfl2k5_allocator_scaleout", "argv": ["python3", "tests/mod_editor/test_nfl2k5_allocator_scaleout.py", "-v"], "start_utc": "2026-09-16T02:45:35.847953+00:00", "end_utc": "2026-09-16T02:59:22.337294+00:00", "seconds": 826.489, "exit_code": 1}
{"name": "registry-strict", "argv": ["python3", "-m", "mod_editor.capabilities.validate_registry"], "start_utc": "2026-09-16T02:59:22.338017+00:00", "end_utc": "2026-09-16T02:59:22.489871+00:00", "seconds": 0.152, "exit_code": 0}
