standard 43 8.43 []
no_at_den 43 2.96 []
score_0 43 2.98 []
score_28 43 2.95 []
score_100 43 2.99 []
clock_007 43 2.95 []
play_12 43 3.02 []
play_3 43 2.96 []
down_1 43 3.0 []
down_2 43 2.98 []
down_3 43 3.07 []
down_4 43 3.03 []
overtime 43 3.11 []
inches 43 3.22 []
timeouts_0 43 3.19 []
timeouts_1 43 3.19 []
timeouts_2 43 3.02 []
timeouts_3 43 3.08 []
flag 43 3.71 [{'text': 'FLAG', 'font': 'font4', 'quads': 4}]
fumble 43 3.67 [{'text': 'FUMBLE', 'font': 'font4', 'quads': 6}]
hang_time 43 3.09 [{'text': 'Hangtime: 0.0', 'font': 'font4', 'quads': 12}]
ball_on 43 3.05 [{'text': 'Ball at Midfield', 'font': 'font4', 'quads': 14}]
score_slabs 43 3.07 []
hidden_play_clock 43 3.03 []
standard 169 8.12 []
no_at_den 169 2.95 []
score_0 169 2.99 []
score_28 169 2.99 []
score_100 169 2.97 []
clock_007 169 2.92 []
play_12 169 2.96 []
play_3 169 2.98 []
down_1 169 2.94 []
down_2 169 2.95 []
down_3 169 2.94 []
down_4 169 2.89 []
overtime 169 2.89 []
inches 169 2.92 []
timeouts_0 169 2.88 []
timeouts_1 169 2.88 []
timeouts_2 169 2.91 []
timeouts_3 169 2.89 []
flag 169 3.64 [{'text': 'FLAG', 'font': 'font4', 'quads': 4}]
fumble 169 3.53 [{'text': 'FUMBLE', 'font': 'font4', 'quads': 6}]
hang_time 169 2.94 [{'text': 'Hangtime: 0.0', 'font': 'font4', 'quads': 12}]
ball_on 169 2.92 [{'text': 'Ball at Midfield', 'font': 'font4', 'quads': 14}]
score_slabs 169 3.0 []
hidden_play_clock 169 2.92 []
BOUNDARY_FAILURES []
