standard 43 8.14 []
no_at_den 43 3.0 []
score_0 43 3.01 []
score_28 43 2.97 []
score_100 43 3.04 []
clock_007 43 2.94 []
play_12 43 2.98 []
play_3 43 2.94 []
down_1 43 2.99 []
down_2 43 2.98 []
down_3 43 3.05 []
down_4 43 2.95 []
overtime 43 2.96 []
inches 43 2.97 []
goal 43 3.0 []
timeouts_0 43 2.95 []
timeouts_1 43 3.12 []
timeouts_2 43 3.21 []
timeouts_3 43 3.14 []
flag 43 3.76 [{'text': 'FLAG', 'font': 'font4', 'quads': 4}]
fumble 43 3.75 [{'text': 'FUMBLE', 'font': 'font4', 'quads': 6}]
hang_time 43 3.12 [{'text': 'Hangtime: 0.0', 'font': 'font4', 'quads': 12}]
ball_on 43 3.08 [{'text': 'Ball at Midfield', 'font': 'font4', 'quads': 14}]
score_slabs 43 3.11 []
hidden_play_clock 43 3.09 []
standard 169 8.39 []
no_at_den 169 2.95 []
score_0 169 3.01 []
score_28 169 3.01 []
score_100 169 3.05 []
clock_007 169 3.02 []
play_12 169 3.16 []
play_3 169 2.97 []
down_1 169 2.96 []
down_2 169 3.02 []
down_3 169 3.0 []
down_4 169 2.97 []
overtime 169 2.96 []
inches 169 3.05 []
goal 169 3.0 []
timeouts_0 169 3.05 []
timeouts_1 169 3.0 []
timeouts_2 169 3.01 []
timeouts_3 169 3.04 []
flag 169 3.7 [{'text': 'FLAG', 'font': 'font4', 'quads': 4}]
fumble 169 3.7 [{'text': 'FUMBLE', 'font': 'font4', 'quads': 6}]
hang_time 169 3.03 [{'text': 'Hangtime: 0.0', 'font': 'font4', 'quads': 12}]
ball_on 169 2.95 [{'text': 'Ball at Midfield', 'font': 'font4', 'quads': 14}]
score_slabs 169 2.99 []
hidden_play_clock 169 2.96 []
BOUNDARY_FAILURES []
