standard 43 8.04 []
no_at_den 43 2.92 []
score_0 43 3.01 []
score_28 43 3.01 []
score_100 43 3.05 []
clock_007 43 2.94 []
play_12 43 3.0 []
play_3 43 2.95 []
down_1 43 3.0 []
down_2 43 2.98 []
down_3 43 2.99 []
down_4 43 3.01 []
overtime 43 3.04 []
inches 43 3.03 []
goal 43 3.03 []
timeouts_0 43 2.98 []
timeouts_1 43 2.97 []
timeouts_2 43 2.97 []
timeouts_3 43 2.98 []
flag 43 3.71 [{'text': 'FLAG', 'font': 'font4', 'quads': 4}]
fumble 43 3.73 [{'text': 'FUMBLE', 'font': 'font4', 'quads': 6}]
hang_time 43 3.05 [{'text': 'Hangtime: 0.0', 'font': 'font4', 'quads': 12}]
ball_on 43 2.98 [{'text': 'Ball at Midfield', 'font': 'font4', 'quads': 14}]
score_slabs 43 3.02 []
hidden_play_clock 43 3.01 []
standard 169 8.0 []
no_at_den 169 2.92 []
score_0 169 2.94 []
score_28 169 2.89 []
score_100 169 2.94 []
clock_007 169 2.94 []
play_12 169 2.97 []
play_3 169 2.99 []
down_1 169 2.97 []
down_2 169 2.99 []
down_3 169 3.21 []
down_4 169 2.96 []
overtime 169 2.95 []
inches 169 2.93 []
goal 169 2.95 []
timeouts_0 169 2.97 []
timeouts_1 169 2.9 []
timeouts_2 169 2.93 []
timeouts_3 169 2.94 []
flag 169 3.63 [{'text': 'FLAG', 'font': 'font4', 'quads': 4}]
fumble 169 3.56 [{'text': 'FUMBLE', 'font': 'font4', 'quads': 6}]
hang_time 169 2.96 [{'text': 'Hangtime: 0.0', 'font': 'font4', 'quads': 12}]
ball_on 169 2.93 [{'text': 'Ball at Midfield', 'font': 'font4', 'quads': 14}]
score_slabs 169 2.93 []
hidden_play_clock 169 2.92 []
BOUNDARY_FAILURES []
