[1] mod_editor/core/providers.py: mod_editor/core/mod_build.py
    29504a798c6966c2eefb8641f608140c9ed33d4ce79f6d3dfaa12a73714248cc
 -> 159c4512df109090f50a9efb22f9b45edf938724d67aca8ddbb9322d73a3689b
[1] mod_editor/core/providers.py: mod_editor/core/nfl2k5_scorebug_ingame.py
    cc8699a8555492a9977728a5b1befbe02611e665ac6a2115547ef707ac9b13c3
 -> e9059d7dfe4e425f76ac1e43d8fc302871a1ae22de7ce139fdcb3ceeb43a2321
[1] mod_editor/core/providers.py: mod_editor/core/nfl2k5_scorebug_resources.py
    3ce353fc6e10c5eaddf2c03cf4cd99de13610f6d4b285554fb2158d2c495fcad
 -> be9e9ee3470fe3f8e611863ba49334fde8e9d5d0eff111f73386705479e39be0
[1] mod_editor/core/providers.py: mod_editor/core/nfl2k5_scorebug_sprite.py
    b562649d8e14c40514f0be1293b123545c7cc9772744a307bc151b9b54045442
 -> c1485e710d1b870638f9d29d649ee8dade50e0db4ab8906fb5a7fc48f63fd724
[1] mod_editor/core/providers.py: tools/nfl2k5_scorebug_projection.py
    bb35899f48905d04c18a92918698f62569d9d8e67d17bc5eb78dcdae99abef1c
 -> f3d1c0e1a9c5d51bf7713f0e3a5eb2775799b3b56fe88fb348189fcbc475e032
[1] mod_editor/core/providers.py: mod_editor/core/nfl2k5_scorebug_runtime.py
    b5f8df09c543eed8786dcafa80b30e6eb731e69e3bba90dd44e4fc2ae1dd035c
 -> 2410091eb0e06d7245d1b2d28058fb142c379d69731d0214582bd15f34656a70
[1] mod_editor/core/providers.py: mod_editor/core/nfl2k5_xbe_space.py
    f146c8ff8c5fdbb8da4db9a3acfe6102f1fff713e659158a0bc69b86481ea2c6
 -> 091d540327358361cbfe6beaa274acaca2cf93e4244ee5db719d976c2e887218
[1] packaging/check_2k5_mod_studio_runtime.py: mod_editor/gui/studio_qt.py
    6233a90611431c29ec899c91f52f0169c7b6defc832ec40a6ffc172beb6d46dd
 -> ec5d46bc2737d50f453d0957947647ffb108df2599cf6704ac3219cbc2a8bda8
[1] packaging/check_2k5_mod_studio_runtime.py: mod_editor/gui/build_panel_qt.py
    2c4807fcc8ff80bc3b6c67b1deee0923851e158bdb70bd2abde40e086d47b1bf
 -> 7c4ba55055dc80607f0f8245be3982a4d131ce026101b274835ef8ceba2a21b4

applied 9 pin update(s)
