[
  {
    "helper": false,
    "items": 24,
    "seconds": 30.069609815998774,
    "preflight_rows": [
      24,
      24
    ],
    "full_project_preflights": 2,
    "outcome": "fit",
    "message": "Equipment 00H0 / socks00 fitted at 32 x 32, 256 colours; 4,089 bytes encoded. Fine detail and shades may change. Undo restores the original artwork."
  },
  {
    "helper": true,
    "items": 24,
    "seconds": 29.647241937000217,
    "preflight_rows": [
      24,
      24
    ],
    "full_project_preflights": 2,
    "outcome": "fit",
    "message": "Equipment 00H0 / socks00 fitted at 32 x 32, 256 colours; 4,089 bytes encoded. Fine detail and shades may change. Undo restores the original artwork."
  }
]
