{"name": "final-test_apf_scorebug_workspace_qt", "argv": ["python3", "tests/mod_editor/test_apf_scorebug_workspace_qt.py", "-v"], "start_utc": "2026-09-17T00:12:57.310867+00:00", "end_utc": "2026-09-17T00:12:58.714541+00:00", "seconds": 1.404, "exit_code": 0}
{"name": "final-test_nfl2k5_scorebar_rim", "argv": ["python3", "tests/mod_editor/test_nfl2k5_scorebar_rim.py", "-v"], "start_utc": "2026-09-17T00:12:57.311402+00:00", "end_utc": "2026-09-17T00:13:11.065143+00:00", "seconds": 13.754, "exit_code": 0}
{"name": "final-test_nfl2k5_scorebug_author", "argv": ["python3", "tests/mod_editor/test_nfl2k5_scorebug_author.py", "-v"], "start_utc": "2026-09-17T00:13:11.065448+00:00", "end_utc": "2026-09-17T00:13:17.390728+00:00", "seconds": 6.325, "exit_code": 0}
{"name": "final-test_nfl2k5_scorebug_down_visibility", "argv": ["python3", "tests/mod_editor/test_nfl2k5_scorebug_down_visibility.py", "-v"], "start_utc": "2026-09-17T00:13:17.391122+00:00", "end_utc": "2026-09-17T00:13:53.498513+00:00", "seconds": 36.107, "exit_code": 1}
{"name": "final-test_nfl2k5_scorebug_draw_order", "argv": ["python3", "tests/mod_editor/test_nfl2k5_scorebug_draw_order.py", "-v"], "start_utc": "2026-09-17T00:13:53.498820+00:00", "end_utc": "2026-09-17T00:14:19.386481+00:00", "seconds": 25.888, "exit_code": 0}
{"name": "final-test_nfl2k5_scorebar_v3", "argv": ["python3", "tests/mod_editor/test_nfl2k5_scorebar_v3.py", "-v"], "start_utc": "2026-09-17T00:12:57.311965+00:00", "end_utc": "2026-09-17T00:14:35.503314+00:00", "seconds": 98.191, "exit_code": 0}
{"name": "final-test_nfl2k5_scorebug_fonts", "argv": ["python3", "tests/mod_editor/test_nfl2k5_scorebug_fonts.py", "-v"], "start_utc": "2026-09-17T00:14:35.503606+00:00", "end_utc": "2026-09-17T00:14:44.091100+00:00", "seconds": 8.588, "exit_code": 0}
{"name": "final-test_nfl2k5_scorebug_assets", "argv": ["python3", "tests/mod_editor/test_nfl2k5_scorebug_assets.py", "-v"], "start_utc": "2026-09-17T00:12:58.714986+00:00", "end_utc": "2026-09-17T00:15:27.400379+00:00", "seconds": 148.685, "exit_code": 0}
{"name": "final-test_nfl2k5_scorebug_exact", "argv": ["python3", "tests/mod_editor/test_nfl2k5_scorebug_exact.py", "-v"], "start_utc": "2026-09-17T00:14:19.386803+00:00", "end_utc": "2026-09-17T00:15:43.982257+00:00", "seconds": 84.595, "exit_code": 0}
{"name": "final-test_nfl2k5_scorebug_ingame", "argv": ["python3", "tests/mod_editor/test_nfl2k5_scorebug_ingame.py", "-v"], "start_utc": "2026-09-17T00:15:43.982542+00:00", "end_utc": "2026-09-17T00:15:58.680330+00:00", "seconds": 14.698, "exit_code": 0}
{"name": "final-test_nfl2k5_scorebug_ingame_fix", "argv": ["python3", "tests/mod_editor/test_nfl2k5_scorebug_ingame_fix.py", "-v"], "start_utc": "2026-09-17T00:15:58.680783+00:00", "end_utc": "2026-09-17T00:18:05.991847+00:00", "seconds": 127.311, "exit_code": 0}
{"name": "final-test_nfl2k5_scorebug_mnf", "argv": ["python3", "tests/mod_editor/test_nfl2k5_scorebug_mnf.py", "-v"], "start_utc": "2026-09-17T00:18:05.992256+00:00", "end_utc": "2026-09-17T00:18:17.961166+00:00", "seconds": 11.969, "exit_code": 0}
{"name": "final-test_nfl2k5_scorebug_freeze", "argv": ["python3", "tests/mod_editor/test_nfl2k5_scorebug_freeze.py", "-v"], "start_utc": "2026-09-17T00:14:44.091381+00:00", "end_utc": "2026-09-17T00:18:47.127828+00:00", "seconds": 243.036, "exit_code": 0}
{"name": "final-test_nfl2k5_scorebug_mnf_v3", "argv": ["python3", "tests/mod_editor/test_nfl2k5_scorebug_mnf_v3.py", "-v"], "start_utc": "2026-09-17T00:18:17.961418+00:00", "end_utc": "2026-09-17T00:19:06.892744+00:00", "seconds": 48.931, "exit_code": 0}
{"name": "final-test_nfl2k5_scorebug_projection", "argv": ["python3", "tests/mod_editor/test_nfl2k5_scorebug_projection.py", "-v"], "start_utc": "2026-09-17T00:19:06.893029+00:00", "end_utc": "2026-09-17T00:20:03.433472+00:00", "seconds": 56.54, "exit_code": 0}
{"name": "final-test_nfl2k5_scorebug_freeze_v2", "argv": ["python3", "tests/mod_editor/test_nfl2k5_scorebug_freeze_v2.py", "-v"], "start_utc": "2026-09-17T00:15:27.400701+00:00", "end_utc": "2026-09-17T00:20:54.335519+00:00", "seconds": 326.935, "exit_code": 0}
{"name": "final-test_nfl2k5_scorebug_native", "argv": ["python3", "tests/mod_editor/test_nfl2k5_scorebug_native.py", "-v"], "start_utc": "2026-09-17T00:18:47.128117+00:00", "end_utc": "2026-09-17T00:20:59.430165+00:00", "seconds": 132.302, "exit_code": 0}
{"name": "final-test_nfl2k5_scorebug_source_art", "argv": ["python3", "tests/mod_editor/test_nfl2k5_scorebug_source_art.py", "-v"], "start_utc": "2026-09-17T00:20:59.430645+00:00", "end_utc": "2026-09-17T00:20:59.897405+00:00", "seconds": 0.467, "exit_code": 0}
{"name": "final-test_nfl2k5_scorebug_sprite", "argv": ["python3", "tests/mod_editor/test_nfl2k5_scorebug_sprite.py", "-v"], "start_utc": "2026-09-17T00:20:59.897774+00:00", "end_utc": "2026-09-17T00:22:35.404465+00:00", "seconds": 95.507, "exit_code": 0}
{"name": "final-test_nfl2k5_scorebug_template", "argv": ["python3", "tests/mod_editor/test_nfl2k5_scorebug_template.py", "-v"], "start_utc": "2026-09-17T00:22:35.404844+00:00", "end_utc": "2026-09-17T00:22:45.234095+00:00", "seconds": 9.829, "exit_code": 0}
{"name": "final-test_nfl2k5_scorebug_template_release", "argv": ["python3", "tests/mod_editor/test_nfl2k5_scorebug_template_release.py", "-v"], "start_utc": "2026-09-17T00:22:45.234509+00:00", "end_utc": "2026-09-17T00:22:45.790781+00:00", "seconds": 0.556, "exit_code": 0}
{"name": "final-test_nfl2k5_scorebug_unified_adapter", "argv": ["python3", "tests/mod_editor/test_nfl2k5_scorebug_unified_adapter.py", "-v"], "start_utc": "2026-09-17T00:22:45.791046+00:00", "end_utc": "2026-09-17T00:22:45.959131+00:00", "seconds": 0.168, "exit_code": 0}
{"name": "final-test_nfl2k5_scorebug_v10_ingame", "argv": ["python3", "tests/mod_editor/test_nfl2k5_scorebug_v10_ingame.py", "-v"], "start_utc": "2026-09-17T00:22:45.959504+00:00", "end_utc": "2026-09-17T00:22:55.178220+00:00", "seconds": 9.219, "exit_code": 0}
{"name": "final-test_nfl2k5_scorebug_runtime", "argv": ["python3", "tests/mod_editor/test_nfl2k5_scorebug_runtime.py", "-v"], "start_utc": "2026-09-17T00:20:54.335895+00:00", "end_utc": "2026-09-17T00:22:55.905062+00:00", "seconds": 121.569, "exit_code": 0}
{"name": "final-test_nfl2k5_scorebug_versions", "argv": ["python3", "tests/mod_editor/test_nfl2k5_scorebug_versions.py", "-v"], "start_utc": "2026-09-17T00:22:55.905388+00:00", "end_utc": "2026-09-17T00:23:05.661900+00:00", "seconds": 9.757, "exit_code": 0}
{"name": "final-test_nfl2k5_scorebug_v10_projection", "argv": ["python3", "tests/mod_editor/test_nfl2k5_scorebug_v10_projection.py", "-v"], "start_utc": "2026-09-17T00:22:55.178588+00:00", "end_utc": "2026-09-17T00:23:24.715020+00:00", "seconds": 29.536, "exit_code": 0}
{"name": "final-test_scorebug_sprite_preview_qt", "argv": ["python3", "tests/mod_editor/test_scorebug_sprite_preview_qt.py", "-v"], "start_utc": "2026-09-17T00:23:05.662234+00:00", "end_utc": "2026-09-17T00:23:28.802567+00:00", "seconds": 23.14, "exit_code": 0}
{"name": "final-nfl2k5_scorebug_layout_test", "argv": ["python3", "tests/nfl2k5_scorebug_layout_test.py", "-v"], "start_utc": "2026-09-17T00:23:28.802991+00:00", "end_utc": "2026-09-17T00:23:30.252634+00:00", "seconds": 1.45, "exit_code": 0}
{"name": "final-nfl2k5_scorebug_mod_project_test", "argv": ["python3", "tests/nfl2k5_scorebug_mod_project_test.py", "-v"], "start_utc": "2026-09-17T00:23:30.252964+00:00", "end_utc": "2026-09-17T00:23:31.641894+00:00", "seconds": 1.389, "exit_code": 0}
{"name": "final-test_scorebug_studio_panel_qt", "argv": ["python3", "tests/mod_editor/test_scorebug_studio_panel_qt.py", "-v"], "start_utc": "2026-09-17T00:23:24.715385+00:00", "end_utc": "2026-09-17T00:23:32.160231+00:00", "seconds": 7.445, "exit_code": 0}
{"name": "final-test_product_catalog", "argv": ["python3", "tests/mod_editor/test_product_catalog.py", "-v"], "start_utc": "2026-09-17T00:23:32.160621+00:00", "end_utc": "2026-09-17T00:23:32.323623+00:00", "seconds": 0.163, "exit_code": 0}
{"name": "final-test_phase1_packaging", "argv": ["python3", "tests/mod_editor/test_phase1_packaging.py", "-v"], "start_utc": "2026-09-17T00:23:32.324015+00:00", "end_utc": "2026-09-17T00:23:34.501463+00:00", "seconds": 2.177, "exit_code": 0}
{"name": "final-test_mod_build", "argv": ["python3", "tests/mod_editor/test_mod_build.py", "-v"], "start_utc": "2026-09-17T00:23:34.501918+00:00", "end_utc": "2026-09-17T00:23:36.766567+00:00", "seconds": 2.265, "exit_code": 0}
{"name": "final-test_build_panel_qt", "argv": ["python3", "tests/mod_editor/test_build_panel_qt.py", "-v"], "start_utc": "2026-09-17T00:23:36.766978+00:00", "end_utc": "2026-09-17T00:23:40.215972+00:00", "seconds": 3.449, "exit_code": 0}
{"name": "final-test_provider_integrity", "argv": ["python3", "tests/mod_editor/test_provider_integrity.py", "-v"], "start_utc": "2026-09-17T00:23:31.642412+00:00", "end_utc": "2026-09-17T00:23:42.093468+00:00", "seconds": 10.451, "exit_code": 0}
{"name": "final-test_nfl2k5_xbe_space", "argv": ["python3", "tests/mod_editor/test_nfl2k5_xbe_space.py", "-v"], "start_utc": "2026-09-17T00:23:42.094217+00:00", "end_utc": "2026-09-17T00:24:16.712796+00:00", "seconds": 34.619, "exit_code": 0}
{"name": "final-test_nfl2k5_scorebug_resources", "argv": ["python3", "tests/mod_editor/test_nfl2k5_scorebug_resources.py", "-v"], "start_utc": "2026-09-17T00:20:03.433866+00:00", "end_utc": "2026-09-17T00:25:02.035905+00:00", "seconds": 298.602, "exit_code": 0}
{"name": "final-test_nfl2k5_allocator_scaleout", "argv": ["python3", "tests/mod_editor/test_nfl2k5_allocator_scaleout.py", "-v"], "start_utc": "2026-09-17T00:23:40.216236+00:00", "end_utc": "2026-09-17T00:37:25.112515+00:00", "seconds": 824.896, "exit_code": 0}
{"name": "registry-strict", "argv": ["python3", "-m", "mod_editor.capabilities.validate_registry"], "start_utc": "2026-09-17T00:37:25.113317+00:00", "end_utc": "2026-09-17T00:37:25.270516+00:00", "seconds": 0.157, "exit_code": 0}
