0xfc1b1 mov dword ptr [0xba2f14], 0
0xfc330 mov dword ptr [0xba2f14], 1
0xfc340 mov dword ptr [0xba2f14], 0
0xfc3b7 mov esi, 0xa95a04
0xfc68b cmp esi, 0xa959d0
0xfc739 mov dword ptr [ecx + 0xa95a14], 1
0xfc743 mov dword ptr [ecx + 0xa95a18], 0
0xfc74d mov dword ptr [ecx + 0xa95a1c], eax
0xfcacc mov dword ptr [0xa95b50], edx
0xfcb0e fld dword ptr [0xa95c34]
0xfcb14 mov dword ptr [0xa95ae0], 1
0xfcb1e fcomp dword ptr [0xa95c24]
0xfcb2b mov dword ptr [0xa95ae0], edi
0xfcb31 fld dword ptr [0xa95b54]
0xfcb37 mov dword ptr [0xa95a00], edi
0xfcb3d fcomp dword ptr [0xa95b44]
0xfcb54 mov dword ptr [0xa95a70], 1
0xfcb60 mov dword ptr [0xa95a70], edi
0xfcb67 mov dword ptr [0xa95bc0], edi
0xfcb8d fld dword ptr [0xa95b54]
0xfcb98 fcomp dword ptr [0xa95b44]
0xfcba4 mov dword ptr [0xa95ae0], edi
0xfcbaa mov dword ptr [0xa95a00], ecx
0xfcbc0 mov dword ptr [0xa95a70], ecx
0xfcbc8 mov dword ptr [0xa95a70], edi
0xfcbd0 mov dword ptr [0xa95bc0], ecx
0xfcbdd fld dword ptr [0xa95b54]
0xfcbe9 fcomp dword ptr [0xa95b44]
0xfcbef mov dword ptr [0xa95ae0], edi
0xfcc00 fld dword ptr [0xa95c34]
0xfcc06 fcomp dword ptr [0xa95c24]
0xfcc1d cmp dword ptr [0xba2f14], edi
0xfcc28 mov dword ptr [0xa95a00], esi
0xfcc40 mov dword ptr [0xa95bc0], esi
0xfcc48 mov dword ptr [0xa95a00], edi
0xfcc53 mov dword ptr [0xa95bc0], edi
0xfcc5e fld dword ptr [0xa95b54]
0xfcc64 fcomp dword ptr [0xa95b44]
0xfcc77 mov dword ptr [0xa95c30], esi
0xfcc7f mov dword ptr [0xa95c30], edi
0xfcc85 fld dword ptr [0xa95b54]
0xfcc8b fcomp dword ptr [0xa95b44]
0xfcca6 mov dword ptr [0xa95a70], esi
0xfccae mov dword ptr [0xa95a70], edi
0xfccbd mov dword ptr [0xa95bc0], esi
0xfcd16 mov edi, 0xa959c4
0xfce2a cmp esi, 0xa959cc
0xfcecc mov ecx, 0xa95a18
0xfd164 mov edi, 0xa95a20
0xfd1ee movaps xmm0, xmmword ptr [eax + 0xa959e0]
0xfd1fa fld dword ptr [eax + 0xa95a04]
0xfd200 mov ecx, dword ptr [eax + 0xa959c8]
0xfd211 lea eax, [eax + 0xa959c8]
0xfd2b8 mov eax, dword ptr [esi + 0xa959fc]
0xfd40a cmp esi, 0xa959e8
RAW_REFERENCE 0xa95a00 ['0xfcb39', '0xfcbac', '0xfcc2a', '0xfcc4a']
RAW_REFERENCE 0xa95ae0 ['0xfcb16', '0xfcb2d', '0xfcba6', '0xfcbf1']
RAW_REFERENCE 0xa95b50 ['0xfcace']
RAW_REFERENCE 0xa95bc0 ['0xfcb69', '0xfcbd2', '0xfcc42', '0xfcc55', '0xfccbf']
RAW_REFERENCE 0xa95c30 ['0xfcc79', '0xfcc81']
RAW_REFERENCE 0xba2f14 ['0xfc1b3', '0xfc332', '0xfc342', '0xfcc1f']
CALLER 0x9f4ba jmp 0xfc340
CALLER 0xa09f7 jmp 0xfc330
CALLER 0xfca45 call 0xfc700
[Full raw record dumps omitted; named semantic fields are retained by the final writer census.]
