0xfca87 mov esi, dword ptr [0xe602b4]
0xfca8d cmp esi, edi
0xfca8f je 0xfcbea
0xfca95 push ebx
0xfca96 push ebp
0xfca97 mov ebp, 0xa95bb0
0xfca9c mov ebx, dword ptr [0xe602ec]
0xfcaa2 xor edx, edx
0xfcaa4 cmp dword ptr [ebx + 0x160], edi
0xfcaaa jne 0xfcabc
0xfcaac cmp dword ptr [ebx + 0x98], edi
0xfcab2 je 0xfcabd
0xfcab4 cmp ebx, 0xffffff70
0xfcaba je 0xfcabd
0xfcabc inc edx
0xfcabd mov eax, dword ptr [0xe60280]
0xfcac2 cmp eax, edi
0xfcac4 mov ecx, dword ptr [0xe602b8]
0xfcaca mov dword ptr [ebp - 0x60], edx
0xfcacd je 0xfcb4a
0xfcacf mov eax, dword ptr [eax + 0xc]
0xfcad2 add eax, 4
0xfcad5 je 0xfcb4a
0xfcad7 mov eax, dword ptr [eax + 4]
0xfcada cmp eax, edi
0xfcadc je 0xfcb4a
0xfcade mov eax, dword ptr [eax + 4]
0xfcae1 shr eax, 8
0xfcae4 and eax, 0x3f
0xfcae7 cmp eax, 0xa
0xfcaea jne 0xfcb1d
0xfcaec cmp ecx, 0xe
0xfcaef jne 0xfcb4a
0xfcaf1 cmp edx, edi
0xfcaf3 jne 0xfcb4a
0xfcaf5 fld dword ptr [ebp + 0x84]
0xfcafb mov dword ptr [ebp - 0xd0], 1
0xfcb05 fcomp dword ptr [ebp + 0x74]
0xfcb08 fnstsw ax
0xfcb0a test ah, 0x44
0xfcb0d jnp 0xfcb15
0xfcb0f mov dword ptr [ebp - 0xd0], edi
0xfcb15 mov dword ptr [ebp + 0x10], edi
0xfcb18 jmp 0xfcbd9
0xfcb1d cmp eax, 0xc
0xfcb20 jne 0xfcb4a
0xfcb22 cmp esi, 3
0xfcb25 je 0xfcb4a
0xfcb27 lea eax, [ecx - 0xc]
0xfcb2a cmp eax, 1
0xfcb2d ja 0xfcb4a
0xfcb2f cmp edx, edi
0xfcb31 jne 0xfcb4a
0xfcb33 push 1
0xfcb35 pop ecx
0xfcb36 mov dword ptr [0xba2f10], ecx
0xfcb3c mov dword ptr [ebp - 0xd0], edi
0xfcb42 mov dword ptr [ebp + 0x10], ecx
0xfcb45 jmp 0xfcbd9
0xfcb4a fld dword ptr [ebp - 0x5c]
0xfcb4d mov edx, dword ptr [0xe602fc]
0xfcb53 fcomp dword ptr [ebp - 0x6c]
0xfcb56 mov dword ptr [ebp - 0xd0], edi
0xfcb5c fnstsw ax
0xfcb5e test ah, 0x44
0xfcb61 jp 0xfcba1
0xfcb63 test dh, dh
0xfcb65 js 0xfcba1
0xfcb67 fld dword ptr [ebp + 0x84]
0xfcb6d fcomp dword ptr [ebp + 0x74]
0xfcb70 fnstsw ax
0xfcb72 test ah, 0x44
0xfcb75 jp 0xfcba1
0xfcb77 cmp esi, 4
0xfcb7a jne 0xfcba1
0xfcb7c cmp ecx, 0xe
0xfcb7f je 0xfcba1
0xfcb81 cmp dword ptr [0xba2f14], edi
0xfcb87 push 1
0xfcb89 pop esi
0xfcb8a jne 0xfcb9c
0xfcb8c cmp dword ptr [esp + 0x10], edi
0xfcb90 je 0xfcba4
0xfcb92 cmp ecx, 0xc
0xfcb95 je 0xfcb9c
0xfcb97 cmp ecx, 0xd
0xfcb9a jne 0xfcba4
0xfcb9c mov dword ptr [ebp + 0x10], esi
0xfcb9f jmp 0xfcba7
0xfcba1 push 1
0xfcba3 pop esi
0xfcba4 mov dword ptr [ebp + 0x10], edi
0xfcba7 cmp ecx, 0xe
0xfcbaa jne 0xfcbc7
0xfcbac fld dword ptr [ebp - 0x5c]
0xfcbaf fcomp dword ptr [ebp - 0x6c]
0xfcbb2 fnstsw ax
0xfcbb4 test ah, 0x44
0xfcbb7 jp 0xfcbc7
0xfcbb9 cmp dword ptr [ebx + 0x198], edi
0xfcbbf mov dword ptr [ebp + 0x80], esi
0xfcbc5 jne 0xfcbcd
0xfcbc7 mov dword ptr [ebp + 0x80], edi
0xfcbcd call 0xabe90
0xfcbd2 test eax, eax
0xfcbd4 je 0xfcbd9
0xfcbd6 mov dword ptr [ebp + 0x10], esi
0xfcbd9 push 1
0xfcbdb pop eax
0xfcbdc mov dword ptr [ebp - 0x1b0], eax
0xfcbe2 mov dword ptr [ebp - 0x140], eax
0xfcbe8 pop ebp
0xfcbe9 pop ebx
0xfcbea pop edi
0xfcbeb pop esi
0xfcbec add esp, 8
0xfcbef ret 4
