kickoff 43 requests [1, 1, 1, 0, 0, 0] glyphs 0 visible label pixels 0
ball_on 43 requests [1, 1, 0, 0, 1, 0] glyphs 0 visible label pixels 0
latched_pre_snap 43 requests [1, 1, 0, 0, 1, 0] glyphs 0 visible label pixels 0
after_kickoff_down_1 43 requests [1, 1, 0, 0, 0, 0] glyphs 5 visible label pixels 343
after_kickoff_down_2 43 requests [1, 1, 0, 0, 0, 0] glyphs 5 visible label pixels 334
after_kickoff_down_3 43 requests [1, 1, 0, 0, 0, 0] glyphs 5 visible label pixels 342
after_kickoff_down_4 43 requests [1, 1, 0, 0, 0, 0] glyphs 5 visible label pixels 355
flag 43 requests [1, 1, 0, 1, 0, 0] glyphs 0 visible label pixels 0
after_flag_down_1 43 requests [1, 1, 0, 0, 0, 0] glyphs 5 visible label pixels 343
after_flag_down_2 43 requests [1, 1, 0, 0, 0, 0] glyphs 5 visible label pixels 334
after_flag_down_3 43 requests [1, 1, 0, 0, 0, 0] glyphs 5 visible label pixels 342
after_flag_down_4 43 requests [1, 1, 0, 0, 0, 0] glyphs 5 visible label pixels 355
fumble 43 requests [1, 1, 0, 0, 0, 1] glyphs 0 visible label pixels 0
after_fumble 43 requests [1, 1, 0, 0, 0, 0] glyphs 5 visible label pixels 342
kickoff 169 requests [1, 1, 1, 0, 0, 0] glyphs 0 visible label pixels 0
ball_on 169 requests [1, 1, 0, 0, 1, 0] glyphs 0 visible label pixels 0
latched_pre_snap 169 requests [1, 1, 0, 0, 1, 0] glyphs 0 visible label pixels 0
after_kickoff_down_1 169 requests [1, 1, 0, 0, 0, 0] glyphs 5 visible label pixels 263
after_kickoff_down_2 169 requests [1, 1, 0, 0, 0, 0] glyphs 5 visible label pixels 257
after_kickoff_down_3 169 requests [1, 1, 0, 0, 0, 0] glyphs 5 visible label pixels 260
after_kickoff_down_4 169 requests [1, 1, 0, 0, 0, 0] glyphs 5 visible label pixels 266
flag 169 requests [1, 1, 0, 1, 0, 0] glyphs 0 visible label pixels 0
after_flag_down_1 169 requests [1, 1, 0, 0, 0, 0] glyphs 5 visible label pixels 263
after_flag_down_2 169 requests [1, 1, 0, 0, 0, 0] glyphs 5 visible label pixels 257
after_flag_down_3 169 requests [1, 1, 0, 0, 0, 0] glyphs 5 visible label pixels 260
after_flag_down_4 169 requests [1, 1, 0, 0, 0, 0] glyphs 5 visible label pixels 266
fumble 169 requests [1, 1, 0, 0, 0, 1] glyphs 0 visible label pixels 0
after_fumble 169 requests [1, 1, 0, 0, 0, 0] glyphs 5 visible label pixels 260
PROVED native sequence and occlusion; played symptom cause remains UNWITNESSED
