........................................................................ [ 17%]
......................................................... [ 30%]
.......................................... [ 40%]
........................................................................ [ 57%]
.............................................................F........F. [ 74%]
.......................F........F......................F........F....... [ 91%]
................F........F.........                                      [100%]
=================================== FAILURES ===================================
_ CaveReferenceTests.test_kickoff_contact_readiness_and_pose_guards_are_complete_owned_hooks _

self = <test_xbe_patch_cave_references.CaveReferenceTests testMethod=test_kickoff_contact_readiness_and_pose_guards_are_complete_owned_hooks>

    def test_kickoff_contact_readiness_and_pose_guards_are_complete_owned_hooks(self) -> None:
        from mod_editor.core import nfl2k5_dynamic_kickoff as kickoff
        from mod_editor.core import nfl2k5_dynamic_kickoff_relocated as relocated
        from mod_editor.core.nfl2k5_cave_oracle import DEFAULT_MANIFEST, ReservationManifest, XbeImage
        image = XbeImage(self.patched)
        manifest = self.manifest
        code, data = relocated._sites(self.patched)
        expected, labels = relocated.code_for(kickoff._settings(), code["va"], data["va"])
        self.assertEqual(image.read(code["va"], code["size"]), expected)
        for name in ("eligibility", "separation", "ready", "head_pose", "block_tick"):
            va, original = kickoff.HOOKS[name]
            overlaps = manifest.overlaps(va, va + len(original))
            self.assertTrue(overlaps)
>           self.assertTrue(all(r.detail.split(":", 1)[0] in
                                ("nfl2k5_dynamic_kickoff", relocated.OWNER) for r in overlaps))
E           AssertionError: False is not true

tests/mod_editor/test_xbe_patch_cave_references.py:602: AssertionError
______ CaveReferenceTests.test_practice_squad_spans_preserve_stack_owners ______

self = <test_xbe_patch_cave_references.CaveReferenceTests testMethod=test_practice_squad_spans_preserve_stack_owners>

    def test_practice_squad_spans_preserve_stack_owners(self) -> None:
        from mod_editor.core import nfl2k5_dynamic_kickoff as kickoff
        from mod_editor.core import nfl2k5_practice_squad as ps
        from mod_editor.core import nfl2k5_roster_arena_growth as arena
        from mod_editor.core.nfl2k5_cave_oracle import DEFAULT_MANIFEST, ReservationManifest, XbeImage
        retail = XbeImage(self.retail)
        stack = XbeImage(self.stack)
        manifest = ReservationManifest.load(Path(os.environ.get("NFL2K5_CAVE_MANIFEST", DEFAULT_MANIFEST)), retail)
        # The larger-roster owner deliberately delegates these stable PS entry
        # points to its sealed RX allocation. Prove each exact bridge, rather
        # than treating the entire original owner's cave as shared/free space.
        self.assertEqual(arena.status(self.patched), 'applied')
        installed = XbeImage(self.patched)
        bridges = {va: (name, before, after)
                   for name, va, before, after in arena.sites(arena.allocation(self.patched)['va'])
                   if name in arena.BRIDGES}
        for start, size, _ in ps.CAVES:
            overlaps = manifest.overlaps(start, start + size, exclude_owner='nfl2k5_practice_squad')
            for hit in overlaps:
>               self.assertEqual(hit.detail.split(':', 1)[0], arena.OWNER, hit)
E               AssertionError: 'nfl2k5_franchise_economy' != 'nfl2k5_roster_arena_growth'
E               - nfl2k5_franchise_economy
E               + nfl2k5_roster_arena_growth
E                : Evidence(start=4003359, end=4003370, source=None, kind='reserved', detail='nfl2k5_franchise_economy: declared edit: site', certainty='reserved')

tests/mod_editor/test_xbe_patch_cave_references.py:496: AssertionError
_ ReverseOwnerOrderTests.test_kickoff_contact_readiness_and_pose_guards_are_complete_owned_hooks _

self = <test_xbe_patch_cave_references.ReverseOwnerOrderTests testMethod=test_kickoff_contact_readiness_and_pose_guards_are_complete_owned_hooks>

    def test_kickoff_contact_readiness_and_pose_guards_are_complete_owned_hooks(self) -> None:
        from mod_editor.core import nfl2k5_dynamic_kickoff as kickoff
        from mod_editor.core import nfl2k5_dynamic_kickoff_relocated as relocated
        from mod_editor.core.nfl2k5_cave_oracle import DEFAULT_MANIFEST, ReservationManifest, XbeImage
        image = XbeImage(self.patched)
        manifest = self.manifest
        code, data = relocated._sites(self.patched)
        expected, labels = relocated.code_for(kickoff._settings(), code["va"], data["va"])
        self.assertEqual(image.read(code["va"], code["size"]), expected)
        for name in ("eligibility", "separation", "ready", "head_pose", "block_tick"):
            va, original = kickoff.HOOKS[name]
            overlaps = manifest.overlaps(va, va + len(original))
            self.assertTrue(overlaps)
>           self.assertTrue(all(r.detail.split(":", 1)[0] in
                                ("nfl2k5_dynamic_kickoff", relocated.OWNER) for r in overlaps))
E           AssertionError: False is not true

tests/mod_editor/test_xbe_patch_cave_references.py:602: AssertionError
____ ReverseOwnerOrderTests.test_practice_squad_spans_preserve_stack_owners ____

self = <test_xbe_patch_cave_references.ReverseOwnerOrderTests testMethod=test_practice_squad_spans_preserve_stack_owners>

    def test_practice_squad_spans_preserve_stack_owners(self) -> None:
        from mod_editor.core import nfl2k5_dynamic_kickoff as kickoff
        from mod_editor.core import nfl2k5_practice_squad as ps
        from mod_editor.core import nfl2k5_roster_arena_growth as arena
        from mod_editor.core.nfl2k5_cave_oracle import DEFAULT_MANIFEST, ReservationManifest, XbeImage
        retail = XbeImage(self.retail)
        stack = XbeImage(self.stack)
        manifest = ReservationManifest.load(Path(os.environ.get("NFL2K5_CAVE_MANIFEST", DEFAULT_MANIFEST)), retail)
        # The larger-roster owner deliberately delegates these stable PS entry
        # points to its sealed RX allocation. Prove each exact bridge, rather
        # than treating the entire original owner's cave as shared/free space.
        self.assertEqual(arena.status(self.patched), 'applied')
        installed = XbeImage(self.patched)
        bridges = {va: (name, before, after)
                   for name, va, before, after in arena.sites(arena.allocation(self.patched)['va'])
                   if name in arena.BRIDGES}
        for start, size, _ in ps.CAVES:
            overlaps = manifest.overlaps(start, start + size, exclude_owner='nfl2k5_practice_squad')
            for hit in overlaps:
>               self.assertEqual(hit.detail.split(':', 1)[0], arena.OWNER, hit)
E               AssertionError: 'nfl2k5_franchise_economy' != 'nfl2k5_roster_arena_growth'
E               - nfl2k5_franchise_economy
E               + nfl2k5_roster_arena_growth
E                : Evidence(start=4003359, end=4003370, source=None, kind='reserved', detail='nfl2k5_franchise_economy: declared edit: site', certainty='reserved')

tests/mod_editor/test_xbe_patch_cave_references.py:496: AssertionError
_ ScaleoutOwnerTests.test_kickoff_contact_readiness_and_pose_guards_are_complete_owned_hooks _

self = <test_xbe_patch_cave_references.ScaleoutOwnerTests testMethod=test_kickoff_contact_readiness_and_pose_guards_are_complete_owned_hooks>

    def test_kickoff_contact_readiness_and_pose_guards_are_complete_owned_hooks(self) -> None:
        from mod_editor.core import nfl2k5_dynamic_kickoff as kickoff
        from mod_editor.core import nfl2k5_dynamic_kickoff_relocated as relocated
        from mod_editor.core.nfl2k5_cave_oracle import DEFAULT_MANIFEST, ReservationManifest, XbeImage
        image = XbeImage(self.patched)
        manifest = self.manifest
        code, data = relocated._sites(self.patched)
        expected, labels = relocated.code_for(kickoff._settings(), code["va"], data["va"])
        self.assertEqual(image.read(code["va"], code["size"]), expected)
        for name in ("eligibility", "separation", "ready", "head_pose", "block_tick"):
            va, original = kickoff.HOOKS[name]
            overlaps = manifest.overlaps(va, va + len(original))
            self.assertTrue(overlaps)
>           self.assertTrue(all(r.detail.split(":", 1)[0] in
                                ("nfl2k5_dynamic_kickoff", relocated.OWNER) for r in overlaps))
E           AssertionError: False is not true

tests/mod_editor/test_xbe_patch_cave_references.py:602: AssertionError
______ ScaleoutOwnerTests.test_practice_squad_spans_preserve_stack_owners ______

self = <test_xbe_patch_cave_references.ScaleoutOwnerTests testMethod=test_practice_squad_spans_preserve_stack_owners>

    def test_practice_squad_spans_preserve_stack_owners(self) -> None:
        from mod_editor.core import nfl2k5_dynamic_kickoff as kickoff
        from mod_editor.core import nfl2k5_practice_squad as ps
        from mod_editor.core import nfl2k5_roster_arena_growth as arena
        from mod_editor.core.nfl2k5_cave_oracle import DEFAULT_MANIFEST, ReservationManifest, XbeImage
        retail = XbeImage(self.retail)
        stack = XbeImage(self.stack)
        manifest = ReservationManifest.load(Path(os.environ.get("NFL2K5_CAVE_MANIFEST", DEFAULT_MANIFEST)), retail)
        # The larger-roster owner deliberately delegates these stable PS entry
        # points to its sealed RX allocation. Prove each exact bridge, rather
        # than treating the entire original owner's cave as shared/free space.
        self.assertEqual(arena.status(self.patched), 'applied')
        installed = XbeImage(self.patched)
        bridges = {va: (name, before, after)
                   for name, va, before, after in arena.sites(arena.allocation(self.patched)['va'])
                   if name in arena.BRIDGES}
        for start, size, _ in ps.CAVES:
            overlaps = manifest.overlaps(start, start + size, exclude_owner='nfl2k5_practice_squad')
            for hit in overlaps:
>               self.assertEqual(hit.detail.split(':', 1)[0], arena.OWNER, hit)
E               AssertionError: 'nfl2k5_franchise_economy' != 'nfl2k5_roster_arena_growth'
E               - nfl2k5_franchise_economy
E               + nfl2k5_roster_arena_growth
E                : Evidence(start=4003359, end=4003370, source=None, kind='reserved', detail='nfl2k5_franchise_economy: declared edit: site', certainty='reserved')

tests/mod_editor/test_xbe_patch_cave_references.py:496: AssertionError
_ ScaleoutReverseOwnerTests.test_kickoff_contact_readiness_and_pose_guards_are_complete_owned_hooks _

self = <test_xbe_patch_cave_references.ScaleoutReverseOwnerTests testMethod=test_kickoff_contact_readiness_and_pose_guards_are_complete_owned_hooks>

    def test_kickoff_contact_readiness_and_pose_guards_are_complete_owned_hooks(self) -> None:
        from mod_editor.core import nfl2k5_dynamic_kickoff as kickoff
        from mod_editor.core import nfl2k5_dynamic_kickoff_relocated as relocated
        from mod_editor.core.nfl2k5_cave_oracle import DEFAULT_MANIFEST, ReservationManifest, XbeImage
        image = XbeImage(self.patched)
        manifest = self.manifest
        code, data = relocated._sites(self.patched)
        expected, labels = relocated.code_for(kickoff._settings(), code["va"], data["va"])
        self.assertEqual(image.read(code["va"], code["size"]), expected)
        for name in ("eligibility", "separation", "ready", "head_pose", "block_tick"):
            va, original = kickoff.HOOKS[name]
            overlaps = manifest.overlaps(va, va + len(original))
            self.assertTrue(overlaps)
>           self.assertTrue(all(r.detail.split(":", 1)[0] in
                                ("nfl2k5_dynamic_kickoff", relocated.OWNER) for r in overlaps))
E           AssertionError: False is not true

tests/mod_editor/test_xbe_patch_cave_references.py:602: AssertionError
__ ScaleoutReverseOwnerTests.test_practice_squad_spans_preserve_stack_owners ___

self = <test_xbe_patch_cave_references.ScaleoutReverseOwnerTests testMethod=test_practice_squad_spans_preserve_stack_owners>

    def test_practice_squad_spans_preserve_stack_owners(self) -> None:
        from mod_editor.core import nfl2k5_dynamic_kickoff as kickoff
        from mod_editor.core import nfl2k5_practice_squad as ps
        from mod_editor.core import nfl2k5_roster_arena_growth as arena
        from mod_editor.core.nfl2k5_cave_oracle import DEFAULT_MANIFEST, ReservationManifest, XbeImage
        retail = XbeImage(self.retail)
        stack = XbeImage(self.stack)
        manifest = ReservationManifest.load(Path(os.environ.get("NFL2K5_CAVE_MANIFEST", DEFAULT_MANIFEST)), retail)
        # The larger-roster owner deliberately delegates these stable PS entry
        # points to its sealed RX allocation. Prove each exact bridge, rather
        # than treating the entire original owner's cave as shared/free space.
        self.assertEqual(arena.status(self.patched), 'applied')
        installed = XbeImage(self.patched)
        bridges = {va: (name, before, after)
                   for name, va, before, after in arena.sites(arena.allocation(self.patched)['va'])
                   if name in arena.BRIDGES}
        for start, size, _ in ps.CAVES:
            overlaps = manifest.overlaps(start, start + size, exclude_owner='nfl2k5_practice_squad')
            for hit in overlaps:
>               self.assertEqual(hit.detail.split(':', 1)[0], arena.OWNER, hit)
E               AssertionError: 'nfl2k5_franchise_economy' != 'nfl2k5_roster_arena_growth'
E               - nfl2k5_franchise_economy
E               + nfl2k5_roster_arena_growth
E                : Evidence(start=4003359, end=4003370, source=None, kind='reserved', detail='nfl2k5_franchise_economy: declared edit: site', certainty='reserved')

tests/mod_editor/test_xbe_patch_cave_references.py:496: AssertionError
=========================== short test summary info ============================
FAILED tests/mod_editor/test_xbe_patch_cave_references.py::CaveReferenceTests::test_kickoff_contact_readiness_and_pose_guards_are_complete_owned_hooks
FAILED tests/mod_editor/test_xbe_patch_cave_references.py::CaveReferenceTests::test_practice_squad_spans_preserve_stack_owners
FAILED tests/mod_editor/test_xbe_patch_cave_references.py::ReverseOwnerOrderTests::test_kickoff_contact_readiness_and_pose_guards_are_complete_owned_hooks
FAILED tests/mod_editor/test_xbe_patch_cave_references.py::ReverseOwnerOrderTests::test_practice_squad_spans_preserve_stack_owners
FAILED tests/mod_editor/test_xbe_patch_cave_references.py::ScaleoutOwnerTests::test_kickoff_contact_readiness_and_pose_guards_are_complete_owned_hooks
FAILED tests/mod_editor/test_xbe_patch_cave_references.py::ScaleoutOwnerTests::test_practice_squad_spans_preserve_stack_owners
FAILED tests/mod_editor/test_xbe_patch_cave_references.py::ScaleoutReverseOwnerTests::test_kickoff_contact_readiness_and_pose_guards_are_complete_owned_hooks
FAILED tests/mod_editor/test_xbe_patch_cave_references.py::ScaleoutReverseOwnerTests::test_practice_squad_spans_preserve_stack_owners
8 failed, 414 passed, 405 subtests passed in 4304.13s (1:11:44)
