DESIGN: Studio inspection of source
DESIGN: Studio inspection of compact
PROVED OFFLINE: Studio inspection and archive inventory match
DESIGN: Checking native play scoring: book 307 (0/37)
DESIGN: Checking native play scoring: book 309 (2/37)
DESIGN: Checking native play scoring: book 311 (4/37)
DESIGN: Checking native play scoring: book 313 (6/37)
DESIGN: Checking native play scoring: book 315 (8/37)
DESIGN: Checking native play scoring: book 317 (10/37)
DESIGN: Checking native play scoring: book 320 (13/37)
DESIGN: Checking native play scoring: book 322 (15/37)
DESIGN: Checking native play scoring: book 324 (17/37)
DESIGN: Checking native play scoring: book 326 (19/37)
DESIGN: Checking native play scoring: book 328 (21/37)
DESIGN: Checking native play scoring: book 330 (23/37)
DESIGN: Checking native play scoring: book 332 (25/37)
DESIGN: Checking native play scoring: book 334 (27/37)
DESIGN: Checking native play scoring: book 336 (29/37)
DESIGN: Checking native play scoring: book 338 (31/37)
DESIGN: Checking native play scoring: book 340 (33/37)
DESIGN: Checking native play scoring: book 342 (35/37)
DESIGN: Checking native play scoring: book 4418 (37/37)
DESIGN: Checking native play scoring: book 4420 (39/37)
DESIGN: Checking native play scoring: book 4422 (41/37)
DESIGN: Checking native play scoring: book 4424 (43/37)
DESIGN: Checking native play scoring: book 4426 (45/37)
DESIGN: Checking native play scoring: book 4428 (47/37)
DESIGN: Checking native play scoring: book 4430 (49/37)
DESIGN: Checking native play scoring: book 4432 (51/37)
DESIGN: Checking native play scoring: book 4434 (53/37)
DESIGN: Checking native play scoring: book 4436 (55/37)
DESIGN: Checking native play scoring: book 4438 (57/37)
DESIGN: Checking native play scoring: book 4440 (59/37)
DESIGN: Checking native play scoring: book 4442 (61/37)
DESIGN: Checking native play scoring: book 4444 (63/37)
DESIGN: Checking native play scoring: book 4446 (65/37)
DESIGN: Checking native play scoring: book 4448 (67/37)
PROVED OFFLINE: native play-scoring gate passed
PROVED OFFLINE: {"source": {"size": 8012931072, "sha256": "449a3b90f0b4f7733bfd5589c132510265f4ee2f092e738777b811e4134de680"}, "output": {"size": 5924454400, "sha256": "36cd074774d5a8f62abe55a5aedf24d296276f79ccfd3d6644bdd2c8a6a2159f"}, "studio_inspection_equal": true, "inspected_top_level_fields": 180}
