extract-xiso v2.7.1 (01.11.14) for linux - written by in <in@fishtank.com>

listing candidate-D-compact.xiso.iso:

/dashupdate.xbe (58421248 bytes)
/default.xbe (12300288 bytes)
/update.xbe (2326528 bytes)
/vc_53450030/ (0 bytes)
/vc_53450030/0 (194072576 bytes)
/vc_53450030/1 (299999232 bytes)
/vc_53450030/2 (309252096 bytes)
/vc_53450030/3 (323686400 bytes)
/vc_53450030/4 (313178112 bytes)
/vc_53450030/5 (307972096 bytes)
/vc_53450030/6 (458231808 bytes)
/vc_53450030/7 (319197184 bytes)
/vc_53450030/8 (929370112 bytes)
/vc_53450030/9 (634941440 bytes)
/vc_53450030/A (310300672 bytes)
/vc_53450030/B (458260480 bytes)
/vc_53450030/C (315131904 bytes)
/vc_53450030/D (309135360 bytes)
/vc_53450030/E (301813760 bytes)
/vc_53450030/F (66746368 bytes)

19 files in /media/noah/Storage/.b76-research/xc/astra-build/candidate-D-compact.xiso.iso total 5924337664 bytes
