{"name": "final-test_apf_audio_annotation_facade", "started": "2026-09-16T00:33:14.428100+00:00", "ended": "2026-09-16T00:33:15.196365+00:00", "seconds": 0.768, "exit_code": 0}
{"name": "final-test_apf2k8_playbook_route_writer", "started": "2026-09-16T00:33:14.426784+00:00", "ended": "2026-09-16T00:33:15.227465+00:00", "seconds": 0.801, "exit_code": 0}
{"name": "final-test_apf_audio_batch_export", "started": "2026-09-16T00:33:15.227937+00:00", "ended": "2026-09-16T00:33:15.460645+00:00", "seconds": 0.233, "exit_code": 0}
{"name": "final-test_apf_audio_annotations", "started": "2026-09-16T00:33:15.197293+00:00", "ended": "2026-09-16T00:33:15.538295+00:00", "seconds": 0.341, "exit_code": 0}
{"name": "final-test_apf_audio_batch_facade", "started": "2026-09-16T00:33:15.461355+00:00", "ended": "2026-09-16T00:33:15.887105+00:00", "seconds": 0.426, "exit_code": 0}
{"name": "final-test_apf_audio_batch_gui", "started": "2026-09-16T00:33:15.538852+00:00", "ended": "2026-09-16T00:33:16.426987+00:00", "seconds": 0.888, "exit_code": 0}
{"name": "final-test_apf_all_crest_slots", "started": "2026-09-16T00:33:14.427286+00:00", "ended": "2026-09-16T00:33:16.647981+00:00", "seconds": 2.221, "exit_code": 0}
{"name": "final-test_apf_audio_drop_zone_gui", "started": "2026-09-16T00:33:16.427458+00:00", "ended": "2026-09-16T00:33:17.161872+00:00", "seconds": 0.734, "exit_code": 0}
{"name": "final-test_apf_audio_encoder_gui", "started": "2026-09-16T00:33:16.648716+00:00", "ended": "2026-09-16T00:33:17.446427+00:00", "seconds": 0.798, "exit_code": 0}
{"name": "final-test_apf2k8_coverage_tuning", "started": "2026-09-16T00:33:14.426317+00:00", "ended": "2026-09-16T00:33:17.451953+00:00", "seconds": 3.026, "exit_code": 0}
{"name": "final-test_apf_audio_decode_cancellation", "started": "2026-09-16T00:33:15.887877+00:00", "ended": "2026-09-16T00:33:17.932298+00:00", "seconds": 2.044, "exit_code": 0}
{"name": "final-test_apf_audio_pcm_product_backend", "started": "2026-09-16T00:33:17.452453+00:00", "ended": "2026-09-16T00:33:18.690007+00:00", "seconds": 1.238, "exit_code": 0}
{"name": "final-test_apf_audio_replacement_pack", "started": "2026-09-16T00:33:17.932802+00:00", "ended": "2026-09-16T00:33:18.891547+00:00", "seconds": 0.959, "exit_code": 0}
{"name": "final-test_apf_audo_exact_slot", "started": "2026-09-16T00:33:18.891977+00:00", "ended": "2026-09-16T00:33:19.144756+00:00", "seconds": 0.253, "exit_code": 0}
{"name": "final-test_apf_audio_waveform_qt", "started": "2026-09-16T00:33:18.690458+00:00", "ended": "2026-09-16T00:33:19.350400+00:00", "seconds": 0.66, "exit_code": 0}
{"name": "final-test_apf_audo_product_backend", "started": "2026-09-16T00:33:19.145190+00:00", "ended": "2026-09-16T00:33:19.458894+00:00", "seconds": 0.314, "exit_code": 0}
{"name": "final-test_apf_audo_project", "started": "2026-09-16T00:33:19.351103+00:00", "ended": "2026-09-16T00:33:19.548091+00:00", "seconds": 0.197, "exit_code": 0}
{"name": "final-test_apf_ausb_product_backend", "started": "2026-09-16T00:33:19.548538+00:00", "ended": "2026-09-16T00:33:19.913301+00:00", "seconds": 0.365, "exit_code": 0}
{"name": "final-test_apf_audio_import_idle_barrier", "started": "2026-09-16T00:33:17.446965+00:00", "ended": "2026-09-16T00:33:22.228407+00:00", "seconds": 4.781, "exit_code": 0}
{"name": "final-test_apf_b661_ladder", "started": "2026-09-16T00:33:22.229538+00:00", "ended": "2026-09-16T00:33:22.715881+00:00", "seconds": 0.486, "exit_code": 0}
{"name": "final-test_apf_b66_appearance", "started": "2026-09-16T00:33:22.716511+00:00", "ended": "2026-09-16T00:33:25.620624+00:00", "seconds": 2.904, "exit_code": 0}
{"name": "final-test_apf_audio_encoding", "started": "2026-09-16T00:33:17.162464+00:00", "ended": "2026-09-16T00:33:29.110526+00:00", "seconds": 11.948, "exit_code": 0}
{"name": "final-test_apf_b66_personnel", "started": "2026-09-16T00:33:25.621635+00:00", "ended": "2026-09-16T00:33:31.577620+00:00", "seconds": 5.956, "exit_code": 0}
{"name": "final-test_apf_ausb_exact_slot", "started": "2026-09-16T00:33:19.459575+00:00", "ended": "2026-09-16T00:33:33.139266+00:00", "seconds": 13.68, "exit_code": 0}
{"name": "final-test_apf_b661_book_content", "started": "2026-09-16T00:33:19.914202+00:00", "ended": "2026-09-16T00:33:48.794772+00:00", "seconds": 28.881, "exit_code": 0}
{"name": "final-test_apf_b67_clone", "started": "2026-09-16T00:33:31.578179+00:00", "ended": "2026-09-16T00:34:34.133389+00:00", "seconds": 62.555, "exit_code": 0}
{"name": "final-test_apf_b67_books_qt", "started": "2026-09-16T00:33:29.111225+00:00", "ended": "2026-09-16T00:34:40.594036+00:00", "seconds": 71.483, "exit_code": 0}
{"name": "final-test_apf_b67_static_audit", "started": "2026-09-16T00:34:40.594942+00:00", "ended": "2026-09-16T00:34:40.752175+00:00", "seconds": 0.157, "exit_code": 0}
{"name": "final-test_apf_b67_writers", "started": "2026-09-16T00:34:40.752906+00:00", "ended": "2026-09-16T00:34:41.256119+00:00", "seconds": 0.503, "exit_code": 0}
{"name": "final-test_apf_b67_model_edges_native", "started": "2026-09-16T00:33:48.795247+00:00", "ended": "2026-09-16T00:35:31.850724+00:00", "seconds": 103.055, "exit_code": 0}
{"name": "final-test_apf_b67_xenia_patch", "started": "2026-09-16T00:35:31.851266+00:00", "ended": "2026-09-16T00:35:32.262539+00:00", "seconds": 0.411, "exit_code": 0}
{"name": "final-test_apf_b69_build", "started": "2026-09-16T00:35:32.263294+00:00", "ended": "2026-09-16T00:36:15.353962+00:00", "seconds": 43.091, "exit_code": 0}
{"name": "final-test_apf_b69_control_audit", "started": "2026-09-16T00:36:15.355014+00:00", "ended": "2026-09-16T00:36:15.471796+00:00", "seconds": 0.117, "exit_code": 0}
{"name": "final-test_apf_b67_defense_model_native", "started": "2026-09-16T00:33:33.139800+00:00", "ended": "2026-09-16T00:36:22.393716+00:00", "seconds": 169.254, "exit_code": 0}
{"name": "final-test_apf_b69_formation_calling", "started": "2026-09-16T00:36:22.394658+00:00", "ended": "2026-09-16T00:36:23.335099+00:00", "seconds": 0.94, "exit_code": 0}
{"name": "final-test_apf_b69_launch_patches", "started": "2026-09-16T00:36:23.335712+00:00", "ended": "2026-09-16T00:36:23.981864+00:00", "seconds": 0.646, "exit_code": 0}
{"name": "final-test_apf_b69_editor_qt", "started": "2026-09-16T00:36:15.472525+00:00", "ended": "2026-09-16T00:38:02.892944+00:00", "seconds": 107.42, "exit_code": 0}
{"name": "final-test_apf_b67_writers_native", "started": "2026-09-16T00:34:41.256847+00:00", "ended": "2026-09-16T00:40:37.420454+00:00", "seconds": 356.164, "exit_code": 0}
{"name": "final-test_apf_b69_retirement_native", "started": "2026-09-16T00:38:02.893650+00:00", "ended": "2026-09-16T00:40:39.566585+00:00", "seconds": 156.673, "exit_code": 0}
{"name": "final-test_apf_b69_wiring", "started": "2026-09-16T00:40:39.567159+00:00", "ended": "2026-09-16T00:40:40.182522+00:00", "seconds": 0.615, "exit_code": 0}
{"name": "final-test_apf_b69_schemes", "started": "2026-09-16T00:40:37.421027+00:00", "ended": "2026-09-16T00:41:36.746990+00:00", "seconds": 59.326, "exit_code": 0}
{"name": "final-test_apf_b71_situation_mask", "started": "2026-09-16T00:41:36.747646+00:00", "ended": "2026-09-16T00:41:41.171529+00:00", "seconds": 4.424, "exit_code": 0}
{"name": "final-test_apf_b71_situation_mask_abi", "started": "2026-09-16T00:41:41.172011+00:00", "ended": "2026-09-16T00:41:45.603798+00:00", "seconds": 4.432, "exit_code": 0}
{"name": "final-test_apf_b71_situation_mask_install", "started": "2026-09-16T00:41:45.604500+00:00", "ended": "2026-09-16T00:41:46.928481+00:00", "seconds": 1.324, "exit_code": 0}
{"name": "final-test_apf_b70_stock_recipes", "started": "2026-09-16T00:40:40.183435+00:00", "ended": "2026-09-16T00:44:12.348910+00:00", "seconds": 212.165, "exit_code": 0}
{"name": "final-test_apf_b71_situation_mask_qt", "started": "2026-09-16T00:44:12.349581+00:00", "ended": "2026-09-16T00:44:14.235371+00:00", "seconds": 1.886, "exit_code": 0}
{"name": "final-test_apf_b71_situations", "started": "2026-09-16T00:44:14.236000+00:00", "ended": "2026-09-16T00:44:18.985333+00:00", "seconds": 4.749, "exit_code": 0}
{"name": "final-test_apf_book_identity_qt", "started": "2026-09-16T00:44:18.986064+00:00", "ended": "2026-09-16T00:44:19.267832+00:00", "seconds": 0.282, "exit_code": 0}
{"name": "final-test_apf_book_unlock", "started": "2026-09-16T00:44:19.268426+00:00", "ended": "2026-09-16T00:44:44.877262+00:00", "seconds": 25.609, "exit_code": 0}
{"name": "final-test_apf_book_unlock_retail", "started": "2026-09-16T00:44:44.877954+00:00", "ended": "2026-09-16T00:44:45.032740+00:00", "seconds": 0.155, "exit_code": 0}
{"name": "final-test_apf_browser_workspace_handoff", "started": "2026-09-16T00:44:45.033407+00:00", "ended": "2026-09-16T00:44:45.921018+00:00", "seconds": 0.888, "exit_code": 0}
{"name": "final-test_apf_build_ausb_overlays", "started": "2026-09-16T00:44:45.921650+00:00", "ended": "2026-09-16T00:44:46.239285+00:00", "seconds": 0.318, "exit_code": 0}
{"name": "final-test_apf_build_raw_span_overlays", "started": "2026-09-16T00:44:46.239950+00:00", "ended": "2026-09-16T00:44:46.569511+00:00", "seconds": 0.33, "exit_code": 0}
{"name": "final-test_apf_capability_action_parity", "started": "2026-09-16T00:44:46.570201+00:00", "ended": "2026-09-16T00:44:47.025853+00:00", "seconds": 0.456, "exit_code": 0}
{"name": "final-test_apf_copied_volume_metadata", "started": "2026-09-16T00:44:47.026482+00:00", "ended": "2026-09-16T00:44:47.341741+00:00", "seconds": 0.315, "exit_code": 0}
{"name": "final-test_apf_coverage_research_tools", "started": "2026-09-16T00:44:47.342641+00:00", "ended": "2026-09-16T00:44:47.420500+00:00", "seconds": 0.078, "exit_code": 0}
{"name": "final-test_apf_cpu_audibles", "started": "2026-09-16T00:44:47.421163+00:00", "ended": "2026-09-16T00:44:50.428533+00:00", "seconds": 3.007, "exit_code": 0}
{"name": "final-test_apf_crest_budget_import", "started": "2026-09-16T00:44:50.429171+00:00", "ended": "2026-09-16T00:44:51.288599+00:00", "seconds": 0.859, "exit_code": 0}
{"name": "final-test_apf_crest_fit", "started": "2026-09-16T00:44:51.289254+00:00", "ended": "2026-09-16T00:45:19.759748+00:00", "seconds": 28.471, "exit_code": 0}
{"name": "final-test_apf_cross_domain_audio_safety", "started": "2026-09-16T00:45:19.760161+00:00", "ended": "2026-09-16T00:45:20.125997+00:00", "seconds": 0.366, "exit_code": 0}
{"name": "final-test_apf_cubemap_face0_preview", "started": "2026-09-16T00:45:20.126587+00:00", "ended": "2026-09-16T00:45:41.510602+00:00", "seconds": 21.384, "exit_code": 0}
{"name": "final-test_apf_custom_team_appearance_gui", "started": "2026-09-16T00:45:41.511221+00:00", "ended": "2026-09-16T00:45:41.820822+00:00", "seconds": 0.31, "exit_code": 0}
{"name": "final-test_apf_custom_team_appearance_patch", "started": "2026-09-16T00:45:41.821375+00:00", "ended": "2026-09-16T00:45:48.876307+00:00", "seconds": 7.055, "exit_code": 0}
{"name": "final-test_apf_defense_research_identity", "started": "2026-09-16T00:45:48.877044+00:00", "ended": "2026-09-16T00:45:49.383852+00:00", "seconds": 0.507, "exit_code": 0}
{"name": "final-test_apf_b71_situation_mask_native", "started": "2026-09-16T00:41:46.928917+00:00", "ended": "2026-09-16T00:47:51.484925+00:00", "seconds": 364.556, "exit_code": 0}
{"name": "final-test_apf_digital_font", "started": "2026-09-16T00:47:51.485863+00:00", "ended": "2026-09-16T00:47:51.838575+00:00", "seconds": 0.353, "exit_code": 0}
{"name": "final-test_apf_defense_research_native", "started": "2026-09-16T00:45:49.384494+00:00", "ended": "2026-09-16T00:48:09.301400+00:00", "seconds": 139.917, "exit_code": 0}
{"name": "final-test_apf_dxn_base_only_namefont", "started": "2026-09-16T00:47:51.839186+00:00", "ended": "2026-09-16T00:48:13.863490+00:00", "seconds": 22.024, "exit_code": 0}
{"name": "final-test_apf_dxt5a_general_preview", "started": "2026-09-16T00:48:09.301824+00:00", "ended": "2026-09-16T00:48:30.055237+00:00", "seconds": 20.753, "exit_code": 0}
{"name": "final-test_apf_export", "started": "2026-09-16T00:48:30.055843+00:00", "ended": "2026-09-16T00:48:30.174836+00:00", "seconds": 0.119, "exit_code": 0}
{"name": "final-test_apf_external_audio_bank_bundle", "started": "2026-09-16T00:48:30.175401+00:00", "ended": "2026-09-16T00:48:30.510722+00:00", "seconds": 0.335, "exit_code": 0}
{"name": "final-test_apf_field_art", "started": "2026-09-16T00:48:30.511294+00:00", "ended": "2026-09-16T00:48:30.689515+00:00", "seconds": 0.178, "exit_code": 0}
{"name": "final-test_apf_field_art_gui", "started": "2026-09-16T00:48:30.690092+00:00", "ended": "2026-09-16T00:48:31.549605+00:00", "seconds": 0.86, "exit_code": 0}
{"name": "final-test_apf_endzone_dxt5a", "started": "2026-09-16T00:48:13.863894+00:00", "ended": "2026-09-16T00:48:51.774377+00:00", "seconds": 37.91, "exit_code": 0}
{"name": "final-test_apf_field_art_stock_label", "started": "2026-09-16T00:48:51.774868+00:00", "ended": "2026-09-16T00:48:52.253951+00:00", "seconds": 0.479, "exit_code": 0}
{"name": "final-test_apf_b69_native", "started": "2026-09-16T00:36:23.982705+00:00", "ended": "2026-09-16T00:51:10.375767+00:00", "seconds": 886.393, "exit_code": 0}
{"name": "final-test_apf_field_material_project", "started": "2026-09-16T00:51:10.376260+00:00", "ended": "2026-09-16T00:51:10.952450+00:00", "seconds": 0.576, "exit_code": 0}
{"name": "final-test_apf_field_material_writer", "started": "2026-09-16T00:51:10.953208+00:00", "ended": "2026-09-16T00:51:11.287707+00:00", "seconds": 0.335, "exit_code": 0}
{"name": "final-test_apf_formation_alignment_writer", "started": "2026-09-16T00:51:11.288239+00:00", "ended": "2026-09-16T00:51:11.641742+00:00", "seconds": 0.354, "exit_code": 0}
{"name": "final-test_apf_fourth_down", "started": "2026-09-16T00:51:11.642281+00:00", "ended": "2026-09-16T00:51:11.845124+00:00", "seconds": 0.203, "exit_code": 0}
{"name": "final-test_apf_field_extra_roundtrip", "started": "2026-09-16T00:48:52.254370+00:00", "ended": "2026-09-16T00:52:24.062553+00:00", "seconds": 211.808, "exit_code": 0}
{"name": "final-test_apf_fourth_down_qt", "started": "2026-09-16T00:52:24.063169+00:00", "ended": "2026-09-16T00:52:24.264458+00:00", "seconds": 0.201, "exit_code": 0}
{"name": "final-test_apf_full_shell_visual_gate", "started": "2026-09-16T00:52:24.265094+00:00", "ended": "2026-09-16T00:52:24.312326+00:00", "seconds": 0.047, "exit_code": 0}
{"name": "final-test_apf_g12_surfaces", "started": "2026-09-16T00:52:24.312917+00:00", "ended": "2026-09-16T00:52:24.842318+00:00", "seconds": 0.529, "exit_code": 0}
{"name": "final-test_apf_helmet_crest_design_product", "started": "2026-09-16T00:52:24.842753+00:00", "ended": "2026-09-16T00:52:26.342540+00:00", "seconds": 1.5, "exit_code": 0}
{"name": "final-test_apf_helmet_logo_placement", "started": "2026-09-16T00:52:26.342944+00:00", "ended": "2026-09-16T00:52:33.824058+00:00", "seconds": 7.481, "exit_code": 0}
{"name": "final-test_apf_helmet_logo_regions", "started": "2026-09-16T00:52:33.824708+00:00", "ended": "2026-09-16T00:52:37.993367+00:00", "seconds": 4.169, "exit_code": 0}
{"name": "final-test_apf_helmet_logo_regions_qt", "started": "2026-09-16T00:52:37.994020+00:00", "ended": "2026-09-16T00:52:39.250097+00:00", "seconds": 1.256, "exit_code": 0}
{"name": "final-test_apf_import_offers_resize", "started": "2026-09-16T00:52:39.250480+00:00", "ended": "2026-09-16T00:52:39.903421+00:00", "seconds": 0.653, "exit_code": 0}
{"name": "final-test_apf_iso_extraction_is_layout_tolerant", "started": "2026-09-16T00:52:39.904035+00:00", "ended": "2026-09-16T00:52:40.117296+00:00", "seconds": 0.213, "exit_code": 0}
{"name": "final-test_apf_linear_txtr_png", "started": "2026-09-16T00:52:40.117870+00:00", "ended": "2026-09-16T00:52:40.179528+00:00", "seconds": 0.062, "exit_code": 0}
{"name": "final-test_apf_logo_patch", "started": "2026-09-16T00:52:40.180107+00:00", "ended": "2026-09-16T00:52:54.161259+00:00", "seconds": 13.981, "exit_code": 0}
{"name": "final-test_apf_logo_surface_ownership", "started": "2026-09-16T00:52:54.161694+00:00", "ended": "2026-09-16T00:52:54.252383+00:00", "seconds": 0.091, "exit_code": 0}
{"name": "final-test_apf_fourth_down_native", "started": "2026-09-16T00:51:11.845725+00:00", "ended": "2026-09-16T00:52:56.369508+00:00", "seconds": 104.524, "exit_code": 0}
{"name": "final-test_apf_mask_preview_alpha", "started": "2026-09-16T00:52:56.369987+00:00", "ended": "2026-09-16T00:52:56.546781+00:00", "seconds": 0.177, "exit_code": 0}
{"name": "final-test_apf_model_export_gui", "started": "2026-09-16T00:52:56.547313+00:00", "ended": "2026-09-16T00:52:59.274446+00:00", "seconds": 2.727, "exit_code": 0}
{"name": "final-test_apf_field_art_patch", "started": "2026-09-16T00:48:31.550062+00:00", "ended": "2026-09-16T00:53:33.002264+00:00", "seconds": 301.452, "exit_code": 0}
{"name": "final-test_apf_number_encode_defaults", "started": "2026-09-16T00:53:33.002919+00:00", "ended": "2026-09-16T00:53:35.208934+00:00", "seconds": 2.206, "exit_code": 0}
{"name": "final-test_apf_logocache_patch", "started": "2026-09-16T00:52:54.253022+00:00", "ended": "2026-09-16T00:53:38.919998+00:00", "seconds": 44.667, "exit_code": 0}
{"name": "final-test_apf_package_map_writer", "started": "2026-09-16T00:53:38.920440+00:00", "ended": "2026-09-16T00:53:40.300243+00:00", "seconds": 1.38, "exit_code": 0}
{"name": "final-test_apf_pass_fetch_export_qt", "started": "2026-09-16T00:53:40.300912+00:00", "ended": "2026-09-16T00:53:40.832951+00:00", "seconds": 0.532, "exit_code": 0}
{"name": "final-test_apf_model_import", "started": "2026-09-16T00:52:59.275148+00:00", "ended": "2026-09-16T00:53:53.517563+00:00", "seconds": 54.242, "exit_code": 0}
{"name": "final-test_apf_play_designer_project", "started": "2026-09-16T00:53:53.518019+00:00", "ended": "2026-09-16T00:53:54.050737+00:00", "seconds": 0.533, "exit_code": 0}
{"name": "final-test_apf_play_designer_qt", "started": "2026-09-16T00:53:54.051331+00:00", "ended": "2026-09-16T00:53:54.426108+00:00", "seconds": 0.375, "exit_code": 0}
{"name": "final-test_apf_playbook_route_gui", "started": "2026-09-16T00:53:54.426569+00:00", "ended": "2026-09-16T00:53:54.815608+00:00", "seconds": 0.389, "exit_code": 0}
{"name": "final-test_apf_play_designer", "started": "2026-09-16T00:53:40.833545+00:00", "ended": "2026-09-16T00:53:54.998968+00:00", "seconds": 14.165, "exit_code": 0}
{"name": "final-test_apf_playcall_patch", "started": "2026-09-16T00:53:54.816514+00:00", "ended": "2026-09-16T00:53:56.898426+00:00", "seconds": 2.082, "exit_code": 0}
{"name": "final-test_apf_playcalling_editor_build", "started": "2026-09-16T00:53:56.899049+00:00", "ended": "2026-09-16T00:55:34.536505+00:00", "seconds": 97.637, "exit_code": 0}
{"name": "final-test_apf_playcalling_editor_facade", "started": "2026-09-16T00:55:34.537362+00:00", "ended": "2026-09-16T00:55:37.749280+00:00", "seconds": 3.212, "exit_code": 0}
{"name": "final-test_apf_playcalling_editor_patches", "started": "2026-09-16T00:55:37.749896+00:00", "ended": "2026-09-16T00:55:38.306328+00:00", "seconds": 0.556, "exit_code": 0}
{"name": "final-test_apf_playcalling_editor_qt", "started": "2026-09-16T00:55:38.307179+00:00", "ended": "2026-09-16T00:55:47.018326+00:00", "seconds": 8.711, "exit_code": 0}
{"name": "final-test_apf_player_position_patch", "started": "2026-09-16T00:55:47.019100+00:00", "ended": "2026-09-16T00:55:54.281030+00:00", "seconds": 7.262, "exit_code": 0}
{"name": "final-test_apf_player_position_product_backend", "started": "2026-09-16T00:55:54.281522+00:00", "ended": "2026-09-16T00:56:15.955506+00:00", "seconds": 21.674, "exit_code": 0}
{"name": "final-test_apf_player_positions", "started": "2026-09-16T00:56:15.956112+00:00", "ended": "2026-09-16T00:56:16.072401+00:00", "seconds": 0.116, "exit_code": 0}
{"name": "final-test_apf_b67_model_native", "started": "2026-09-16T00:34:34.133945+00:00", "ended": "2026-09-16T00:56:18.554305+00:00", "seconds": 1304.42, "exit_code": 0}
{"name": "final-test_apf_player_rating_patch", "started": "2026-09-16T00:56:16.073234+00:00", "ended": "2026-09-16T00:56:20.423978+00:00", "seconds": 4.351, "exit_code": 0}
{"name": "final-test_apf_player_rating_product_backend", "started": "2026-09-16T00:56:18.554721+00:00", "ended": "2026-09-16T00:56:28.087268+00:00", "seconds": 9.533, "exit_code": 0}
{"name": "final-test_apf_player_ratings", "started": "2026-09-16T00:56:28.087899+00:00", "ended": "2026-09-16T00:56:28.940061+00:00", "seconds": 0.852, "exit_code": 0}
{"name": "final-test_apf_product_findings", "started": "2026-09-16T00:56:28.941028+00:00", "ended": "2026-09-16T00:56:29.118479+00:00", "seconds": 0.177, "exit_code": 0}
{"name": "final-test_apf_product_findings_gui", "started": "2026-09-16T00:56:29.119075+00:00", "ended": "2026-09-16T00:56:29.779781+00:00", "seconds": 0.661, "exit_code": 0}
{"name": "final-test_apf_product_validation_wrappers", "started": "2026-09-16T00:56:29.780402+00:00", "ended": "2026-09-16T00:56:30.048838+00:00", "seconds": 0.268, "exit_code": 0}
{"name": "final-test_apf_player_rating_sheet_import", "started": "2026-09-16T00:56:20.424769+00:00", "ended": "2026-09-16T00:56:36.012844+00:00", "seconds": 15.588, "exit_code": 0}
{"name": "final-test_apf_project_streaming", "started": "2026-09-16T00:56:36.013357+00:00", "ended": "2026-09-16T00:56:36.249294+00:00", "seconds": 0.236, "exit_code": 0}
{"name": "final-test_apf_ps3_probes", "started": "2026-09-16T00:56:36.249841+00:00", "ended": "2026-09-16T00:56:37.457587+00:00", "seconds": 1.208, "exit_code": 0}
{"name": "final-test_apf_ps3_roster_convert", "started": "2026-09-16T00:56:37.458135+00:00", "ended": "2026-09-16T00:56:54.891824+00:00", "seconds": 17.434, "exit_code": 0}
{"name": "final-test_apf_ps3_roster_import_qt", "started": "2026-09-16T00:56:54.892426+00:00", "ended": "2026-09-16T00:56:56.697072+00:00", "seconds": 1.805, "exit_code": 0}
{"name": "final-test_apf_ps3_speed", "started": "2026-09-16T00:56:56.697587+00:00", "ended": "2026-09-16T00:57:00.828765+00:00", "seconds": 4.131, "exit_code": 0}
{"name": "final-test_apf_project_document_workflow", "started": "2026-09-16T00:56:30.049527+00:00", "ended": "2026-09-16T00:57:03.623497+00:00", "seconds": 33.574, "exit_code": 0}
{"name": "final-test_apf_ps3_speed_packages", "started": "2026-09-16T00:57:00.829366+00:00", "ended": "2026-09-16T00:57:11.362759+00:00", "seconds": 10.533, "exit_code": 0}
{"name": "final-test_apf_ps3_texture_bundle_qt", "started": "2026-09-16T00:57:11.363732+00:00", "ended": "2026-09-16T00:57:11.828864+00:00", "seconds": 0.465, "exit_code": 0}
{"name": "final-test_apf_public_docs_registry_current", "started": "2026-09-16T00:57:11.829711+00:00", "ended": "2026-09-16T00:57:12.014130+00:00", "seconds": 0.184, "exit_code": 0}
{"name": "final-test_apf_rating_value_domains", "started": "2026-09-16T00:57:12.014832+00:00", "ended": "2026-09-16T00:57:12.216355+00:00", "seconds": 0.202, "exit_code": 0}
{"name": "final-test_apf_retail_crest_channel_audit", "started": "2026-09-16T00:57:12.217180+00:00", "ended": "2026-09-16T00:57:12.270054+00:00", "seconds": 0.053, "exit_code": 0}
{"name": "final-test_apf_roster_appearance_transfer", "started": "2026-09-16T00:57:12.270621+00:00", "ended": "2026-09-16T00:57:21.143728+00:00", "seconds": 8.873, "exit_code": 0}
{"name": "final-test_apf_roster_appearance_transfer_qt", "started": "2026-09-16T00:57:21.144496+00:00", "ended": "2026-09-16T00:57:26.289605+00:00", "seconds": 5.145, "exit_code": 0}
{"name": "final-test_apf_ps3_texture_bundle", "started": "2026-09-16T00:57:03.624284+00:00", "ended": "2026-09-16T00:57:34.363648+00:00", "seconds": 30.739, "exit_code": 0}
{"name": "final-test_apf_roster_identity_gui", "started": "2026-09-16T00:57:34.364139+00:00", "ended": "2026-09-16T00:57:36.320280+00:00", "seconds": 1.956, "exit_code": 0}
{"name": "final-test_apf_roster_workspace", "started": "2026-09-16T00:57:36.320781+00:00", "ended": "2026-09-16T00:57:36.477597+00:00", "seconds": 0.157, "exit_code": 0}
{"name": "final-test_apf_roster_workspace_gui", "started": "2026-09-16T00:57:36.478217+00:00", "ended": "2026-09-16T00:57:36.903517+00:00", "seconds": 0.425, "exit_code": 0}
{"name": "final-test_apf_save_playbook_assignments_gui", "started": "2026-09-16T00:57:36.903920+00:00", "ended": "2026-09-16T00:57:38.346180+00:00", "seconds": 1.442, "exit_code": 0}
{"name": "final-test_apf_roster_identity", "started": "2026-09-16T00:57:26.290034+00:00", "ended": "2026-09-16T00:57:38.437732+00:00", "seconds": 12.148, "exit_code": 0}
{"name": "final-test_apf_save_roster_players_gui", "started": "2026-09-16T00:57:38.438216+00:00", "ended": "2026-09-16T00:57:39.264199+00:00", "seconds": 0.826, "exit_code": 0}
{"name": "final-test_apf_scorebug_workspace_qt", "started": "2026-09-16T00:57:39.264663+00:00", "ended": "2026-09-16T00:57:39.917403+00:00", "seconds": 0.653, "exit_code": 0}
{"name": "final-test_apf_save_roster_players", "started": "2026-09-16T00:57:38.346729+00:00", "ended": "2026-09-16T00:57:43.148184+00:00", "seconds": 4.801, "exit_code": 0}
{"name": "final-test_apf_splb_add_multiple_formations", "started": "2026-09-16T00:57:43.148734+00:00", "ended": "2026-09-16T00:57:43.774686+00:00", "seconds": 0.626, "exit_code": 0}
{"name": "final-test_apf_splb_formation_personnel", "started": "2026-09-16T00:57:43.775188+00:00", "ended": "2026-09-16T00:57:44.990196+00:00", "seconds": 1.215, "exit_code": 0}
{"name": "final-test_apf_playcall_research_native", "started": "2026-09-16T00:53:54.999593+00:00", "ended": "2026-09-16T00:57:45.558150+00:00", "seconds": 230.559, "exit_code": 0}
{"name": "final-test_apf_splb_writer", "started": "2026-09-16T00:57:45.558637+00:00", "ended": "2026-09-16T00:57:45.942895+00:00", "seconds": 0.384, "exit_code": 0}
{"name": "final-test_apf_stadium_material_findings", "started": "2026-09-16T00:57:45.943463+00:00", "ended": "2026-09-16T00:57:46.072396+00:00", "seconds": 0.129, "exit_code": 0}
{"name": "final-test_apf_stadium_model_import", "started": "2026-09-16T00:57:46.073093+00:00", "ended": "2026-09-16T00:57:46.367333+00:00", "seconds": 0.294, "exit_code": 0}
{"name": "final-test_apf_stadium_studio", "started": "2026-09-16T00:57:46.367923+00:00", "ended": "2026-09-16T00:57:46.616822+00:00", "seconds": 0.249, "exit_code": 0}
{"name": "final-test_apf_stadium_studio_gui", "started": "2026-09-16T00:57:46.617406+00:00", "ended": "2026-09-16T00:57:47.210623+00:00", "seconds": 0.593, "exit_code": 0}
{"name": "final-test_apf_splb_tag_reassignment", "started": "2026-09-16T00:57:44.990947+00:00", "ended": "2026-09-16T00:57:47.258539+00:00", "seconds": 2.268, "exit_code": 0}
{"name": "final-test_apf_stfs_roster_rehash", "started": "2026-09-16T00:57:47.259120+00:00", "ended": "2026-09-16T00:57:47.928472+00:00", "seconds": 0.669, "exit_code": 0}
{"name": "final-test_apf_studio_audio_gui", "started": "2026-09-16T00:57:47.928908+00:00", "ended": "2026-09-16T00:57:49.154371+00:00", "seconds": 1.225, "exit_code": 0}
{"name": "final-test_apf_studio_core", "started": "2026-09-16T00:57:49.155128+00:00", "ended": "2026-09-16T00:57:49.422298+00:00", "seconds": 0.267, "exit_code": 0}
{"name": "final-test_apf_studio_draft_logo", "started": "2026-09-16T00:57:49.422889+00:00", "ended": "2026-09-16T00:57:49.976257+00:00", "seconds": 0.553, "exit_code": 0}
{"name": "final-test_apf_shell_search_accessibility_qt", "started": "2026-09-16T00:57:39.917840+00:00", "ended": "2026-09-16T00:57:51.486641+00:00", "seconds": 11.569, "exit_code": 0}
{"name": "final-test_apf_studio_inspectors", "started": "2026-09-16T00:57:49.976860+00:00", "ended": "2026-09-16T00:57:52.471300+00:00", "seconds": 2.494, "exit_code": 0}
{"name": "final-test_apf_studio_safety", "started": "2026-09-16T00:57:52.471934+00:00", "ended": "2026-09-16T00:57:52.940124+00:00", "seconds": 0.468, "exit_code": 0}
{"name": "final-test_apf_studio_text_edit", "started": "2026-09-16T00:57:52.941173+00:00", "ended": "2026-09-16T00:57:53.487834+00:00", "seconds": 0.547, "exit_code": 0}
{"name": "final-test_apf_team_art", "started": "2026-09-16T00:57:53.488229+00:00", "ended": "2026-09-16T00:58:04.314076+00:00", "seconds": 10.826, "exit_code": 0}
{"name": "final-test_apf_studio_installer", "started": "2026-09-16T00:57:51.487132+00:00", "ended": "2026-09-16T00:58:04.540392+00:00", "seconds": 13.053, "exit_code": 1}
{"name": "final-test_apf_team_art_qt", "started": "2026-09-16T00:58:04.314616+00:00", "ended": "2026-09-16T00:58:04.924275+00:00", "seconds": 0.61, "exit_code": 0}
{"name": "final-test_apf_team_crest_selection", "started": "2026-09-16T00:58:04.541466+00:00", "ended": "2026-09-16T00:58:05.247337+00:00", "seconds": 0.706, "exit_code": 0}
{"name": "final-test_apf_text_sheet_gui", "started": "2026-09-16T00:58:05.247795+00:00", "ended": "2026-09-16T00:58:05.835216+00:00", "seconds": 0.587, "exit_code": 0}
{"name": "final-test_apf_textlogo_gui", "started": "2026-09-16T00:58:05.835610+00:00", "ended": "2026-09-16T00:58:06.706706+00:00", "seconds": 0.871, "exit_code": 0}
{"name": "final-test_apf_team_logo_gui", "started": "2026-09-16T00:58:04.925118+00:00", "ended": "2026-09-16T00:58:07.128057+00:00", "seconds": 2.203, "exit_code": 0}
{"name": "final-test_apf_number_texture_writer", "started": "2026-09-16T00:53:35.209583+00:00", "ended": "2026-09-16T00:58:14.369353+00:00", "seconds": 279.16, "exit_code": 0}
{"name": "final-test_apf_uniform_allocation_capacity", "started": "2026-09-16T00:58:14.369827+00:00", "ended": "2026-09-16T00:58:15.794881+00:00", "seconds": 1.425, "exit_code": 0}
{"name": "final-test_apf_uniform_equipment_colors", "started": "2026-09-16T00:58:15.795439+00:00", "ended": "2026-09-16T00:58:23.683911+00:00", "seconds": 7.888, "exit_code": 0}
{"name": "final-test_apf_uniform_equipment_colors_gui", "started": "2026-09-16T00:58:23.684413+00:00", "ended": "2026-09-16T00:58:23.899292+00:00", "seconds": 0.215, "exit_code": 0}
{"name": "final-test_apf_uniform_independence", "started": "2026-09-16T00:58:23.899951+00:00", "ended": "2026-09-16T00:58:25.385345+00:00", "seconds": 1.485, "exit_code": 0}
{"name": "final-test_apf_theme_layout_qt", "started": "2026-09-16T00:58:07.128527+00:00", "ended": "2026-09-16T00:58:26.514143+00:00", "seconds": 19.386, "exit_code": 0}
{"name": "final-test_apf_uniform_inventory_gui", "started": "2026-09-16T00:58:25.386062+00:00", "ended": "2026-09-16T00:58:28.016050+00:00", "seconds": 2.63, "exit_code": 0}
{"name": "final-test_apf_wordmark_regions", "started": "2026-09-16T00:58:28.016451+00:00", "ended": "2026-09-16T00:58:28.198456+00:00", "seconds": 0.182, "exit_code": 0}
{"name": "final-test_apf_wave_integration", "started": "2026-09-16T00:58:26.514754+00:00", "ended": "2026-09-16T00:58:41.170463+00:00", "seconds": 14.656, "exit_code": 0}
{"name": "final-test_apf_xenia_edge", "started": "2026-09-16T00:58:41.171262+00:00", "ended": "2026-09-16T00:58:41.360432+00:00", "seconds": 0.189, "exit_code": 0}
{"name": "final-test_apf_xenos_4444_mip_layout", "started": "2026-09-16T00:58:41.360872+00:00", "ended": "2026-09-16T00:58:43.306302+00:00", "seconds": 1.945, "exit_code": 0}
{"name": "final-test_apf_xenos_4444_png", "started": "2026-09-16T00:58:43.306987+00:00", "ended": "2026-09-16T00:58:43.402260+00:00", "seconds": 0.095, "exit_code": 0}
{"name": "final-test_apf_xenos_extra_formats_png", "started": "2026-09-16T00:58:43.403041+00:00", "ended": "2026-09-16T00:58:43.496620+00:00", "seconds": 0.094, "exit_code": 0}
{"name": "final-test_apf_xex_image", "started": "2026-09-16T00:58:43.497254+00:00", "ended": "2026-09-16T00:58:44.615632+00:00", "seconds": 1.118, "exit_code": 0}
{"name": "final-test_apf_stadium_texture", "started": "2026-09-16T00:57:47.211220+00:00", "ended": "2026-09-16T00:59:05.528264+00:00", "seconds": 78.317, "exit_code": 0}
{"name": "final-test_apf_xma1_wizard_gui", "started": "2026-09-16T00:59:05.528918+00:00", "ended": "2026-09-16T00:59:07.458135+00:00", "seconds": 1.929, "exit_code": 0}
{"name": "final-test_apf_textlogo_writer", "started": "2026-09-16T00:58:06.707638+00:00", "ended": "2026-09-16T00:59:07.712275+00:00", "seconds": 61.005, "exit_code": 0}
{"name": "final-test_apf_workspace_recovery", "started": "2026-09-16T00:58:28.198936+00:00", "ended": "2026-09-16T00:59:39.119515+00:00", "seconds": 70.921, "exit_code": 0}
{"name": "final-test_b69_a1_playcalling", "started": "2026-09-16T00:59:07.458755+00:00", "ended": "2026-09-16T00:59:54.410306+00:00", "seconds": 46.952, "exit_code": 0}
{"name": "final-test_apf_xex_image_retail", "started": "2026-09-16T00:58:44.616444+00:00", "ended": "2026-09-16T01:00:00.973655+00:00", "seconds": 76.357, "exit_code": 0}
