{"name": "final-test_colour_lighting_qt", "started": "2026-09-16T00:33:14.423989+00:00", "ended": "2026-09-16T00:33:17.474638+00:00", "seconds": 3.051, "exit_code": 0}
{"name": "final-test_nfl2k5_modern_color", "started": "2026-09-16T00:33:14.424596+00:00", "ended": "2026-09-16T00:33:21.701494+00:00", "seconds": 7.277, "exit_code": 0}
{"name": "final-test_nfl2k5_scorebar_rim", "started": "2026-09-16T00:33:14.425366+00:00", "ended": "2026-09-16T00:33:32.167967+00:00", "seconds": 17.743, "exit_code": 0}
{"name": "final-test_nfl2k5_scorebug_author", "started": "2026-09-16T00:33:32.168620+00:00", "ended": "2026-09-16T00:33:39.083459+00:00", "seconds": 6.915, "exit_code": 0}
{"name": "final-test_colour_lighting", "started": "2026-09-16T00:33:14.423610+00:00", "ended": "2026-09-16T00:33:47.828560+00:00", "seconds": 33.405, "exit_code": 0}
{"name": "final-test_nfl2k5_scorebug_fonts", "started": "2026-09-16T00:33:47.829115+00:00", "ended": "2026-09-16T00:33:59.874493+00:00", "seconds": 12.045, "exit_code": 0}
{"name": "final-test_nfl2k5_scorebar_v3", "started": "2026-09-16T00:33:17.475525+00:00", "ended": "2026-09-16T00:35:03.885406+00:00", "seconds": 106.41, "exit_code": 0}
{"name": "final-test_nfl2k5_scorebug_exact", "started": "2026-09-16T00:33:39.084040+00:00", "ended": "2026-09-16T00:35:09.323178+00:00", "seconds": 90.239, "exit_code": 0}
{"name": "final-test_nfl2k5_scorebug_ingame", "started": "2026-09-16T00:35:09.323784+00:00", "ended": "2026-09-16T00:35:27.279805+00:00", "seconds": 17.956, "exit_code": 0}
{"name": "final-test_nfl2k5_scorebug_assets", "started": "2026-09-16T00:33:21.702112+00:00", "ended": "2026-09-16T00:35:57.641160+00:00", "seconds": 155.939, "exit_code": 0}
{"name": "final-test_nfl2k5_scorebug_mnf", "started": "2026-09-16T00:35:57.641759+00:00", "ended": "2026-09-16T00:36:10.278069+00:00", "seconds": 12.636, "exit_code": 0}
{"name": "final-test_nfl2k5_scorebug_mnf_v3", "started": "2026-09-16T00:36:10.279054+00:00", "ended": "2026-09-16T00:37:07.603210+00:00", "seconds": 57.324, "exit_code": 0}
{"name": "final-test_nfl2k5_scorebug_ingame_fix", "started": "2026-09-16T00:35:27.280929+00:00", "ended": "2026-09-16T00:38:05.465258+00:00", "seconds": 158.184, "exit_code": 0}
{"name": "final-test_nfl2k5_scorebug_projection", "started": "2026-09-16T00:38:05.465844+00:00", "ended": "2026-09-16T00:39:14.154024+00:00", "seconds": 68.688, "exit_code": 0}
{"name": "final-test_nfl2k5_scorebug_native", "started": "2026-09-16T00:37:07.604013+00:00", "ended": "2026-09-16T00:39:23.853037+00:00", "seconds": 136.249, "exit_code": 0}
{"name": "final-test_nfl2k5_scorebug_freeze", "started": "2026-09-16T00:33:59.875182+00:00", "ended": "2026-09-16T00:39:41.558944+00:00", "seconds": 341.684, "exit_code": 0}
{"name": "final-test_nfl2k5_scorebug_source_art", "started": "2026-09-16T00:39:41.559522+00:00", "ended": "2026-09-16T00:39:42.243372+00:00", "seconds": 0.684, "exit_code": 0}
{"name": "final-test_nfl2k5_scorebug_template", "started": "2026-09-16T00:39:42.244060+00:00", "ended": "2026-09-16T00:39:55.907469+00:00", "seconds": 13.663, "exit_code": 0}
{"name": "final-test_nfl2k5_scorebug_template_release", "started": "2026-09-16T00:39:55.908038+00:00", "ended": "2026-09-16T00:39:56.514144+00:00", "seconds": 0.606, "exit_code": 0}
{"name": "final-test_nfl2k5_scorebug_unified_adapter", "started": "2026-09-16T00:39:56.514729+00:00", "ended": "2026-09-16T00:39:56.709255+00:00", "seconds": 0.195, "exit_code": 0}
{"name": "final-test_nfl2k5_scorebug_v10_ingame", "started": "2026-09-16T00:39:56.709905+00:00", "ended": "2026-09-16T00:40:06.402442+00:00", "seconds": 9.693, "exit_code": 0}
{"name": "final-test_nfl2k5_scorebug_v10_projection", "started": "2026-09-16T00:40:06.403071+00:00", "ended": "2026-09-16T00:40:36.754361+00:00", "seconds": 30.351, "exit_code": 0}
{"name": "final-test_nfl2k5_scorebug_versions", "started": "2026-09-16T00:40:36.755023+00:00", "ended": "2026-09-16T00:40:47.989987+00:00", "seconds": 11.235, "exit_code": 0}
{"name": "final-test_scorebug_studio_panel_qt", "started": "2026-09-16T00:40:47.990859+00:00", "ended": "2026-09-16T00:40:55.883255+00:00", "seconds": 7.892, "exit_code": 0}
{"name": "final-test_unif_color_argb_parse", "started": "2026-09-16T00:40:55.884398+00:00", "ended": "2026-09-16T00:40:56.995419+00:00", "seconds": 1.111, "exit_code": 0}
{"name": "final-test_unif_color_control", "started": "2026-09-16T00:40:56.996036+00:00", "ended": "2026-09-16T00:41:07.274508+00:00", "seconds": 10.278, "exit_code": 0}
{"name": "final-nfl2k5_scorebug_layout_test", "started": "2026-09-16T00:41:07.275037+00:00", "ended": "2026-09-16T00:41:09.553208+00:00", "seconds": 2.278, "exit_code": 0}
{"name": "final-nfl2k5_scorebug_mod_project_test", "started": "2026-09-16T00:41:09.554073+00:00", "ended": "2026-09-16T00:41:11.437124+00:00", "seconds": 1.883, "exit_code": 0}
{"name": "final-nfl_uniform_color_patch_test", "started": "2026-09-16T00:41:11.437748+00:00", "ended": "2026-09-16T00:41:11.531007+00:00", "seconds": 0.093, "exit_code": 2}
{"name": "final-test_nfl_uniform_colour_records", "started": "2026-09-16T00:41:11.531494+00:00", "ended": "2026-09-16T00:41:14.609360+00:00", "seconds": 3.078, "exit_code": 0}
{"name": "final-test_nfl2k5_scorebug_runtime", "started": "2026-09-16T00:39:23.853454+00:00", "ended": "2026-09-16T00:41:42.466914+00:00", "seconds": 138.613, "exit_code": 0}
{"name": "final-test_b71_a6_composition", "started": "2026-09-16T00:41:42.467620+00:00", "ended": "2026-09-16T00:41:42.783762+00:00", "seconds": 0.316, "exit_code": 0}
{"name": "final-test_build_panel_qt", "started": "2026-09-16T00:41:42.784411+00:00", "ended": "2026-09-16T00:41:45.920025+00:00", "seconds": 3.136, "exit_code": 0}
{"name": "final-test_nfl2k5_scorebug_freeze_v2", "started": "2026-09-16T00:35:03.886431+00:00", "ended": "2026-09-16T00:41:47.601811+00:00", "seconds": 403.715, "exit_code": 0}
{"name": "final-test_mod_build", "started": "2026-09-16T00:41:45.920570+00:00", "ended": "2026-09-16T00:41:47.883132+00:00", "seconds": 1.963, "exit_code": 0}
{"name": "final-test_nfl2k5_modern_arrowhead", "started": "2026-09-16T00:41:14.609891+00:00", "ended": "2026-09-16T00:41:48.642851+00:00", "seconds": 34.033, "exit_code": 0}
{"name": "final-test_discord_bugs_1", "started": "2026-09-16T00:41:47.602360+00:00", "ended": "2026-09-16T00:41:49.185576+00:00", "seconds": 1.583, "exit_code": 0}
{"name": "final-test_nfl2k5_depth_chart_rows", "started": "2026-09-16T00:41:47.883697+00:00", "ended": "2026-09-16T00:42:36.369896+00:00", "seconds": 48.486, "exit_code": 0}
{"name": "final-test_nfl2k5_scorebug_resources", "started": "2026-09-16T00:39:14.154618+00:00", "ended": "2026-09-16T00:43:01.369224+00:00", "seconds": 227.215, "exit_code": 0}
