[18:56:03]   Modern helmets: classic equipment on the historic teams 1/2
[18:56:03]   Modern helmets: done 2/2
[18:56:03]   Writing the custom intro video
[18:56:28]   copy 0/8012931072
[18:57:14]   archive 0/4451
[18:57:21]   verify 1/4451
[18:58:09]   Checking native play scoring: book 307 0/37
[18:58:15]   Checking native play scoring: book 308 1/37
[18:58:22]   Checking native play scoring: book 309 2/37
[18:58:28]   Checking native play scoring: book 310 3/37
[18:58:35]   Checking native play scoring: book 311 4/37
[18:58:41]   Checking native play scoring: book 312 5/37
[18:58:48]   Checking native play scoring: book 313 6/37
[18:58:55]   Checking native play scoring: book 314 7/37
[18:59:01]   Checking native play scoring: book 315 8/37
[18:59:07]   Checking native play scoring: book 316 9/37
[18:59:14]   Checking native play scoring: book 317 10/37
[18:59:20]   Checking native play scoring: book 318 11/37
[18:59:21]   Checking native play scoring: book 319 12/37
[18:59:27]   Checking native play scoring: book 320 13/37
[18:59:36]   Checking native play scoring: book 321 14/37
[18:59:42]   Checking native play scoring: book 322 15/37
[18:59:49]   Checking native play scoring: book 323 16/37
[18:59:56]   Checking native play scoring: book 324 17/37
[19:00:02]   Checking native play scoring: book 325 18/37
[19:00:09]   Checking native play scoring: book 326 19/37
[19:00:15]   Checking native play scoring: book 327 20/37
[19:00:22]   Checking native play scoring: book 328 21/37
[19:00:28]   Checking native play scoring: book 329 22/37
[19:00:35]   Checking native play scoring: book 330 23/37
[19:00:42]   Checking native play scoring: book 331 24/37
[19:00:48]   Checking native play scoring: book 332 25/37
[19:00:55]   Checking native play scoring: book 333 26/37
[19:01:02]   Checking native play scoring: book 334 27/37
[19:01:06]   Checking native play scoring: book 335 28/37
[19:01:17]   Checking native play scoring: book 336 29/37
[19:01:23]   Checking native play scoring: book 337 30/37
[19:01:30]   Checking native play scoring: book 338 31/37
[19:01:36]   Checking native play scoring: book 339 32/37
[19:01:43]   Checking native play scoring: book 340 33/37
[19:01:49]   Checking native play scoring: book 341 34/37
[19:01:55]   Checking native play scoring: book 342 35/37
[19:02:02]   Checking native play scoring: book 343 36/37
[19:02:11]   Checking native play scoring: book 4418 37/37
[19:02:20]   Checking native play scoring: book 4419 38/37
[19:02:28]   Checking native play scoring: book 4420 39/37
[19:02:37]   Checking native play scoring: book 4421 40/37
[19:02:46]   Checking native play scoring: book 4422 41/37
[19:02:55]   Checking native play scoring: book 4423 42/37
[19:03:04]   Checking native play scoring: book 4424 43/37
[19:03:13]   Checking native play scoring: book 4425 44/37
[19:03:22]   Checking native play scoring: book 4426 45/37
[19:03:30]   Checking native play scoring: book 4427 46/37
[19:03:39]   Checking native play scoring: book 4428 47/37
[19:03:47]   Checking native play scoring: book 4429 48/37
[19:03:57]   Checking native play scoring: book 4430 49/37
[19:04:05]   Checking native play scoring: book 4431 50/37
[19:04:14]   Checking native play scoring: book 4432 51/37
[19:04:22]   Checking native play scoring: book 4433 52/37
[19:04:30]   Checking native play scoring: book 4434 53/37
[19:04:40]   Checking native play scoring: book 4435 54/37
[19:04:49]   Checking native play scoring: book 4436 55/37
[19:04:58]   Checking native play scoring: book 4437 56/37
[19:05:06]   Checking native play scoring: book 4438 57/37
[19:05:16]   Checking native play scoring: book 4439 58/37
[19:05:24]   Checking native play scoring: book 4440 59/37
[19:05:33]   Checking native play scoring: book 4441 60/37
[19:05:42]   Checking native play scoring: book 4442 61/37
[19:05:50]   Checking native play scoring: book 4443 62/37
[19:05:59]   Checking native play scoring: book 4444 63/37
[19:06:08]   Checking native play scoring: book 4445 64/37
[19:06:16]   Checking native play scoring: book 4446 65/37
[19:06:25]   Checking native play scoring: book 4447 66/37
[19:06:35]   Checking native play scoring: book 4448 67/37
[19:06:43]   Checking native play scoring: book 4449 68/37
[19:06:54]   Hashing the verified disc
[19:07:09]   The copy differs from your source. Review the Build summary for its selected contents and any edits kept original.
[19:07:09]   Publishing the verified disc
[19:07:11] applied 96, not applied 0
[19:07:11] TEAMS2026_BUILD_OK target=/media/noah/Storage/.b76-research/e2/astra-build/candidate_B_e2.xiso.iso bytes=8012931072 seconds=11477
