{
  "builder_prepared_only": true,
  "builder_name": "NFL 2K5 MOD TEST 2026-09-16p (down label fix)",
  "plan_function_identical_to_disc_n": true,
  "options": [
    "scorebug",
    "scorebug_runtime",
    "modern_color",
    "modern_arrowhead",
    "widescreen"
  ],
  "unchanged_sources": {
    "mod_editor/core/nfl2k5_scorebug_runtime.py": "d783f7d0e4a50bcebbc099a204bb0e64c3936ed5ed17a8ee615275e612262890",
    "tools/scorebug_sprite/runtime.c": "9716ad1244ec8b44f53a9206c2d4a87aca5667662e4e82b75df6b44ca23be145",
    "mod_editor/core/nfl2k5_scorebug_ingame.py": "7b37ab8120a1bfe7322cf074fbfa8bf095a21daf54311f038927f83f35a5e81a",
    "mod_editor/core/nfl2k5_scorebar_v3.py": "406ed027b583e9d49dee9a671eab085af171c2d2b50ab5bc115e487ff45d5d91"
  },
  "owner_bytes": 4096,
  "owner_sha256": "3ac2cc0192032ad2b3b295e97ce0ad7a7c00a89807b2b95eb50ba71c6e8025f4",
  "owner_labels": {
    "setup": 3365,
    "static_body_done": 176,
    "score_callback0": 240,
    "score_callback1": 250,
    "play_callback": 260,
    "clock_callback0": 270,
    "clock_callback1": 280,
    "clock_font_done": 290,
    "quarter_font_done": 319,
    "dash_callback0": 340,
    "dash_callback1": 350,
    "setup_done": 360,
    "update": 3444,
    "dt_ok": 448,
    "plate": 648,
    "plate_side": 707,
    "clock": 712,
    "populated": 794,
    "update_done": 804,
    "update_side": 815,
    "hide": 842,
    "no_material": 846,
    "seed": 869,
    "side_done": 904,
    "setup_side": 905,
    "setup_hide": 951,
    "setup_mask": 955,
    "mask_name": 973,
    "setup_side_end": 999,
    "score_text0": 1000,
    "score_text1": 1007,
    "score_common": 1012,
    "score_loop": 1030,
    "score_end": 1043,
    "load_side": 1044,
    "identity_ok": 1162,
    "neutral": 1168,
    "texture_found": 1228,
    "color_done": 1246,
    "play_text": 1250,
    "play_text_done": 1268,
    "clock_text0": 1275,
    "clock_text1": 1282,
    "clock_common": 1287,
    "clock_digit_loop": 1296,
    "clock_digit_next": 1316,
    "clock_digit_end": 1320,
    "dash_text0": 1321,
    "dash_text1": 1328,
    "dash_common": 1333,
    "dash_write": 1349,
    "dash_loop": 1353,
    "dash_end": 1374,
    "setup_legacy": 3437,
    "update_legacy": 3522,
    "base": 1413,
    "color": 1460,
    "logo": 1484,
    "sprite_blank": 1408,
    "sprite_setup": 1657,
    "sprite_update": 2013
  },
  "volume": [
    34,
    323808,
    323584
  ],
  "native_gpu_unwitnessed": true
}
