owner code identical True {'owner': 'nfl2k5_scorebug_runtime', 'kind': 'code', 'size': 4096, 'align': 16, 'va': 21867136, 'raw': 12102272, 'owner_offset': 0}
scene 20352 e7fbe22e03ea114259f4505507d1614bb9d3327a9590ddc3250a7678b07a2c9f
fields
(1, 48, 3, 18744, 11, 4292993505, 0, 0, -3745, -7201, 1911, 3121, 1, 0)
(0, 60, 3, 18744, 11, 4292993505, 0, 0, 6761, -7201, 1911, 3121, 1, 0)
(5, 72, 5, 17184, 12, 4278190080, 0, 0, 1560, -8528, 1911, 2080, 1, 0)
(6, 92, 2, 19184, 26, 4294967295, 1, 11098736, 3888, -8625, 1911, 1170, 1, 0)
(4, 100, 3, 19184, 26, 4280163870, 0, 0, -754, -8625, 1911, 1092, 1, 0)
(3, 112, 3, 20224, 1, 4294375158, 0, 0, -4759, -9369, 1911, 2080, 0, 0)
(2, 124, 3, 20224, 1, 4294375158, 0, 0, 5721, -9369, 1911, 2080, 0, 0)
(7, 136, 8, 17664, 27, 4294967295, 0, 11098624, 1560, -6877, 1911, 5721, 1, 0)
routine 0xfc7d0 identical True
routine 0xfbc70 identical True
routine 0x243d0 identical True
routine 0xfc9c0 identical False
changed visibility bytes ['0xfc9f6', '0xfc9f7', '0xfc9f8', '0xfc9f9', '0xfc9fa', '0xfca8d', '0xfca8e', '0xfca91', '0xfca92', '0xfca96', '0xfca97', '0xfca98', '0xfca99', '0xfca9a', '0xfca9c', '0xfca9d', '0xfca9e', '0xfca9f', '0xfcaa0', '0xfcaa2', '0xfcaa3', '0xfcaa6', '0xfcaa7', '0xfcaaa', '0xfcaab', '0xfcaac', '0xfcaad', '0xfcaae', '0xfcab2', '0xfcab3', '0xfcab4', '0xfcab5', '0xfcab6', '0xfcab7', '0xfcab8', '0xfcab9', '0xfcaba', '0xfcabc', '0xfcabd', '0xfcabe', '0xfcabf', '0xfcac0', '0xfcac1', '0xfcac2', '0xfcac3', '0xfcac4', '0xfcac5', '0xfcac6', '0xfcac7', '0xfcac8', '0xfcac9', '0xfcaca', '0xfcacb', '0xfcacc', '0xfcacd', '0xfcace', '0xfcacf', '0xfcad0', '0xfcad1', '0xfcad2', '0xfcad3', '0xfcad4', '0xfcad5', '0xfcad6', '0xfcad7', '0xfcad8', '0xfcad9', '0xfcada', '0xfcadb', '0xfcadc', '0xfcadd', '0xfcade', '0xfcadf', '0xfcae0', '0xfcae1', '0xfcae2', '0xfcae3', '0xfcae4', '0xfcae5', '0xfcae6', '0xfcae7', '0xfcae8', '0xfcae9', '0xfcaea', '0xfcaeb', '0xfcaec', '0xfcaed', '0xfcaee', '0xfcaef', '0xfcaf0', '0xfcaf1', '0xfcaf2', '0xfcaf3', '0xfcaf4', '0xfcaf5', '0xfcaf6', '0xfcaf7', '0xfcaf8', '0xfcaf9', '0xfcafa', '0xfcafb', '0xfcafc', '0xfcafd', '0xfcafe', '0xfcaff', '0xfcb00', '0xfcb01', '0xfcb02', '0xfcb05', '0xfcb06', '0xfcb07', '0xfcb08', '0xfcb09', '0xfcb0a', '0xfcb0b', '0xfcb0c', '0xfcb0d', '0xfcb0e', '0xfcb0f', '0xfcb10', '0xfcb11', '0xfcb12', '0xfcb13', '0xfcb14', '0xfcb15', '0xfcb16', '0xfcb17', '0xfcb18', '0xfcb19', '0xfcb1a', '0xfcb1d', '0xfcb1e', '0xfcb1f', '0xfcb20', '0xfcb21', '0xfcb22', '0xfcb23', '0xfcb24', '0xfcb25', '0xfcb26', '0xfcb27', '0xfcb28', '0xfcb29', '0xfcb2a', '0xfcb2b', '0xfcb2c', '0xfcb2d', '0xfcb2e', '0xfcb2f', '0xfcb30', '0xfcb31', '0xfcb32', '0xfcb33', '0xfcb34', '0xfcb35', '0xfcb36', '0xfcb37', '0xfcb38', '0xfcb39', '0xfcb3a', '0xfcb3b', '0xfcb3c', '0xfcb3d', '0xfcb3e', '0xfcb3f', '0xfcb40', '0xfcb41', '0xfcb42', '0xfcb43', '0xfcb44', '0xfcb45', '0xfcb46', '0xfcb47', '0xfcb48', '0xfcb49', '0xfcb4a', '0xfcb4b', '0xfcb4c', '0xfcb4d', '0xfcb4e', '0xfcb4f', '0xfcb50', '0xfcb51', '0xfcb52', '0xfcb53', '0xfcb54', '0xfcb55', '0xfcb56', '0xfcb57', '0xfcb58', '0xfcb59', '0xfcb5a', '0xfcb5b', '0xfcb5c', '0xfcb5d', '0xfcb5e', '0xfcb5f', '0xfcb60', '0xfcb61', '0xfcb62', '0xfcb63', '0xfcb64', '0xfcb65', '0xfcb66', '0xfcb67', '0xfcb68', '0xfcb69', '0xfcb6a', '0xfcb6b', '0xfcb6d', '0xfcb6e', '0xfcb6f', '0xfcb70', '0xfcb71', '0xfcb72', '0xfcb73', '0xfcb74', '0xfcb75', '0xfcb76', '0xfcb77', '0xfcb78', '0xfcb79', '0xfcb7a', '0xfcb7b', '0xfcb7c', '0xfcb7d', '0xfcb7e', '0xfcb7f', '0xfcb80', '0xfcb81', '0xfcb82', '0xfcb83', '0xfcb84', '0xfcb85', '0xfcb86', '0xfcb87', '0xfcb88', '0xfcb89', '0xfcb8a', '0xfcb8b', '0xfcb8c', '0xfcb8d', '0xfcb8e', '0xfcb8f', '0xfcb90', '0xfcb91', '0xfcb92', '0xfcb93', '0xfcb94', '0xfcb95', '0xfcb96', '0xfcb97', '0xfcb98', '0xfcb99', '0xfcb9a', '0xfcb9b', '0xfcb9c', '0xfcb9d', '0xfcb9e', '0xfcb9f', '0xfcba0', '0xfcba1', '0xfcba2', '0xfcba3', '0xfcba5', '0xfcba6', '0xfcba7', '0xfcba8', '0xfcba9', '0xfcbaa', '0xfcbab', '0xfcbac', '0xfcbad', '0xfcbae', '0xfcbaf', '0xfcbb0', '0xfcbb1', '0xfcbb2', '0xfcbb3', '0xfcbb4', '0xfcbb5', '0xfcbb6', '0xfcbb7', '0xfcbb8', '0xfcbb9', '0xfcbba', '0xfcbbb', '0xfcbbc', '0xfcbbd', '0xfcbbe', '0xfcbbf', '0xfcbc0', '0xfcbc1', '0xfcbc2', '0xfcbc3', '0xfcbc4', '0xfcbc5', '0xfcbc6', '0xfcbc7', '0xfcbc8', '0xfcbc9', '0xfcbca', '0xfcbcb', '0xfcbcc', '0xfcbcd', '0xfcbce', '0xfcbcf', '0xfcbd0', '0xfcbd1', '0xfcbd2', '0xfcbd3', '0xfcbd4', '0xfcbd5', '0xfcbd6', '0xfcbd7', '0xfcbd8', '0xfcbd9', '0xfcbda', '0xfcbdb', '0xfcbdc', '0xfcbdd', '0xfcbde', '0xfcbdf', '0xfcbe0', '0xfcbe1', '0xfcbe2', '0xfcbe3', '0xfcbe4', '0xfcbe5', '0xfcbe6', '0xfcbe7', '0xfcbe8', '0xfcbe9', '0xfcbea', '0xfcbeb', '0xfcbec', '0xfcbed', '0xfcbee', '0xfcbef', '0xfcbf0', '0xfcbf1', '0xfcbf2', '0xfcbf3', '0xfcbf4', '0xfcbf5', '0xfcbf6', '0xfcbf7', '0xfcbf8', '0xfcbf9', '0xfcbfa', '0xfcbfb', '0xfcbfc', '0xfcbfd', '0xfcbfe', '0xfcbff', '0xfcc00', '0xfcc01', '0xfcc02', '0xfcc03', '0xfcc04', '0xfcc05', '0xfcc06', '0xfcc07', '0xfcc08', '0xfcc09', '0xfcc0a', '0xfcc0b', '0xfcc0c', '0xfcc0d', '0xfcc0e', '0xfcc0f', '0xfcc10', '0xfcc11', '0xfcc12', '0xfcc13', '0xfcc14', '0xfcc15', '0xfcc16', '0xfcc17', '0xfcc18', '0xfcc19', '0xfcc1a', '0xfcc1b', '0xfcc1c', '0xfcc1d', '0xfcc1e', '0xfcc1f', '0xfcc20', '0xfcc21', '0xfcc22', '0xfcc23', '0xfcc24', '0xfcc25', '0xfcc26', '0xfcc27', '0xfcc28', '0xfcc29', '0xfcc2a', '0xfcc2b', '0xfcc2c', '0xfcc2d', '0xfcc2e', '0xfcc2f', '0xfcc30', '0xfcc31', '0xfcc32', '0xfcc33', '0xfcc34', '0xfcc35', '0xfcc36', '0xfcc37', '0xfcc38', '0xfcc39', '0xfcc3a', '0xfcc3b', '0xfcc3c', '0xfcc3d', '0xfcc3e', '0xfcc3f', '0xfcc40', '0xfcc41', '0xfcc42', '0xfcc43', '0xfcc44', '0xfcc45', '0xfcc46', '0xfcc47', '0xfcc48', '0xfcc49', '0xfcc4b', '0xfcc4c', '0xfcc4d', '0xfcc4e', '0xfcc4f', '0xfcc50', '0xfcc51', '0xfcc53', '0xfcc54', '0xfcc55', '0xfcc56', '0xfcc57', '0xfcc58', '0xfcc59', '0xfcc5a', '0xfcc5b', '0xfcc5c', '0xfcc5d', '0xfcc5e', '0xfcc5f', '0xfcc60', '0xfcc61', '0xfcc62', '0xfcc63', '0xfcc64', '0xfcc65', '0xfcc66', '0xfcc67', '0xfcc68', '0xfcc69', '0xfcc6a', '0xfcc6b', '0xfcc6c', '0xfcc6d', '0xfcc6e', '0xfcc6f', '0xfcc70', '0xfcc71', '0xfcc72', '0xfcc73', '0xfcc74', '0xfcc75', '0xfcc76', '0xfcc77', '0xfcc78', '0xfcc79', '0xfcc7a', '0xfcc7b', '0xfcc7c', '0xfcc7d', '0xfcc7e', '0xfcc7f', '0xfcc80', '0xfcc81', '0xfcc82', '0xfcc83', '0xfcc84', '0xfcc85', '0xfcc86', '0xfcc87', '0xfcc88', '0xfcc89', '0xfcc8a', '0xfcc8b', '0xfcc8c', '0xfcc8d', '0xfcc8e', '0xfcc8f', '0xfcc90', '0xfcc91', '0xfcc92', '0xfcc93', '0xfcc94', '0xfcc95', '0xfcc96', '0xfcc97', '0xfcc98', '0xfcc99', '0xfcc9a', '0xfcc9b', '0xfcc9c', '0xfcc9d', '0xfcc9e', '0xfcc9f', '0xfcca0', '0xfcca1', '0xfcca2', '0xfcca3', '0xfcca4', '0xfcca5', '0xfcca6', '0xfcca7', '0xfcca8', '0xfcca9', '0xfccaa', '0xfccab', '0xfccac', '0xfccad', '0xfccae', '0xfccaf', '0xfccb0', '0xfccb1', '0xfccb2', '0xfccb3', '0xfccb4', '0xfccb5', '0xfccb6', '0xfccb7', '0xfccb9', '0xfccba', '0xfccbb', '0xfccbd', '0xfccbe', '0xfccbf', '0xfccc0', '0xfccc1', '0xfccc2', '0xfccc3', '0xfccc4', '0xfccc5', '0xfccc6', '0xfccc7', '0xfccc8']
0xfc9f6 nop
0xfc9f7 nop
0xfc9f8 nop
0xfc9f9 nop
0xfc9fa nop
0xfca8d cmp esi, edi
0xfca8f je 0xfcbea
0xfca96 push ebp
0xfca97 mov ebp, 0xa95bb0
0xfca9c mov ebx, dword ptr [0xe602ec]
0xfcaa2 xor edx, edx
0xfcaa4 cmp dword ptr [ebx + 0x160], edi
0xfcaaa jne 0xfcabc
0xfcaac cmp dword ptr [ebx + 0x98], edi
0xfcab2 je 0xfcabd
0xfcab4 cmp ebx, 0xffffff70
0xfcaba je 0xfcabd
0xfcabc inc edx
0xfcabd mov eax, dword ptr [0xe60280]
0xfcac2 cmp eax, edi
0xfcac4 mov ecx, dword ptr [0xe602b8]
0xfcaca mov dword ptr [ebp - 0x60], edx
0xfcacd je 0xfcb4a
0xfcacf mov eax, dword ptr [eax + 0xc]
0xfcad2 add eax, 4
0xfcad5 je 0xfcb4a
0xfcad7 mov eax, dword ptr [eax + 4]
0xfcada cmp eax, edi
0xfcadc je 0xfcb4a
0xfcade mov eax, dword ptr [eax + 4]
0xfcae1 shr eax, 8
0xfcae4 and eax, 0x3f
0xfcae7 cmp eax, 0xa
0xfcaea jne 0xfcb1d
0xfcaec cmp ecx, 0xe
0xfcaef jne 0xfcb4a
0xfcaf1 cmp edx, edi
0xfcaf3 jne 0xfcb4a
0xfcaf5 fld dword ptr [ebp + 0x84]
0xfcafb mov dword ptr [ebp - 0xd0], 1
0xfcb05 fcomp dword ptr [ebp + 0x74]
0xfcb08 fnstsw ax
0xfcb0a test ah, 0x44
0xfcb0d jnp 0xfcb15
0xfcb0f mov dword ptr [ebp - 0xd0], edi
0xfcb15 mov dword ptr [ebp + 0x10], edi
0xfcb18 jmp 0xfcbd9
0xfcb1d cmp eax, 0xc
0xfcb20 jne 0xfcb4a
0xfcb22 cmp esi, 3
0xfcb25 je 0xfcb4a
0xfcb27 lea eax, [ecx - 0xc]
0xfcb2a cmp eax, 1
0xfcb2d ja 0xfcb4a
0xfcb2f cmp edx, edi
0xfcb31 jne 0xfcb4a
0xfcb33 push 1
0xfcb35 pop ecx
0xfcb36 mov dword ptr [0xba2f10], ecx
0xfcb3c mov dword ptr [ebp - 0xd0], edi
0xfcb42 mov dword ptr [ebp + 0x10], ecx
0xfcb45 jmp 0xfcbd9
0xfcb4a fld dword ptr [ebp - 0x5c]
0xfcb4d mov edx, dword ptr [0xe602fc]
0xfcb53 fcomp dword ptr [ebp - 0x6c]
0xfcb56 mov dword ptr [ebp - 0xd0], edi
0xfcb5c fnstsw ax
0xfcb5e test ah, 0x44
0xfcb61 jp 0xfcba1
0xfcb63 test dh, dh
0xfcb65 js 0xfcba1
0xfcb67 fld dword ptr [ebp + 0x84]
0xfcb6d fcomp dword ptr [ebp + 0x74]
0xfcb70 fnstsw ax
0xfcb72 test ah, 0x44
0xfcb75 jp 0xfcba1
0xfcb77 cmp esi, 4
0xfcb7a jne 0xfcba1
0xfcb7c cmp ecx, 0xe
0xfcb7f je 0xfcba1
0xfcb81 cmp dword ptr [0xba2f14], edi
0xfcb87 push 1
0xfcb89 pop esi
0xfcb8a jne 0xfcb9c
0xfcb8c cmp dword ptr [esp + 0x10], edi
0xfcb90 je 0xfcba4
0xfcb92 cmp ecx, 0xc
0xfcb95 je 0xfcb9c
0xfcb97 cmp ecx, 0xd
0xfcb9a jne 0xfcba4
0xfcb9c mov dword ptr [ebp + 0x10], esi
0xfcb9f jmp 0xfcba7
0xfcba1 push 1
0xfcba3 pop esi
0xfcba4 mov dword ptr [ebp + 0x10], edi
0xfcba7 cmp ecx, 0xe
0xfcbaa jne 0xfcbc7
0xfcbac fld dword ptr [ebp - 0x5c]
0xfcbaf fcomp dword ptr [ebp - 0x6c]
0xfcbb2 fnstsw ax
0xfcbb4 test ah, 0x44
0xfcbb7 jp 0xfcbc7
0xfcbb9 cmp dword ptr [ebx + 0x198], edi
0xfcbbf mov dword ptr [ebp + 0x80], esi
0xfcbc5 jne 0xfcbcd
0xfcbc7 mov dword ptr [ebp + 0x80], edi
0xfcbcd call 0xabe90
0xfcbd2 test eax, eax
0xfcbd4 je 0xfcbd9
0xfcbd6 mov dword ptr [ebp + 0x10], esi
0xfcbd9 push 1
0xfcbdb pop eax
0xfcbdc mov dword ptr [ebp - 0x1b0], eax
0xfcbe2 mov dword ptr [ebp - 0x140], eax
0xfcbe8 pop ebp
0xfcbe9 pop ebx
0xfcbea pop edi
0xfcbeb pop esi
0xfcbec add esp, 8
0xfcbef ret 4
0xfcbf2 pushal
0xfcbf3 mov edi, edx
0xfcbf5 mov ebx, eax
0xfcbf7 test eax, eax
0xfcbf9 je 0xfcc20
0xfcbfb mov edx, dword ptr [eax + 0x13c]
0xfcc01 test edx, edx
0xfcc03 je 0xfcc20
0xfcc05 mov ecx, esi
0xfcc07 call 0x30ab0
0xfcc0c cmp dword ptr [ebx + 0x10c], 0
0xfcc13 je 0xfcc25
0xfcc15 mov ecx, ebx
0xfcc17 call 0x68d70
0xfcc1c mov ebp, eax
0xfcc1e jmp 0xfcc2d
0xfcc20 mov word ptr [esi], 0
0xfcc25 mov eax, 0xff252625
0xfcc2a push eax
0xfcc2b jmp 0xfcc7a
0xfcc2d test eax, 0x808080
0xfcc32 jne 0xfcc44
0xfcc34 mov ecx, eax
0xfcc36 add ecx, 0xf0f0f
0xfcc3c test ecx, 0x808080
0xfcc42 je 0xfcc58
0xfcc44 mov ecx, eax
0xfcc46 and eax, 0xfefefe
0xfcc4b shr eax, 1
0xfcc4d and ecx, 0xf0f0f0
0xfcc53 shr ecx, 4
0xfcc56 sub eax, ecx
0xfcc58 or eax, 0xff000000
0xfcc5d push eax
0xfcc5e cmp ebp, 0xff0065e6
0xfcc64 je 0xfcc7a
0xfcc66 cmp eax, ebp
0xfcc68 jne 0xfcc78
0xfcc6a mov ecx, ebx
0xfcc6c call 0x68dc0
0xfcc71 mov ebp, eax
0xfcc73 cmp eax, dword ptr [esp]
0xfcc76 je 0xfcc7a
0xfcc78 jmp 0xfcc7f
0xfcc7a mov ebp, 0xffd1d2d3
0xfcc7f pop eax
0xfcc80 mov ecx, dword ptr [0xa95528]
0xfcc86 test ecx, ecx
0xfcc88 je 0xfcca5
0xfcc8a cmp dword ptr [ecx + 0x1c], 0xb
0xfcc8e jne 0xfcca5
0xfcc90 mov ecx, dword ptr [ecx + 0x20]
0xfcc93 test ecx, ecx
0xfcc95 je 0xfcca5
0xfcc97 mov dword ptr [ecx + edi + 0x18], eax
0xfcc9b shr edi, 1
0xfcc9d sub ecx, edi
0xfcc9f mov dword ptr [ecx + 0x618], ebp
0xfcca5 popal
0xfcca6 ret
0xfcca7 mov ecx, dword ptr [0xe60294]
0xfccad jecxz 0xfccba
0xfccaf test byte ptr [ecx + 0x18], 6
0xfccb3 jne 0xfccba
0xfccb5 jmp 0xfbb10
0xfccba pop eax
0xfccbb mov dword ptr [esi], 0x2d002d
0xfccc1 mov word ptr [esi + 4], 0
