{"name": "final-test_apf_scorebug_workspace_qt", "argv": ["python3", "tests/mod_editor/test_apf_scorebug_workspace_qt.py", "-v"], "start_utc": "2026-09-16T23:31:20.557427+00:00", "end_utc": "2026-09-16T23:31:21.922940+00:00", "seconds": 1.366, "exit_code": 0}
{"name": "final-test_nfl2k5_scorebar_rim", "argv": ["python3", "tests/mod_editor/test_nfl2k5_scorebar_rim.py", "-v"], "start_utc": "2026-09-16T23:31:20.557870+00:00", "end_utc": "2026-09-16T23:31:33.808059+00:00", "seconds": 13.25, "exit_code": 0}
{"name": "final-test_nfl2k5_scorebug_author", "argv": ["python3", "tests/mod_editor/test_nfl2k5_scorebug_author.py", "-v"], "start_utc": "2026-09-16T23:31:33.808342+00:00", "end_utc": "2026-09-16T23:31:40.102357+00:00", "seconds": 6.294, "exit_code": 0}
{"name": "final-test_nfl2k5_scorebug_draw_order", "argv": ["python3", "tests/mod_editor/test_nfl2k5_scorebug_draw_order.py", "-v"], "start_utc": "2026-09-16T23:31:40.102635+00:00", "end_utc": "2026-09-16T23:32:05.668291+00:00", "seconds": 25.566, "exit_code": 0}
{"name": "final-test_nfl2k5_scorebar_v3", "argv": ["python3", "tests/mod_editor/test_nfl2k5_scorebar_v3.py", "-v"], "start_utc": "2026-09-16T23:31:20.558372+00:00", "end_utc": "2026-09-16T23:32:58.261505+00:00", "seconds": 97.703, "exit_code": 0}
{"name": "final-test_nfl2k5_scorebug_fonts", "argv": ["python3", "tests/mod_editor/test_nfl2k5_scorebug_fonts.py", "-v"], "start_utc": "2026-09-16T23:32:58.261934+00:00", "end_utc": "2026-09-16T23:33:06.744237+00:00", "seconds": 8.482, "exit_code": 0}
{"name": "final-test_nfl2k5_scorebug_exact", "argv": ["python3", "tests/mod_editor/test_nfl2k5_scorebug_exact.py", "-v"], "start_utc": "2026-09-16T23:32:05.668690+00:00", "end_utc": "2026-09-16T23:33:29.781524+00:00", "seconds": 84.113, "exit_code": 0}
{"name": "final-test_nfl2k5_scorebug_assets", "argv": ["python3", "tests/mod_editor/test_nfl2k5_scorebug_assets.py", "-v"], "start_utc": "2026-09-16T23:31:21.923221+00:00", "end_utc": "2026-09-16T23:33:47.425412+00:00", "seconds": 145.502, "exit_code": 0}
{"name": "final-test_nfl2k5_scorebug_ingame", "argv": ["python3", "tests/mod_editor/test_nfl2k5_scorebug_ingame.py", "-v"], "start_utc": "2026-09-16T23:33:47.425710+00:00", "end_utc": "2026-09-16T23:34:02.178842+00:00", "seconds": 14.753, "exit_code": 0}
{"name": "final-test_nfl2k5_scorebug_ingame_fix", "argv": ["python3", "tests/mod_editor/test_nfl2k5_scorebug_ingame_fix.py", "-v"], "start_utc": "2026-09-16T23:34:02.179104+00:00", "end_utc": "2026-09-16T23:36:10.171528+00:00", "seconds": 127.992, "exit_code": 0}
{"name": "final-test_nfl2k5_scorebug_mnf", "argv": ["python3", "tests/mod_editor/test_nfl2k5_scorebug_mnf.py", "-v"], "start_utc": "2026-09-16T23:36:10.171900+00:00", "end_utc": "2026-09-16T23:36:22.587463+00:00", "seconds": 12.416, "exit_code": 0}
{"name": "final-test_nfl2k5_scorebug_freeze", "argv": ["python3", "tests/mod_editor/test_nfl2k5_scorebug_freeze.py", "-v"], "start_utc": "2026-09-16T23:33:06.744539+00:00", "end_utc": "2026-09-16T23:37:08.898197+00:00", "seconds": 242.154, "exit_code": 0}
{"name": "final-test_nfl2k5_scorebug_mnf_v3", "argv": ["python3", "tests/mod_editor/test_nfl2k5_scorebug_mnf_v3.py", "-v"], "start_utc": "2026-09-16T23:36:22.587826+00:00", "end_utc": "2026-09-16T23:37:12.153582+00:00", "seconds": 49.566, "exit_code": 0}
{"name": "final-test_nfl2k5_scorebug_projection", "argv": ["python3", "tests/mod_editor/test_nfl2k5_scorebug_projection.py", "-v"], "start_utc": "2026-09-16T23:37:12.153887+00:00", "end_utc": "2026-09-16T23:38:08.477491+00:00", "seconds": 56.324, "exit_code": 0}
{"name": "final-test_nfl2k5_scorebug_freeze_v2", "argv": ["python3", "tests/mod_editor/test_nfl2k5_scorebug_freeze_v2.py", "-v"], "start_utc": "2026-09-16T23:33:29.781911+00:00", "end_utc": "2026-09-16T23:39:00.917694+00:00", "seconds": 331.136, "exit_code": 0}
{"name": "final-test_nfl2k5_scorebug_native", "argv": ["python3", "tests/mod_editor/test_nfl2k5_scorebug_native.py", "-v"], "start_utc": "2026-09-16T23:37:08.898602+00:00", "end_utc": "2026-09-16T23:39:21.610192+00:00", "seconds": 132.712, "exit_code": 0}
{"name": "final-test_nfl2k5_scorebug_source_art", "argv": ["python3", "tests/mod_editor/test_nfl2k5_scorebug_source_art.py", "-v"], "start_utc": "2026-09-16T23:39:21.610552+00:00", "end_utc": "2026-09-16T23:39:22.105493+00:00", "seconds": 0.495, "exit_code": 0}
{"name": "final-test_nfl2k5_scorebug_sprite", "argv": ["python3", "tests/mod_editor/test_nfl2k5_scorebug_sprite.py", "-v"], "start_utc": "2026-09-16T23:39:22.105863+00:00", "end_utc": "2026-09-16T23:40:58.062821+00:00", "seconds": 95.957, "exit_code": 0}
{"name": "final-test_nfl2k5_scorebug_runtime", "argv": ["python3", "tests/mod_editor/test_nfl2k5_scorebug_runtime.py", "-v"], "start_utc": "2026-09-16T23:39:00.918068+00:00", "end_utc": "2026-09-16T23:41:04.227184+00:00", "seconds": 123.309, "exit_code": 0}
{"name": "final-test_nfl2k5_scorebug_template_release", "argv": ["python3", "tests/mod_editor/test_nfl2k5_scorebug_template_release.py", "-v"], "start_utc": "2026-09-16T23:41:04.227573+00:00", "end_utc": "2026-09-16T23:41:04.779877+00:00", "seconds": 0.552, "exit_code": 0}
{"name": "final-test_nfl2k5_scorebug_unified_adapter", "argv": ["python3", "tests/mod_editor/test_nfl2k5_scorebug_unified_adapter.py", "-v"], "start_utc": "2026-09-16T23:41:04.780263+00:00", "end_utc": "2026-09-16T23:41:04.949941+00:00", "seconds": 0.17, "exit_code": 0}
{"name": "final-test_nfl2k5_scorebug_template", "argv": ["python3", "tests/mod_editor/test_nfl2k5_scorebug_template.py", "-v"], "start_utc": "2026-09-16T23:40:58.063251+00:00", "end_utc": "2026-09-16T23:41:07.762164+00:00", "seconds": 9.699, "exit_code": 0}
{"name": "final-test_nfl2k5_scorebug_v10_ingame", "argv": ["python3", "tests/mod_editor/test_nfl2k5_scorebug_v10_ingame.py", "-v"], "start_utc": "2026-09-16T23:41:04.950352+00:00", "end_utc": "2026-09-16T23:41:13.954451+00:00", "seconds": 9.004, "exit_code": 0}
{"name": "final-test_nfl2k5_scorebug_versions", "argv": ["python3", "tests/mod_editor/test_nfl2k5_scorebug_versions.py", "-v"], "start_utc": "2026-09-16T23:41:13.954882+00:00", "end_utc": "2026-09-16T23:41:23.549814+00:00", "seconds": 9.595, "exit_code": 0}
{"name": "final-test_nfl2k5_scorebug_v10_projection", "argv": ["python3", "tests/mod_editor/test_nfl2k5_scorebug_v10_projection.py", "-v"], "start_utc": "2026-09-16T23:41:07.762521+00:00", "end_utc": "2026-09-16T23:41:36.740429+00:00", "seconds": 28.978, "exit_code": 0}
{"name": "final-test_scorebug_studio_panel_qt", "argv": ["python3", "tests/mod_editor/test_scorebug_studio_panel_qt.py", "-v"], "start_utc": "2026-09-16T23:41:36.740861+00:00", "end_utc": "2026-09-16T23:41:44.045346+00:00", "seconds": 7.305, "exit_code": 0}
{"name": "final-nfl2k5_scorebug_layout_test", "argv": ["python3", "tests/nfl2k5_scorebug_layout_test.py", "-v"], "start_utc": "2026-09-16T23:41:44.045732+00:00", "end_utc": "2026-09-16T23:41:45.482007+00:00", "seconds": 1.436, "exit_code": 0}
{"name": "final-test_scorebug_sprite_preview_qt", "argv": ["python3", "tests/mod_editor/test_scorebug_sprite_preview_qt.py", "-v"], "start_utc": "2026-09-16T23:41:23.550280+00:00", "end_utc": "2026-09-16T23:41:45.657350+00:00", "seconds": 22.107, "exit_code": 0}
{"name": "final-nfl2k5_scorebug_mod_project_test", "argv": ["python3", "tests/nfl2k5_scorebug_mod_project_test.py", "-v"], "start_utc": "2026-09-16T23:41:45.482381+00:00", "end_utc": "2026-09-16T23:41:46.822109+00:00", "seconds": 1.34, "exit_code": 0}
{"name": "final-test_product_catalog", "argv": ["python3", "tests/mod_editor/test_product_catalog.py", "-v"], "start_utc": "2026-09-16T23:41:46.822495+00:00", "end_utc": "2026-09-16T23:41:46.975462+00:00", "seconds": 0.153, "exit_code": 0}
{"name": "final-test_phase1_packaging", "argv": ["python3", "tests/mod_editor/test_phase1_packaging.py", "-v"], "start_utc": "2026-09-16T23:41:46.975821+00:00", "end_utc": "2026-09-16T23:41:49.103698+00:00", "seconds": 2.128, "exit_code": 0}
{"name": "final-test_mod_build", "argv": ["python3", "tests/mod_editor/test_mod_build.py", "-v"], "start_utc": "2026-09-16T23:41:49.104076+00:00", "end_utc": "2026-09-16T23:41:51.304802+00:00", "seconds": 2.201, "exit_code": 0}
{"name": "final-test_build_panel_qt", "argv": ["python3", "tests/mod_editor/test_build_panel_qt.py", "-v"], "start_utc": "2026-09-16T23:41:51.305136+00:00", "end_utc": "2026-09-16T23:41:54.643292+00:00", "seconds": 3.338, "exit_code": 0}
{"name": "final-test_provider_integrity", "argv": ["python3", "tests/mod_editor/test_provider_integrity.py", "-v"], "start_utc": "2026-09-16T23:41:45.657665+00:00", "end_utc": "2026-09-16T23:41:55.784459+00:00", "seconds": 10.127, "exit_code": 0}
{"name": "final-test_nfl2k5_xbe_space", "argv": ["python3", "tests/mod_editor/test_nfl2k5_xbe_space.py", "-v"], "start_utc": "2026-09-16T23:41:55.784777+00:00", "end_utc": "2026-09-16T23:42:30.784761+00:00", "seconds": 35.0, "exit_code": 0}
{"name": "final-test_nfl2k5_scorebug_resources", "argv": ["python3", "tests/mod_editor/test_nfl2k5_scorebug_resources.py", "-v"], "start_utc": "2026-09-16T23:38:08.477970+00:00", "end_utc": "2026-09-16T23:43:07.294466+00:00", "seconds": 298.817, "exit_code": 0}
{"name": "final-test_nfl2k5_allocator_scaleout", "argv": ["python3", "tests/mod_editor/test_nfl2k5_allocator_scaleout.py", "-v"], "start_utc": "2026-09-16T23:41:54.643659+00:00", "end_utc": "2026-09-16T23:55:27.651806+00:00", "seconds": 813.008, "exit_code": 0}
{"name": "registry-strict", "argv": ["python3", "-m", "mod_editor.capabilities.validate_registry"], "start_utc": "2026-09-16T23:55:27.652549+00:00", "end_utc": "2026-09-16T23:55:27.801915+00:00", "seconds": 0.149, "exit_code": 0}
