{
  "False": {
    "old_append_sha256": "5e26c1668cc130c70e5c6afdfd7b6a938becb68b5c1ec573d093ce43b57fe7d1",
    "new_append_sha256": "27174d06bfd563c0367c862ad1a5853e050929236ec3e480af6b8eae32523619",
    "old_scene_sha256": "424c75743c2a4522f9e0d3485a766adf597748ae300bc2627d4b2e1a97d1133d",
    "new_scene_sha256": "065464a54b94b8e18c359ef3897980a6c722304b9593a9fe96ffb4ed7c9388a6",
    "appended_bytes": 323808,
    "unchanged_texture_chunks": 34,
    "raw_material_records_unchanged": true,
    "scene_changed_byte_count": 133,
    "scene_changed_ranges": [
      [
        "0x1cb0",
        "0x1cb1"
      ],
      [
        "0x1d28",
        "0x1d29"
      ],
      [
        "0x1d2c",
        "0x1d2d"
      ],
      [
        "0x1d30",
        "0x1d31"
      ],
      [
        "0x1da8",
        "0x1daa"
      ],
      [
        "0x1db0",
        "0x1db1"
      ],
      [
        "0x1e28",
        "0x1e2a"
      ],
      [
        "0x1e2c",
        "0x1e2d"
      ],
      [
        "0x1e30",
        "0x1e31"
      ],
      [
        "0x1ea8",
        "0x1eaa"
      ],
      [
        "0x1eac",
        "0x1ead"
      ],
      [
        "0x1eb0",
        "0x1eb1"
      ],
      [
        "0x1f28",
        "0x1f2a"
      ],
      [
        "0x1f30",
        "0x1f31"
      ],
      [
        "0x1fa8",
        "0x1fa9"
      ],
      [
        "0x1fb0",
        "0x1fb1"
      ],
      [
        "0x2028",
        "0x202a"
      ],
      [
        "0x202c",
        "0x202d"
      ],
      [
        "0x2030",
        "0x2031"
      ],
      [
        "0x20a8",
        "0x20aa"
      ],
      [
        "0x20ac",
        "0x20ad"
      ],
      [
        "0x20b0",
        "0x20b1"
      ],
      [
        "0x2128",
        "0x212a"
      ],
      [
        "0x212c",
        "0x212d"
      ],
      [
        "0x2130",
        "0x2131"
      ],
      [
        "0x21a8",
        "0x21aa"
      ],
      [
        "0x21ac",
        "0x21ad"
      ],
      [
        "0x25ec",
        "0x25ed"
      ],
      [
        "0x25ee",
        "0x25ef"
      ],
      [
        "0x25f0",
        "0x25f1"
      ],
      [
        "0x25f2",
        "0x25f3"
      ],
      [
        "0x25f4",
        "0x25f5"
      ],
      [
        "0x25f6",
        "0x25f7"
      ],
      [
        "0x25f8",
        "0x25f9"
      ],
      [
        "0x25fa",
        "0x25fb"
      ],
      [
        "0x25fc",
        "0x25fd"
      ],
      [
        "0x25fe",
        "0x25ff"
      ],
      [
        "0x2600",
        "0x2601"
      ],
      [
        "0x2602",
        "0x2603"
      ],
      [
        "0x2604",
        "0x2605"
      ],
      [
        "0x2606",
        "0x2607"
      ],
      [
        "0x2608",
        "0x2609"
      ],
      [
        "0x260a",
        "0x260b"
      ],
      [
        "0x260c",
        "0x260d"
      ],
      [
        "0x260e",
        "0x260f"
      ],
      [
        "0x2610",
        "0x2611"
      ],
      [
        "0x2612",
        "0x2613"
      ],
      [
        "0x2614",
        "0x2615"
      ],
      [
        "0x2616",
        "0x2617"
      ],
      [
        "0x26dc",
        "0x26dd"
      ],
      [
        "0x26e2",
        "0x26e3"
      ],
      [
        "0x26e8",
        "0x26e9"
      ],
      [
        "0x26ee",
        "0x26ef"
      ],
      [
        "0x26f4",
        "0x26f5"
      ],
      [
        "0x26fa",
        "0x26fb"
      ],
      [
        "0x2700",
        "0x2701"
      ],
      [
        "0x2706",
        "0x2707"
      ],
      [
        "0x270c",
        "0x270d"
      ],
      [
        "0x2712",
        "0x2713"
      ],
      [
        "0x2718",
        "0x2719"
      ],
      [
        "0x271e",
        "0x271f"
      ],
      [
        "0x2724",
        "0x2725"
      ],
      [
        "0x272a",
        "0x272b"
      ],
      [
        "0x2730",
        "0x2731"
      ],
      [
        "0x2736",
        "0x2737"
      ],
      [
        "0x273c",
        "0x273d"
      ],
      [
        "0x2742",
        "0x2743"
      ],
      [
        "0x2748",
        "0x2749"
      ],
      [
        "0x274e",
        "0x274f"
      ],
      [
        "0x2754",
        "0x2755"
      ],
      [
        "0x275a",
        "0x275b"
      ],
      [
        "0x2760",
        "0x2761"
      ],
      [
        "0x2766",
        "0x2767"
      ],
      [
        "0x276c",
        "0x276d"
      ],
      [
        "0x2772",
        "0x2773"
      ],
      [
        "0x2778",
        "0x2779"
      ],
      [
        "0x277e",
        "0x277f"
      ],
      [
        "0x2a6c",
        "0x2a6e"
      ],
      [
        "0x2a72",
        "0x2a74"
      ],
      [
        "0x2a78",
        "0x2a7a"
      ],
      [
        "0x2a7e",
        "0x2a80"
      ],
      [
        "0x2a84",
        "0x2a86"
      ],
      [
        "0x2a8a",
        "0x2a8c"
      ],
      [
        "0x2a90",
        "0x2a92"
      ],
      [
        "0x2a96",
        "0x2a98"
      ],
      [
        "0x2a9c",
        "0x2a9e"
      ],
      [
        "0x2aa2",
        "0x2aa4"
      ],
      [
        "0x2aa8",
        "0x2aaa"
      ],
      [
        "0x2aae",
        "0x2ab0"
      ],
      [
        "0x2ab4",
        "0x2ab6"
      ],
      [
        "0x2aba",
        "0x2abc"
      ],
      [
        "0x2ac0",
        "0x2ac2"
      ],
      [
        "0x2ac6",
        "0x2ac8"
      ],
      [
        "0x40c8",
        "0x40ca"
      ],
      [
        "0x4100",
        "0x4102"
      ],
      [
        "0x4138",
        "0x413a"
      ],
      [
        "0x4170",
        "0x4172"
      ],
      [
        "0x41a8",
        "0x41aa"
      ],
      [
        "0x41e0",
        "0x41e2"
      ],
      [
        "0x4218",
        "0x421a"
      ],
      [
        "0x4250",
        "0x4252"
      ]
    ],
    "material_order": [
      3,
      4,
      7,
      0,
      1,
      2,
      9,
      5,
      6,
      8,
      10
    ]
  },
  "decoded_label_alpha": {
    "0": {
      "max_alpha": 255,
      "opaque_pixels": 83,
      "nonzero_pixels": 323
    },
    "1": {
      "max_alpha": 255,
      "opaque_pixels": 105,
      "nonzero_pixels": 253
    },
    "2": {
      "max_alpha": 255,
      "opaque_pixels": 91,
      "nonzero_pixels": 285
    },
    "3": {
      "max_alpha": 255,
      "opaque_pixels": 74,
      "nonzero_pixels": 294
    },
    "4": {
      "max_alpha": 255,
      "opaque_pixels": 87,
      "nonzero_pixels": 279
    },
    "5": {
      "max_alpha": 255,
      "opaque_pixels": 105,
      "nonzero_pixels": 303
    },
    "6": {
      "max_alpha": 255,
      "opaque_pixels": 83,
      "nonzero_pixels": 313
    },
    "7": {
      "max_alpha": 255,
      "opaque_pixels": 74,
      "nonzero_pixels": 245
    },
    "8": {
      "max_alpha": 255,
      "opaque_pixels": 80,
      "nonzero_pixels": 326
    },
    "9": {
      "max_alpha": 255,
      "opaque_pixels": 84,
      "nonzero_pixels": 313
    },
    "st": {
      "max_alpha": 255,
      "opaque_pixels": 124,
      "nonzero_pixels": 462
    },
    "nd": {
      "max_alpha": 255,
      "opaque_pixels": 122,
      "nonzero_pixels": 432
    },
    "rd": {
      "max_alpha": 255,
      "opaque_pixels": 113,
      "nonzero_pixels": 418
    },
    "th": {
      "max_alpha": 255,
      "opaque_pixels": 125,
      "nonzero_pixels": 455
    },
    "&": {
      "max_alpha": 255,
      "opaque_pixels": 86,
      "nonzero_pixels": 352
    },
    "Goal": {
      "max_alpha": 255,
      "opaque_pixels": 237,
      "nonzero_pixels": 847
    },
    "GOAL": {
      "max_alpha": 255,
      "opaque_pixels": 249,
      "nonzero_pixels": 923
    },
    "and": {
      "max_alpha": 255,
      "opaque_pixels": 176,
      "nonzero_pixels": 617
    },
    "OT": {
      "max_alpha": 255,
      "opaque_pixels": 122,
      "nonzero_pixels": 470
    },
    "ST": {
      "max_alpha": 255,
      "opaque_pixels": 111,
      "nonzero_pixels": 443
    },
    "ND": {
      "max_alpha": 255,
      "opaque_pixels": 156,
      "nonzero_pixels": 509
    },
    "RD": {
      "max_alpha": 255,
      "opaque_pixels": 165,
      "nonzero_pixels": 509
    },
    "TH": {
      "max_alpha": 255,
      "opaque_pixels": 108,
      "nonzero_pixels": 473
    },
    "Inch": {
      "max_alpha": 255,
      "opaque_pixels": 221,
      "nonzero_pixels": 820
    },
    "es": {
      "max_alpha": 255,
      "opaque_pixels": 144,
      "nonzero_pixels": 501
    },
    "~": {
      "max_alpha": 255,
      "opaque_pixels": 120,
      "nonzero_pixels": 120
    }
  },
  "True": {
    "old_append_sha256": "913046e3a48c788dbd3297e1cac9494ba4bc7581c4f4ce9053405423cd0bbae7",
    "new_append_sha256": "0bc8d33d48e065b4a4ce4f3ed8196fbd749c758b9ca888eeb2d82bc66c3fed04",
    "old_scene_sha256": "6c059a37233812eab52ea31a27033daf74f6a75fd8e87a41b3fe35cf417fa449",
    "new_scene_sha256": "0b40e8c0a68ad7c02347683cc74cfaff0d5c17b74577a62afbd36ca93242bec7",
    "appended_bytes": 323808,
    "unchanged_texture_chunks": 34,
    "raw_material_records_unchanged": true,
    "scene_changed_byte_count": 133,
    "scene_changed_ranges": [
      [
        "0x1cb0",
        "0x1cb1"
      ],
      [
        "0x1d28",
        "0x1d29"
      ],
      [
        "0x1d2c",
        "0x1d2d"
      ],
      [
        "0x1d30",
        "0x1d31"
      ],
      [
        "0x1da8",
        "0x1daa"
      ],
      [
        "0x1db0",
        "0x1db1"
      ],
      [
        "0x1e28",
        "0x1e2a"
      ],
      [
        "0x1e2c",
        "0x1e2d"
      ],
      [
        "0x1e30",
        "0x1e31"
      ],
      [
        "0x1ea8",
        "0x1eaa"
      ],
      [
        "0x1eac",
        "0x1ead"
      ],
      [
        "0x1eb0",
        "0x1eb1"
      ],
      [
        "0x1f28",
        "0x1f2a"
      ],
      [
        "0x1f30",
        "0x1f31"
      ],
      [
        "0x1fa8",
        "0x1fa9"
      ],
      [
        "0x1fb0",
        "0x1fb1"
      ],
      [
        "0x2028",
        "0x202a"
      ],
      [
        "0x202c",
        "0x202d"
      ],
      [
        "0x2030",
        "0x2031"
      ],
      [
        "0x20a8",
        "0x20aa"
      ],
      [
        "0x20ac",
        "0x20ad"
      ],
      [
        "0x20b0",
        "0x20b1"
      ],
      [
        "0x2128",
        "0x212a"
      ],
      [
        "0x212c",
        "0x212d"
      ],
      [
        "0x2130",
        "0x2131"
      ],
      [
        "0x21a8",
        "0x21aa"
      ],
      [
        "0x21ac",
        "0x21ad"
      ],
      [
        "0x25ec",
        "0x25ed"
      ],
      [
        "0x25ee",
        "0x25ef"
      ],
      [
        "0x25f0",
        "0x25f1"
      ],
      [
        "0x25f2",
        "0x25f3"
      ],
      [
        "0x25f4",
        "0x25f5"
      ],
      [
        "0x25f6",
        "0x25f7"
      ],
      [
        "0x25f8",
        "0x25f9"
      ],
      [
        "0x25fa",
        "0x25fb"
      ],
      [
        "0x25fc",
        "0x25fd"
      ],
      [
        "0x25fe",
        "0x25ff"
      ],
      [
        "0x2600",
        "0x2601"
      ],
      [
        "0x2602",
        "0x2603"
      ],
      [
        "0x2604",
        "0x2605"
      ],
      [
        "0x2606",
        "0x2607"
      ],
      [
        "0x2608",
        "0x2609"
      ],
      [
        "0x260a",
        "0x260b"
      ],
      [
        "0x260c",
        "0x260d"
      ],
      [
        "0x260e",
        "0x260f"
      ],
      [
        "0x2610",
        "0x2611"
      ],
      [
        "0x2612",
        "0x2613"
      ],
      [
        "0x2614",
        "0x2615"
      ],
      [
        "0x2616",
        "0x2617"
      ],
      [
        "0x26dc",
        "0x26dd"
      ],
      [
        "0x26e2",
        "0x26e3"
      ],
      [
        "0x26e8",
        "0x26e9"
      ],
      [
        "0x26ee",
        "0x26ef"
      ],
      [
        "0x26f4",
        "0x26f5"
      ],
      [
        "0x26fa",
        "0x26fb"
      ],
      [
        "0x2700",
        "0x2701"
      ],
      [
        "0x2706",
        "0x2707"
      ],
      [
        "0x270c",
        "0x270d"
      ],
      [
        "0x2712",
        "0x2713"
      ],
      [
        "0x2718",
        "0x2719"
      ],
      [
        "0x271e",
        "0x271f"
      ],
      [
        "0x2724",
        "0x2725"
      ],
      [
        "0x272a",
        "0x272b"
      ],
      [
        "0x2730",
        "0x2731"
      ],
      [
        "0x2736",
        "0x2737"
      ],
      [
        "0x273c",
        "0x273d"
      ],
      [
        "0x2742",
        "0x2743"
      ],
      [
        "0x2748",
        "0x2749"
      ],
      [
        "0x274e",
        "0x274f"
      ],
      [
        "0x2754",
        "0x2755"
      ],
      [
        "0x275a",
        "0x275b"
      ],
      [
        "0x2760",
        "0x2761"
      ],
      [
        "0x2766",
        "0x2767"
      ],
      [
        "0x276c",
        "0x276d"
      ],
      [
        "0x2772",
        "0x2773"
      ],
      [
        "0x2778",
        "0x2779"
      ],
      [
        "0x277e",
        "0x277f"
      ],
      [
        "0x2a6c",
        "0x2a6e"
      ],
      [
        "0x2a72",
        "0x2a74"
      ],
      [
        "0x2a78",
        "0x2a7a"
      ],
      [
        "0x2a7e",
        "0x2a80"
      ],
      [
        "0x2a84",
        "0x2a86"
      ],
      [
        "0x2a8a",
        "0x2a8c"
      ],
      [
        "0x2a90",
        "0x2a92"
      ],
      [
        "0x2a96",
        "0x2a98"
      ],
      [
        "0x2a9c",
        "0x2a9e"
      ],
      [
        "0x2aa2",
        "0x2aa4"
      ],
      [
        "0x2aa8",
        "0x2aaa"
      ],
      [
        "0x2aae",
        "0x2ab0"
      ],
      [
        "0x2ab4",
        "0x2ab6"
      ],
      [
        "0x2aba",
        "0x2abc"
      ],
      [
        "0x2ac0",
        "0x2ac2"
      ],
      [
        "0x2ac6",
        "0x2ac8"
      ],
      [
        "0x40c8",
        "0x40ca"
      ],
      [
        "0x4100",
        "0x4102"
      ],
      [
        "0x4138",
        "0x413a"
      ],
      [
        "0x4170",
        "0x4172"
      ],
      [
        "0x41a8",
        "0x41aa"
      ],
      [
        "0x41e0",
        "0x41e2"
      ],
      [
        "0x4218",
        "0x421a"
      ],
      [
        "0x4250",
        "0x4252"
      ]
    ],
    "material_order": [
      3,
      4,
      7,
      0,
      1,
      2,
      9,
      5,
      6,
      8,
      10
    ]
  },
  "manifest_source_fingerprints_changed": {
    "mod_editor/core/nfl2k5_scorebug_sprite.py": {
      "before": "536b893475cdbcd3b67394db5cc0198553739781d139ed1c396b7dabfb525b30",
      "after": "81f02a7e3216225ecfa12a90714ace90d68f8fc78ff98a1bc2eda5ec720a6a4e"
    },
    "tools/nfl2k5_scorebug_projection.py": {
      "before": "f3d1c0e1a9c5d51bf7713f0e3a5eb2775799b3b56fe88fb348189fcbc475e032",
      "after": "eb8aa363908f049515ee79cb30ea92fa516a4dfe70a0a446a1b704925f831fa7"
    }
  }
}
