{
  "rows": [
    {
      "descriptor": "0x1cb0",
      "material": 2,
      "name": "cscore_buga",
      "visible": true,
      "commands": "0x22fc",
      "words": 20,
      "gpu_word_offset": 7,
      "command_sha256": "507c7076165f89f7d20e0aee4199eab84a186180633d8c53b08da99dfe2ca27f"
    },
    {
      "descriptor": "0x1d30",
      "material": 4,
      "name": "dscore_buga",
      "visible": true,
      "commands": "0x234c",
      "words": 17,
      "gpu_word_offset": 27,
      "command_sha256": "9514bf835104d51bd3a801a3ae759b708bec3b501bff78563262dfc92f8fc593"
    },
    {
      "descriptor": "0x1db0",
      "material": 7,
      "name": "yscore_buga1",
      "visible": true,
      "commands": "0x24a8",
      "words": 50,
      "gpu_word_offset": 44,
      "command_sha256": "910f9bed5c372295dabeb7de2233c5211073dce5a44b4649ecbd70970444f162"
    },
    {
      "descriptor": "0x1e30",
      "material": 5,
      "name": "bscore_buga",
      "visible": false,
      "commands": "0x2230",
      "words": 17
    },
    {
      "descriptor": "0x1eb0",
      "material": 0,
      "name": "bscore_buga1",
      "visible": false,
      "commands": "0x2274",
      "words": 17
    },
    {
      "descriptor": "0x1f30",
      "material": 1,
      "name": "bscore_buga2",
      "visible": false,
      "commands": "0x22b8",
      "words": 17
    },
    {
      "descriptor": "0x1fb0",
      "material": 6,
      "name": "score_buga",
      "visible": true,
      "commands": "0x25e0",
      "words": 16,
      "gpu_word_offset": 94,
      "command_sha256": "8c4981e26d58fd03afdc3ec0aaf57ab55e2b0093a73a1c1c17e97936e2ee4c8b"
    },
    {
      "descriptor": "0x2030",
      "material": 3,
      "name": "hscore_buga",
      "visible": true,
      "commands": "0x2390",
      "words": 17,
      "gpu_word_offset": 110,
      "command_sha256": "e339c6d529a5fb18acb6a62219997880c1eb145da5a31729e29ebc0c3141b8a8"
    },
    {
      "descriptor": "0x20b0",
      "material": 9,
      "name": "yscore_buga",
      "visible": true,
      "commands": "0x23d4",
      "words": 53,
      "gpu_word_offset": 127,
      "command_sha256": "22f7ed356d7a50177218c7677573ccbc54e4416cacd00c5c18bad39c8721987e"
    },
    {
      "descriptor": "0x2130",
      "material": 10,
      "name": "zscore_buga",
      "visible": true,
      "commands": "0x2570",
      "words": 28,
      "gpu_word_offset": 180,
      "command_sha256": "72206420ec585f638a9eeb1969f331f90a6d8c8e5c696f049dfaccd04f70bbcb"
    },
    {
      "descriptor": "0x21b0",
      "material": 8,
      "name": "zz_ESPN_bug1",
      "visible": false,
      "commands": "0x2620",
      "words": 16
    }
  ],
  "words_written": 208,
  "gpu_stream_sha256": "7049a5ac495c5a4f9b64298bc14789538e90d8bd7343c39f742bd2ec6f31566d",
  "command_bytes_preserved_in_order": true
}
render_state_words ['0x40354', '0x203', '0x40380', '0x8', '0x402a4', '0x0', '0x80358', '0x1010101', '0x1', '0x40320', '0x0', '0x40324', '0x0', '0x4032c', '0x0', '0x1c0360', '0xff', '0x200', '0x0', '0xff', '0x1e00', '0x1e00', '0x1e00', '0x40308', '0x1', '0x4039c', '0x404', '0x4038c', '0x1b02']
