PROVED OFFLINE s31dd.iff center_logo read-back / byte mask / status / OCR
PROVED OFFLINE s31dr.iff center_logo read-back / byte mask / status / OCR
PROVED OFFLINE s31ds.iff center_logo read-back / byte mask / status / OCR
PROVED OFFLINE s31ad.iff center_logo read-back / byte mask / status / OCR
PROVED OFFLINE s31ar.iff center_logo read-back / byte mask / status / OCR
PROVED OFFLINE s31as.iff center_logo read-back / byte mask / status / OCR
PROVED OFFLINE s31nd.iff center_logo read-back / byte mask / status / OCR
PROVED OFFLINE s31nr.iff center_logo read-back / byte mask / status / OCR
PROVED OFFLINE s31ns.iff center_logo read-back / byte mask / status / OCR
PROVED OFFLINE s39dd.iff center_logo read-back / byte mask / status / OCR
PROVED OFFLINE s39dr.iff center_logo read-back / byte mask / status / OCR
PROVED OFFLINE s39ds.iff center_logo read-back / byte mask / status / OCR
PROVED OFFLINE s39ad.iff center_logo read-back / byte mask / status / OCR
PROVED OFFLINE s39ar.iff center_logo read-back / byte mask / status / OCR
PROVED OFFLINE s39as.iff center_logo read-back / byte mask / status / OCR
PROVED OFFLINE s39nd.iff center_logo read-back / byte mask / status / OCR
PROVED OFFLINE s39nr.iff center_logo read-back / byte mask / status / OCR
PROVED OFFLINE s39ns.iff center_logo read-back / byte mask / status / OCR
PROVED OFFLINE s41dd.iff logo read-back / byte mask / status / OCR
PROVED OFFLINE s41dr.iff logo read-back / byte mask / status / OCR
PROVED OFFLINE s41ds.iff logo read-back / byte mask / status / OCR
PROVED OFFLINE s41ad.iff logo read-back / byte mask / status / OCR
PROVED OFFLINE s41ar.iff logo read-back / byte mask / status / OCR
PROVED OFFLINE s41as.iff logo read-back / byte mask / status / OCR
PROVED OFFLINE s41nd.iff logo read-back / byte mask / status / OCR
PROVED OFFLINE s41nr.iff logo read-back / byte mask / status / OCR
PROVED OFFLINE s41ns.iff logo read-back / byte mask / status / OCR
PROVED OFFLINE s42dd.iff logo read-back / byte mask / status / OCR
PROVED OFFLINE s42dr.iff logo read-back / byte mask / status / OCR
PROVED OFFLINE s42ds.iff logo read-back / byte mask / status / OCR
PROVED OFFLINE s42ad.iff logo read-back / byte mask / status / OCR
PROVED OFFLINE s42ar.iff logo read-back / byte mask / status / OCR
PROVED OFFLINE s42as.iff logo read-back / byte mask / status / OCR
PROVED OFFLINE s42nd.iff logo read-back / byte mask / status / OCR
PROVED OFFLINE s42nr.iff logo read-back / byte mask / status / OCR
PROVED OFFLINE s42ns.iff logo read-back / byte mask / status / OCR
PROVED OFFLINE s43dd.iff logo read-back / byte mask / status / OCR
PROVED OFFLINE s43dr.iff logo read-back / byte mask / status / OCR
PROVED OFFLINE s43ds.iff logo read-back / byte mask / status / OCR
PROVED OFFLINE s43ad.iff logo read-back / byte mask / status / OCR
PROVED OFFLINE s43ar.iff logo read-back / byte mask / status / OCR
PROVED OFFLINE s43as.iff logo read-back / byte mask / status / OCR
PROVED OFFLINE s43nd.iff logo read-back / byte mask / status / OCR
PROVED OFFLINE s43nr.iff logo read-back / byte mask / status / OCR
PROVED OFFLINE s43ns.iff logo read-back / byte mask / status / OCR
PROVED OFFLINE s44dd.iff logo read-back / byte mask / status / OCR
PROVED OFFLINE s44dr.iff logo read-back / byte mask / status / OCR
PROVED OFFLINE s44ds.iff logo read-back / byte mask / status / OCR
PROVED OFFLINE s44ad.iff logo read-back / byte mask / status / OCR
PROVED OFFLINE s44ar.iff logo read-back / byte mask / status / OCR
PROVED OFFLINE s44as.iff logo read-back / byte mask / status / OCR
PROVED OFFLINE s44nd.iff logo read-back / byte mask / status / OCR
PROVED OFFLINE s44nr.iff logo read-back / byte mask / status / OCR
PROVED OFFLINE s44ns.iff logo read-back / byte mask / status / OCR
PROVED OFFLINE s45dd.iff logo read-back / byte mask / status / OCR
PROVED OFFLINE s45dr.iff logo read-back / byte mask / status / OCR
PROVED OFFLINE s45ds.iff logo read-back / byte mask / status / OCR
PROVED OFFLINE s45ad.iff logo read-back / byte mask / status / OCR
PROVED OFFLINE s45ar.iff logo read-back / byte mask / status / OCR
PROVED OFFLINE s45as.iff logo read-back / byte mask / status / OCR
PROVED OFFLINE s45nd.iff logo read-back / byte mask / status / OCR
PROVED OFFLINE s45nr.iff logo read-back / byte mask / status / OCR
PROVED OFFLINE s45ns.iff logo read-back / byte mask / status / OCR
DONE 63 bundles 13 unique OCR textures
