EE
======================================================================
ERROR: test_build_property_includes_measured_rows_and_existing_refusals (__main__.WiringTests.test_build_property_includes_measured_rows_and_existing_refusals)
----------------------------------------------------------------------
Traceback (most recent call last):
  File "/home/noah/2k-worktrees/astra-b70-a3/tests/mod_editor/test_b70_t2_wiring.py", line 57, in test_build_property_includes_measured_rows_and_existing_refusals
    exec(snippet('def message(self)'),namespace)
         ^^^^^^^^^^^^^^^^^^^^^^^^^^^^
  File "/home/noah/2k-worktrees/astra-b70-a3/tests/mod_editor/test_b70_t2_wiring.py", line 21, in snippet
    return textwrap.dedent(next(b for b in blocks if phrase in b))
                           ^^^^^^^^^^^^^^^^^^^^^^^^^^^^^^^^^^^^^^
StopIteration

======================================================================
ERROR: test_project_rows_take_returned_preflight_measurements_without_recompiling (__main__.WiringTests.test_project_rows_take_returned_preflight_measurements_without_recompiling)
----------------------------------------------------------------------
Traceback (most recent call last):
  File "/home/noah/2k-worktrees/astra-b70-a3/tests/mod_editor/test_b70_t2_wiring.py", line 42, in test_project_rows_take_returned_preflight_measurements_without_recompiling
    exec(snippet('def _refresh_build_includes('),namespace)
         ^^^^^^^^^^^^^^^^^^^^^^^^^^^^^^^^^^^^^^^
  File "/home/noah/2k-worktrees/astra-b70-a3/tests/mod_editor/test_b70_t2_wiring.py", line 21, in snippet
    return textwrap.dedent(next(b for b in blocks if phrase in b))
                           ^^^^^^^^^^^^^^^^^^^^^^^^^^^^^^^^^^^^^^
StopIteration

----------------------------------------------------------------------
Ran 2 tests in 0.104s

FAILED (errors=2)
