{"name": "test_apf_scorebug_workspace_qt-delivery", "command": ["/usr/bin/python3", "/home/noah/2k-worktrees/astra-b71-s4/tests/mod_editor/test_apf_scorebug_workspace_qt.py"], "start": "2026-09-15T22:32:09.564437+00:00", "end": "2026-09-15T22:32:10.168292+00:00", "seconds": 0.604, "exit": 0}
{"name": "test_nfl2k5_scorebug_author-delivery", "command": ["/usr/bin/python3", "/home/noah/2k-worktrees/astra-b71-s4/tests/mod_editor/test_nfl2k5_scorebug_author.py"], "start": "2026-09-15T22:32:10.197840+00:00", "end": "2026-09-15T22:32:16.902035+00:00", "seconds": 6.704, "exit": 0}
{"name": "test_nfl2k5_scorebug_exact-delivery", "command": ["/usr/bin/python3", "/home/noah/2k-worktrees/astra-b71-s4/tests/mod_editor/test_nfl2k5_scorebug_exact.py"], "start": "2026-09-15T22:32:16.934458+00:00", "end": "2026-09-15T22:33:35.767395+00:00", "seconds": 78.833, "exit": 0}
{"name": "test_nfl2k5_scorebug_fonts-delivery", "command": ["/usr/bin/python3", "/home/noah/2k-worktrees/astra-b71-s4/tests/mod_editor/test_nfl2k5_scorebug_fonts.py"], "start": "2026-09-15T22:33:35.797172+00:00", "end": "2026-09-15T22:33:44.708893+00:00", "seconds": 8.912, "exit": 0}
{"name": "test_nfl2k5_scorebug_assets-delivery", "command": ["/usr/bin/python3", "/home/noah/2k-worktrees/astra-b71-s4/tests/mod_editor/test_nfl2k5_scorebug_assets.py"], "start": "2026-09-15T22:32:09.565251+00:00", "end": "2026-09-15T22:34:40.297112+00:00", "seconds": 150.732, "exit": 0}
{"name": "test_nfl2k5_scorebug_freeze-delivery", "command": ["/usr/bin/python3", "/home/noah/2k-worktrees/astra-b71-s4/tests/mod_editor/test_nfl2k5_scorebug_freeze.py"], "start": "2026-09-15T22:33:44.742529+00:00", "end": "2026-09-15T22:37:43.338344+00:00", "seconds": 238.596, "exit": 0}
{"name": "test_nfl2k5_scorebug_ingame-delivery", "command": ["/usr/bin/python3", "/home/noah/2k-worktrees/astra-b71-s4/tests/mod_editor/test_nfl2k5_scorebug_ingame.py"], "start": "2026-09-15T22:37:43.371656+00:00", "end": "2026-09-15T22:37:59.394828+00:00", "seconds": 16.023, "exit": 0}
{"name": "test_nfl2k5_scorebug_freeze_v2-delivery", "command": ["/usr/bin/python3", "/home/noah/2k-worktrees/astra-b71-s4/tests/mod_editor/test_nfl2k5_scorebug_freeze_v2.py"], "start": "2026-09-15T22:34:40.329279+00:00", "end": "2026-09-15T22:40:13.672834+00:00", "seconds": 333.344, "exit": 0}
{"name": "test_nfl2k5_scorebug_ingame_fix-delivery", "command": ["/usr/bin/python3", "/home/noah/2k-worktrees/astra-b71-s4/tests/mod_editor/test_nfl2k5_scorebug_ingame_fix.py"], "start": "2026-09-15T22:37:59.426491+00:00", "end": "2026-09-15T22:40:20.234991+00:00", "seconds": 140.809, "exit": 0}
{"name": "test_nfl2k5_scorebug_mnf-delivery", "command": ["/usr/bin/python3", "/home/noah/2k-worktrees/astra-b71-s4/tests/mod_editor/test_nfl2k5_scorebug_mnf.py"], "start": "2026-09-15T22:40:13.709618+00:00", "end": "2026-09-15T22:40:26.197640+00:00", "seconds": 12.488, "exit": 0}
{"name": "test_nfl2k5_scorebug_mnf_v3-delivery", "command": ["/usr/bin/python3", "/home/noah/2k-worktrees/astra-b71-s4/tests/mod_editor/test_nfl2k5_scorebug_mnf_v3.py"], "start": "2026-09-15T22:40:20.271219+00:00", "end": "2026-09-15T22:41:14.843793+00:00", "seconds": 54.573, "exit": 0}
{"name": "test_nfl2k5_scorebug_projection-delivery", "command": ["/usr/bin/python3", "/home/noah/2k-worktrees/astra-b71-s4/tests/mod_editor/test_nfl2k5_scorebug_projection.py"], "start": "2026-09-15T22:41:14.877164+00:00", "end": "2026-09-15T22:42:19.960625+00:00", "seconds": 65.083, "exit": 0}
{"name": "test_nfl2k5_scorebug_native-delivery", "command": ["/usr/bin/python3", "/home/noah/2k-worktrees/astra-b71-s4/tests/mod_editor/test_nfl2k5_scorebug_native.py"], "start": "2026-09-15T22:40:26.240029+00:00", "end": "2026-09-15T22:42:58.416849+00:00", "seconds": 152.177, "exit": 0}
{"name": "test_nfl2k5_scorebug_runtime-delivery", "command": ["/usr/bin/python3", "/home/noah/2k-worktrees/astra-b71-s4/tests/mod_editor/test_nfl2k5_scorebug_runtime.py"], "start": "2026-09-15T22:42:58.469344+00:00", "end": "2026-09-15T22:45:59.035934+00:00", "seconds": 180.567, "exit": 0}
{"name": "test_nfl2k5_scorebug_source_art-delivery", "command": ["/usr/bin/python3", "/home/noah/2k-worktrees/astra-b71-s4/tests/mod_editor/test_nfl2k5_scorebug_source_art.py"], "start": "2026-09-15T22:45:59.108114+00:00", "end": "2026-09-15T22:46:00.081779+00:00", "seconds": 0.974, "exit": 0}
{"name": "test_nfl2k5_scorebug_template-delivery", "command": ["/usr/bin/python3", "/home/noah/2k-worktrees/astra-b71-s4/tests/mod_editor/test_nfl2k5_scorebug_template.py"], "start": "2026-09-15T22:46:00.146410+00:00", "end": "2026-09-15T22:46:12.374849+00:00", "seconds": 12.228, "exit": 0}
{"name": "test_nfl2k5_scorebug_template_release-delivery", "command": ["/usr/bin/python3", "/home/noah/2k-worktrees/astra-b71-s4/tests/mod_editor/test_nfl2k5_scorebug_template_release.py"], "start": "2026-09-15T22:46:12.413719+00:00", "end": "2026-09-15T22:46:13.390877+00:00", "seconds": 0.977, "exit": 0}
{"name": "test_nfl2k5_scorebug_unified_adapter-delivery", "command": ["/usr/bin/python3", "/home/noah/2k-worktrees/astra-b71-s4/tests/mod_editor/test_nfl2k5_scorebug_unified_adapter.py"], "start": "2026-09-15T22:46:13.444696+00:00", "end": "2026-09-15T22:46:13.773191+00:00", "seconds": 0.328, "exit": 0}
{"name": "test_nfl2k5_scorebug_v10_ingame-delivery", "command": ["/usr/bin/python3", "/home/noah/2k-worktrees/astra-b71-s4/tests/mod_editor/test_nfl2k5_scorebug_v10_ingame.py"], "start": "2026-09-15T22:46:13.829371+00:00", "end": "2026-09-15T22:46:27.912465+00:00", "seconds": 14.083, "exit": 0}
{"name": "test_nfl2k5_scorebug_v10_projection-delivery", "command": ["/usr/bin/python3", "/home/noah/2k-worktrees/astra-b71-s4/tests/mod_editor/test_nfl2k5_scorebug_v10_projection.py"], "start": "2026-09-15T22:46:27.962762+00:00", "end": "2026-09-15T22:47:03.748554+00:00", "seconds": 35.786, "exit": 0}
{"name": "test_nfl2k5_scorebug_versions-delivery", "command": ["/usr/bin/python3", "/home/noah/2k-worktrees/astra-b71-s4/tests/mod_editor/test_nfl2k5_scorebug_versions.py"], "start": "2026-09-15T22:47:03.790315+00:00", "end": "2026-09-15T22:47:16.448477+00:00", "seconds": 12.658, "exit": 0}
{"name": "test_scorebug_studio_panel_qt-delivery", "command": ["/usr/bin/python3", "/home/noah/2k-worktrees/astra-b71-s4/tests/mod_editor/test_scorebug_studio_panel_qt.py"], "start": "2026-09-15T22:47:16.480711+00:00", "end": "2026-09-15T22:47:24.166101+00:00", "seconds": 7.685, "exit": 0}
{"name": "nfl2k5_scorebug_layout_test-delivery", "command": ["/usr/bin/python3", "/home/noah/2k-worktrees/astra-b71-s4/tests/nfl2k5_scorebug_layout_test.py"], "start": "2026-09-15T22:47:24.210373+00:00", "end": "2026-09-15T22:47:26.506836+00:00", "seconds": 2.296, "exit": 0}
{"name": "test_nfl2k5_scorebug_resources-delivery", "command": ["/usr/bin/python3", "/home/noah/2k-worktrees/astra-b71-s4/tests/mod_editor/test_nfl2k5_scorebug_resources.py"], "start": "2026-09-15T22:42:19.993994+00:00", "end": "2026-09-15T22:47:27.735787+00:00", "seconds": 307.742, "exit": 0}
{"name": "nfl2k5_scorebug_mod_project_test-delivery", "command": ["/usr/bin/python3", "/home/noah/2k-worktrees/astra-b71-s4/tests/nfl2k5_scorebug_mod_project_test.py"], "start": "2026-09-15T22:47:26.556581+00:00", "end": "2026-09-15T22:47:28.468667+00:00", "seconds": 1.912, "exit": 0}
{"name": "test_product_catalog-delivery", "command": ["/usr/bin/python3", "/home/noah/2k-worktrees/astra-b71-s4/tests/mod_editor/test_product_catalog.py"], "start": "2026-09-15T22:47:28.517901+00:00", "end": "2026-09-15T22:47:28.721754+00:00", "seconds": 0.204, "exit": 0}
{"name": "test_phase1_packaging-delivery", "command": ["/usr/bin/python3", "/home/noah/2k-worktrees/astra-b71-s4/tests/mod_editor/test_phase1_packaging.py"], "start": "2026-09-15T22:47:28.762747+00:00", "end": "2026-09-15T22:47:31.634880+00:00", "seconds": 2.872, "exit": 0}
{"name": "test_provider_integrity-delivery", "command": ["/usr/bin/python3", "/home/noah/2k-worktrees/astra-b71-s4/tests/mod_editor/test_provider_integrity.py"], "start": "2026-09-15T22:47:27.785956+00:00", "end": "2026-09-15T22:47:43.261891+00:00", "seconds": 15.476, "exit": 0}
{"name": "registry-strict-delivery", "command": ["/usr/bin/python3", "-m", "mod_editor.capabilities.validate_registry"], "start": "2026-09-15T22:47:43.331218+00:00", "end": "2026-09-15T22:47:43.637889+00:00", "seconds": 0.307, "exit": 0}
FAILED: []
