{"name": "test_apf_scorebug_workspace_qt-final", "command": ["/usr/bin/python3", "/home/noah/2k-worktrees/astra-b71-s4/tests/mod_editor/test_apf_scorebug_workspace_qt.py"], "start": "2026-09-15T22:22:23.701856+00:00", "end": "2026-09-15T22:22:24.303582+00:00", "seconds": 0.602, "exit": 0}
{"name": "test_nfl2k5_scorebug_author-final", "command": ["/usr/bin/python3", "/home/noah/2k-worktrees/astra-b71-s4/tests/mod_editor/test_nfl2k5_scorebug_author.py"], "start": "2026-09-15T22:22:24.334100+00:00", "end": "2026-09-15T22:22:30.826790+00:00", "seconds": 6.493, "exit": 0}
{"name": "test_nfl2k5_scorebug_exact-final", "command": ["/usr/bin/python3", "/home/noah/2k-worktrees/astra-b71-s4/tests/mod_editor/test_nfl2k5_scorebug_exact.py"], "start": "2026-09-15T22:22:30.855421+00:00", "end": "2026-09-15T22:23:49.182088+00:00", "seconds": 78.327, "exit": 0}
{"name": "test_nfl2k5_scorebug_fonts-final", "command": ["/usr/bin/python3", "/home/noah/2k-worktrees/astra-b71-s4/tests/mod_editor/test_nfl2k5_scorebug_fonts.py"], "start": "2026-09-15T22:23:49.211808+00:00", "end": "2026-09-15T22:23:58.020043+00:00", "seconds": 8.808, "exit": 0}
{"name": "test_nfl2k5_scorebug_assets-final", "command": ["/usr/bin/python3", "/home/noah/2k-worktrees/astra-b71-s4/tests/mod_editor/test_nfl2k5_scorebug_assets.py"], "start": "2026-09-15T22:22:23.701077+00:00", "end": "2026-09-15T22:24:53.181593+00:00", "seconds": 149.481, "exit": 0}
{"name": "test_nfl2k5_scorebug_freeze-final", "command": ["/usr/bin/python3", "/home/noah/2k-worktrees/astra-b71-s4/tests/mod_editor/test_nfl2k5_scorebug_freeze.py"], "start": "2026-09-15T22:23:58.048201+00:00", "end": "2026-09-15T22:28:02.535592+00:00", "seconds": 244.487, "exit": 0}
{"name": "test_nfl2k5_scorebug_ingame-final", "command": ["/usr/bin/python3", "/home/noah/2k-worktrees/astra-b71-s4/tests/mod_editor/test_nfl2k5_scorebug_ingame.py"], "start": "2026-09-15T22:28:02.567484+00:00", "end": "2026-09-15T22:28:17.675715+00:00", "seconds": 15.108, "exit": 0}
{"name": "test_nfl2k5_scorebug_ingame_fix-final", "command": ["/usr/bin/python3", "/home/noah/2k-worktrees/astra-b71-s4/tests/mod_editor/test_nfl2k5_scorebug_ingame_fix.py"], "start": "2026-09-15T22:28:17.706788+00:00", "end": "2026-09-15T22:30:25.434993+00:00", "seconds": 127.728, "exit": 0}
{"name": "test_nfl2k5_scorebug_freeze_v2-final", "command": ["/usr/bin/python3", "/home/noah/2k-worktrees/astra-b71-s4/tests/mod_editor/test_nfl2k5_scorebug_freeze_v2.py"], "start": "2026-09-15T22:24:53.210851+00:00", "end": "2026-09-15T22:30:31.119273+00:00", "seconds": 337.908, "exit": 1}
{"name": "test_nfl2k5_scorebug_mnf-final", "command": ["/usr/bin/python3", "/home/noah/2k-worktrees/astra-b71-s4/tests/mod_editor/test_nfl2k5_scorebug_mnf.py"], "start": "2026-09-15T22:30:25.466041+00:00", "end": "2026-09-15T22:30:37.425256+00:00", "seconds": 11.959, "exit": 0}
{"name": "test_nfl2k5_scorebug_mnf_v3-final", "command": ["/usr/bin/python3", "/home/noah/2k-worktrees/astra-b71-s4/tests/mod_editor/test_nfl2k5_scorebug_mnf_v3.py"], "start": "2026-09-15T22:30:31.149000+00:00", "end": "2026-09-15T22:31:21.678182+00:00", "seconds": 50.529, "exit": 0}
{"name": "test_nfl2k5_scorebug_projection-final", "command": ["/usr/bin/python3", "/home/noah/2k-worktrees/astra-b71-s4/tests/mod_editor/test_nfl2k5_scorebug_projection.py"], "start": "2026-09-15T22:31:21.707142+00:00", "end": "2026-09-15T22:32:18.959825+00:00", "seconds": 57.253, "exit": 0}
{"name": "test_nfl2k5_scorebug_native-final", "command": ["/usr/bin/python3", "/home/noah/2k-worktrees/astra-b71-s4/tests/mod_editor/test_nfl2k5_scorebug_native.py"], "start": "2026-09-15T22:30:37.453874+00:00", "end": "2026-09-15T22:32:48.970635+00:00", "seconds": 131.517, "exit": 0}
{"name": "test_nfl2k5_scorebug_runtime-final", "command": ["/usr/bin/python3", "/home/noah/2k-worktrees/astra-b71-s4/tests/mod_editor/test_nfl2k5_scorebug_runtime.py"], "start": "2026-09-15T22:32:49.002511+00:00", "end": "2026-09-15T22:34:46.779517+00:00", "seconds": 117.777, "exit": 0}
{"name": "test_nfl2k5_scorebug_source_art-final", "command": ["/usr/bin/python3", "/home/noah/2k-worktrees/astra-b71-s4/tests/mod_editor/test_nfl2k5_scorebug_source_art.py"], "start": "2026-09-15T22:34:46.809013+00:00", "end": "2026-09-15T22:34:47.280950+00:00", "seconds": 0.472, "exit": 0}
{"name": "test_nfl2k5_scorebug_template-final", "command": ["/usr/bin/python3", "/home/noah/2k-worktrees/astra-b71-s4/tests/mod_editor/test_nfl2k5_scorebug_template.py"], "start": "2026-09-15T22:34:47.310438+00:00", "end": "2026-09-15T22:34:56.933133+00:00", "seconds": 9.623, "exit": 0}
{"name": "test_nfl2k5_scorebug_template_release-final", "command": ["/usr/bin/python3", "/home/noah/2k-worktrees/astra-b71-s4/tests/mod_editor/test_nfl2k5_scorebug_template_release.py"], "start": "2026-09-15T22:34:56.964121+00:00", "end": "2026-09-15T22:34:57.501649+00:00", "seconds": 0.538, "exit": 0}
{"name": "test_nfl2k5_scorebug_unified_adapter-final", "command": ["/usr/bin/python3", "/home/noah/2k-worktrees/astra-b71-s4/tests/mod_editor/test_nfl2k5_scorebug_unified_adapter.py"], "start": "2026-09-15T22:34:57.530452+00:00", "end": "2026-09-15T22:34:57.693428+00:00", "seconds": 0.163, "exit": 0}
{"name": "test_nfl2k5_scorebug_v10_ingame-final", "command": ["/usr/bin/python3", "/home/noah/2k-worktrees/astra-b71-s4/tests/mod_editor/test_nfl2k5_scorebug_v10_ingame.py"], "start": "2026-09-15T22:34:57.723019+00:00", "end": "2026-09-15T22:35:06.798379+00:00", "seconds": 9.075, "exit": 0}
{"name": "test_nfl2k5_scorebug_v10_projection-final", "command": ["/usr/bin/python3", "/home/noah/2k-worktrees/astra-b71-s4/tests/mod_editor/test_nfl2k5_scorebug_v10_projection.py"], "start": "2026-09-15T22:35:06.833076+00:00", "end": "2026-09-15T22:35:35.474309+00:00", "seconds": 28.641, "exit": 0}
{"name": "test_nfl2k5_scorebug_resources-final", "command": ["/usr/bin/python3", "/home/noah/2k-worktrees/astra-b71-s4/tests/mod_editor/test_nfl2k5_scorebug_resources.py"], "start": "2026-09-15T22:32:18.991884+00:00", "end": "2026-09-15T22:35:43.167542+00:00", "seconds": 204.176, "exit": 0}
{"name": "test_nfl2k5_scorebug_versions-final", "command": ["/usr/bin/python3", "/home/noah/2k-worktrees/astra-b71-s4/tests/mod_editor/test_nfl2k5_scorebug_versions.py"], "start": "2026-09-15T22:35:35.504659+00:00", "end": "2026-09-15T22:35:45.208629+00:00", "seconds": 9.704, "exit": 0}
{"name": "nfl2k5_scorebug_layout_test-final", "command": ["/usr/bin/python3", "/home/noah/2k-worktrees/astra-b71-s4/tests/nfl2k5_scorebug_layout_test.py"], "start": "2026-09-15T22:35:45.238758+00:00", "end": "2026-09-15T22:35:46.636548+00:00", "seconds": 1.398, "exit": 0}
{"name": "nfl2k5_scorebug_mod_project_test-final", "command": ["/usr/bin/python3", "/home/noah/2k-worktrees/astra-b71-s4/tests/nfl2k5_scorebug_mod_project_test.py"], "start": "2026-09-15T22:35:46.667041+00:00", "end": "2026-09-15T22:35:48.000830+00:00", "seconds": 1.334, "exit": 0}
{"name": "test_scorebug_studio_panel_qt-final", "command": ["/usr/bin/python3", "/home/noah/2k-worktrees/astra-b71-s4/tests/mod_editor/test_scorebug_studio_panel_qt.py"], "start": "2026-09-15T22:35:43.201338+00:00", "end": "2026-09-15T22:35:50.665151+00:00", "seconds": 7.464, "exit": 0}
{"name": "test_product_catalog-final", "command": ["/usr/bin/python3", "/home/noah/2k-worktrees/astra-b71-s4/tests/mod_editor/test_product_catalog.py"], "start": "2026-09-15T22:35:50.698794+00:00", "end": "2026-09-15T22:35:50.852434+00:00", "seconds": 0.154, "exit": 0}
{"name": "test_phase1_packaging-final", "command": ["/usr/bin/python3", "/home/noah/2k-worktrees/astra-b71-s4/tests/mod_editor/test_phase1_packaging.py"], "start": "2026-09-15T22:35:50.884028+00:00", "end": "2026-09-15T22:35:53.014983+00:00", "seconds": 2.131, "exit": 0}
{"name": "test_provider_integrity-final", "command": ["/usr/bin/python3", "/home/noah/2k-worktrees/astra-b71-s4/tests/mod_editor/test_provider_integrity.py"], "start": "2026-09-15T22:35:48.030617+00:00", "end": "2026-09-15T22:35:56.534868+00:00", "seconds": 8.504, "exit": 0}
{"name": "registry-strict-final", "command": ["/usr/bin/python3", "-m", "mod_editor.capabilities.validate_registry"], "start": "2026-09-15T22:35:56.567056+00:00", "end": "2026-09-15T22:35:56.718474+00:00", "seconds": 0.151, "exit": 0}
FAILED: ['tests/mod_editor/test_nfl2k5_scorebug_freeze_v2.py', 'source drift during final suites']
