{"name": "test_apf_scorebug_workspace_qt-sealed", "command": ["/usr/bin/python3", "/home/noah/2k-worktrees/astra-b71-s4/tests/mod_editor/test_apf_scorebug_workspace_qt.py"], "start": "2026-09-15T22:16:21.437307+00:00", "end": "2026-09-15T22:16:22.085702+00:00", "seconds": 0.648, "exit": 0}
{"name": "test_nfl2k5_scorebug_author-sealed", "command": ["/usr/bin/python3", "/home/noah/2k-worktrees/astra-b71-s4/tests/mod_editor/test_nfl2k5_scorebug_author.py"], "start": "2026-09-15T22:16:22.114991+00:00", "end": "2026-09-15T22:16:28.675047+00:00", "seconds": 6.56, "exit": 0}
{"name": "test_nfl2k5_scorebug_exact-sealed", "command": ["/usr/bin/python3", "/home/noah/2k-worktrees/astra-b71-s4/tests/mod_editor/test_nfl2k5_scorebug_exact.py"], "start": "2026-09-15T22:16:28.705288+00:00", "end": "2026-09-15T22:17:46.484344+00:00", "seconds": 77.779, "exit": 0}
{"name": "test_nfl2k5_scorebug_fonts-sealed", "command": ["/usr/bin/python3", "/home/noah/2k-worktrees/astra-b71-s4/tests/mod_editor/test_nfl2k5_scorebug_fonts.py"], "start": "2026-09-15T22:17:46.516145+00:00", "end": "2026-09-15T22:17:55.200036+00:00", "seconds": 8.684, "exit": 0}
{"name": "test_nfl2k5_scorebug_assets-sealed", "command": ["/usr/bin/python3", "/home/noah/2k-worktrees/astra-b71-s4/tests/mod_editor/test_nfl2k5_scorebug_assets.py"], "start": "2026-09-15T22:16:21.436034+00:00", "end": "2026-09-15T22:18:48.258312+00:00", "seconds": 146.822, "exit": 0}
{"name": "test_nfl2k5_scorebug_freeze-sealed", "command": ["/usr/bin/python3", "/home/noah/2k-worktrees/astra-b71-s4/tests/mod_editor/test_nfl2k5_scorebug_freeze.py"], "start": "2026-09-15T22:17:55.228206+00:00", "end": "2026-09-15T22:22:00.243732+00:00", "seconds": 245.016, "exit": 0}
{"name": "test_nfl2k5_scorebug_ingame-sealed", "command": ["/usr/bin/python3", "/home/noah/2k-worktrees/astra-b71-s4/tests/mod_editor/test_nfl2k5_scorebug_ingame.py"], "start": "2026-09-15T22:22:00.274604+00:00", "end": "2026-09-15T22:22:15.334430+00:00", "seconds": 15.06, "exit": 0}
{"name": "test_nfl2k5_scorebug_ingame_fix-sealed", "command": ["/usr/bin/python3", "/home/noah/2k-worktrees/astra-b71-s4/tests/mod_editor/test_nfl2k5_scorebug_ingame_fix.py"], "start": "2026-09-15T22:22:15.362249+00:00", "end": "2026-09-15T22:24:22.886857+00:00", "seconds": 127.525, "exit": 0}
{"name": "test_nfl2k5_scorebug_freeze_v2-sealed", "command": ["/usr/bin/python3", "/home/noah/2k-worktrees/astra-b71-s4/tests/mod_editor/test_nfl2k5_scorebug_freeze_v2.py"], "start": "2026-09-15T22:18:48.286838+00:00", "end": "2026-09-15T22:24:24.288294+00:00", "seconds": 336.001, "exit": 1}
{"name": "test_nfl2k5_scorebug_mnf-sealed", "command": ["/usr/bin/python3", "/home/noah/2k-worktrees/astra-b71-s4/tests/mod_editor/test_nfl2k5_scorebug_mnf.py"], "start": "2026-09-15T22:24:22.917066+00:00", "end": "2026-09-15T22:24:35.053306+00:00", "seconds": 12.136, "exit": 0}
{"name": "test_nfl2k5_scorebug_mnf_v3-sealed", "command": ["/usr/bin/python3", "/home/noah/2k-worktrees/astra-b71-s4/tests/mod_editor/test_nfl2k5_scorebug_mnf_v3.py"], "start": "2026-09-15T22:24:24.318934+00:00", "end": "2026-09-15T22:25:15.491349+00:00", "seconds": 51.172, "exit": 0}
{"name": "test_nfl2k5_scorebug_projection-sealed", "command": ["/usr/bin/python3", "/home/noah/2k-worktrees/astra-b71-s4/tests/mod_editor/test_nfl2k5_scorebug_projection.py"], "start": "2026-09-15T22:25:15.521873+00:00", "end": "2026-09-15T22:26:13.768299+00:00", "seconds": 58.246, "exit": 0}
{"name": "test_nfl2k5_scorebug_native-sealed", "command": ["/usr/bin/python3", "/home/noah/2k-worktrees/astra-b71-s4/tests/mod_editor/test_nfl2k5_scorebug_native.py"], "start": "2026-09-15T22:24:35.084326+00:00", "end": "2026-09-15T22:26:47.408994+00:00", "seconds": 132.325, "exit": 0}
{"name": "test_nfl2k5_scorebug_runtime-sealed", "command": ["/usr/bin/python3", "/home/noah/2k-worktrees/astra-b71-s4/tests/mod_editor/test_nfl2k5_scorebug_runtime.py"], "start": "2026-09-15T22:26:47.440489+00:00", "end": "2026-09-15T22:28:46.310286+00:00", "seconds": 118.87, "exit": 0}
{"name": "test_nfl2k5_scorebug_source_art-sealed", "command": ["/usr/bin/python3", "/home/noah/2k-worktrees/astra-b71-s4/tests/mod_editor/test_nfl2k5_scorebug_source_art.py"], "start": "2026-09-15T22:28:46.341859+00:00", "end": "2026-09-15T22:28:46.869147+00:00", "seconds": 0.527, "exit": 0}
{"name": "test_nfl2k5_scorebug_template-sealed", "command": ["/usr/bin/python3", "/home/noah/2k-worktrees/astra-b71-s4/tests/mod_editor/test_nfl2k5_scorebug_template.py"], "start": "2026-09-15T22:28:46.898263+00:00", "end": "2026-09-15T22:28:56.503473+00:00", "seconds": 9.605, "exit": 0}
{"name": "test_nfl2k5_scorebug_template_release-sealed", "command": ["/usr/bin/python3", "/home/noah/2k-worktrees/astra-b71-s4/tests/mod_editor/test_nfl2k5_scorebug_template_release.py"], "start": "2026-09-15T22:28:56.531710+00:00", "end": "2026-09-15T22:28:57.067597+00:00", "seconds": 0.536, "exit": 0}
{"name": "test_nfl2k5_scorebug_unified_adapter-sealed", "command": ["/usr/bin/python3", "/home/noah/2k-worktrees/astra-b71-s4/tests/mod_editor/test_nfl2k5_scorebug_unified_adapter.py"], "start": "2026-09-15T22:28:57.097646+00:00", "end": "2026-09-15T22:28:57.261426+00:00", "seconds": 0.164, "exit": 0}
{"name": "test_nfl2k5_scorebug_v10_ingame-sealed", "command": ["/usr/bin/python3", "/home/noah/2k-worktrees/astra-b71-s4/tests/mod_editor/test_nfl2k5_scorebug_v10_ingame.py"], "start": "2026-09-15T22:28:57.289488+00:00", "end": "2026-09-15T22:29:06.200093+00:00", "seconds": 8.911, "exit": 0}
{"name": "test_nfl2k5_scorebug_resources-sealed", "command": ["/usr/bin/python3", "/home/noah/2k-worktrees/astra-b71-s4/tests/mod_editor/test_nfl2k5_scorebug_resources.py"], "start": "2026-09-15T22:26:13.803453+00:00", "end": "2026-09-15T22:29:12.703586+00:00", "seconds": 178.9, "exit": 1}
{"name": "test_nfl2k5_scorebug_versions-sealed", "command": ["/usr/bin/python3", "/home/noah/2k-worktrees/astra-b71-s4/tests/mod_editor/test_nfl2k5_scorebug_versions.py"], "start": "2026-09-15T22:29:12.733493+00:00", "end": "2026-09-15T22:29:22.473979+00:00", "seconds": 9.74, "exit": 0}
{"name": "test_scorebug_studio_panel_qt-sealed", "command": ["/usr/bin/python3", "/home/noah/2k-worktrees/astra-b71-s4/tests/mod_editor/test_scorebug_studio_panel_qt.py"], "start": "2026-09-15T22:29:22.508015+00:00", "end": "2026-09-15T22:29:29.760446+00:00", "seconds": 7.252, "exit": 0}
{"name": "nfl2k5_scorebug_layout_test-sealed", "command": ["/usr/bin/python3", "/home/noah/2k-worktrees/astra-b71-s4/tests/nfl2k5_scorebug_layout_test.py"], "start": "2026-09-15T22:29:29.790744+00:00", "end": "2026-09-15T22:29:31.230621+00:00", "seconds": 1.44, "exit": 0}
{"name": "nfl2k5_scorebug_mod_project_test-sealed", "command": ["/usr/bin/python3", "/home/noah/2k-worktrees/astra-b71-s4/tests/nfl2k5_scorebug_mod_project_test.py"], "start": "2026-09-15T22:29:31.261400+00:00", "end": "2026-09-15T22:29:32.635370+00:00", "seconds": 1.374, "exit": 0}
{"name": "test_nfl2k5_scorebug_v10_projection-sealed", "command": ["/usr/bin/python3", "/home/noah/2k-worktrees/astra-b71-s4/tests/mod_editor/test_nfl2k5_scorebug_v10_projection.py"], "start": "2026-09-15T22:29:06.229918+00:00", "end": "2026-09-15T22:29:34.878270+00:00", "seconds": 28.648, "exit": 0}
{"name": "test_product_catalog-sealed", "command": ["/usr/bin/python3", "/home/noah/2k-worktrees/astra-b71-s4/tests/mod_editor/test_product_catalog.py"], "start": "2026-09-15T22:29:34.917285+00:00", "end": "2026-09-15T22:29:35.073966+00:00", "seconds": 0.157, "exit": 0}
{"name": "test_phase1_packaging-sealed", "command": ["/usr/bin/python3", "/home/noah/2k-worktrees/astra-b71-s4/tests/mod_editor/test_phase1_packaging.py"], "start": "2026-09-15T22:29:35.105979+00:00", "end": "2026-09-15T22:29:37.262014+00:00", "seconds": 2.156, "exit": 0}
{"name": "test_provider_integrity-sealed", "command": ["/usr/bin/python3", "/home/noah/2k-worktrees/astra-b71-s4/tests/mod_editor/test_provider_integrity.py"], "start": "2026-09-15T22:29:32.669398+00:00", "end": "2026-09-15T22:29:41.687716+00:00", "seconds": 9.018, "exit": 0}
{"name": "registry-strict-sealed", "command": ["/usr/bin/python3", "-m", "mod_editor.capabilities.validate_registry"], "start": "2026-09-15T22:29:41.719032+00:00", "end": "2026-09-15T22:29:41.857225+00:00", "seconds": 0.138, "exit": 1}
FAILED: ['tests/mod_editor/test_nfl2k5_scorebug_freeze_v2.py', 'tests/mod_editor/test_nfl2k5_scorebug_resources.py', 'registry-strict', 'source drift during final suites']
