{"name": "test_apf_scorebug_workspace_qt-release", "command": ["/usr/bin/python3", "/home/noah/2k-worktrees/astra-b71-s4/tests/mod_editor/test_apf_scorebug_workspace_qt.py"], "start": "2026-09-15T22:09:34.131540+00:00", "end": "2026-09-15T22:09:35.428423+00:00", "seconds": 1.297, "exit": 0}
{"name": "test_nfl2k5_scorebug_author-release", "command": ["/usr/bin/python3", "/home/noah/2k-worktrees/astra-b71-s4/tests/mod_editor/test_nfl2k5_scorebug_author.py"], "start": "2026-09-15T22:09:35.457739+00:00", "end": "2026-09-15T22:09:41.816961+00:00", "seconds": 6.359, "exit": 0}
{"name": "test_nfl2k5_scorebug_exact-release", "command": ["/usr/bin/python3", "/home/noah/2k-worktrees/astra-b71-s4/tests/mod_editor/test_nfl2k5_scorebug_exact.py"], "start": "2026-09-15T22:09:41.844574+00:00", "end": "2026-09-15T22:10:57.484834+00:00", "seconds": 75.64, "exit": 0}
{"name": "test_nfl2k5_scorebug_fonts-release", "command": ["/usr/bin/python3", "/home/noah/2k-worktrees/astra-b71-s4/tests/mod_editor/test_nfl2k5_scorebug_fonts.py"], "start": "2026-09-15T22:10:57.511927+00:00", "end": "2026-09-15T22:11:05.902079+00:00", "seconds": 8.39, "exit": 0}
{"name": "test_nfl2k5_scorebug_assets-release", "command": ["/usr/bin/python3", "/home/noah/2k-worktrees/astra-b71-s4/tests/mod_editor/test_nfl2k5_scorebug_assets.py"], "start": "2026-09-15T22:09:34.131369+00:00", "end": "2026-09-15T22:11:58.611654+00:00", "seconds": 144.48, "exit": 0}
{"name": "test_nfl2k5_scorebug_freeze-release", "command": ["/usr/bin/python3", "/home/noah/2k-worktrees/astra-b71-s4/tests/mod_editor/test_nfl2k5_scorebug_freeze.py"], "start": "2026-09-15T22:11:05.928933+00:00", "end": "2026-09-15T22:15:01.284588+00:00", "seconds": 235.356, "exit": 0}
{"name": "test_nfl2k5_scorebug_ingame-release", "command": ["/usr/bin/python3", "/home/noah/2k-worktrees/astra-b71-s4/tests/mod_editor/test_nfl2k5_scorebug_ingame.py"], "start": "2026-09-15T22:15:01.314231+00:00", "end": "2026-09-15T22:15:15.994476+00:00", "seconds": 14.68, "exit": 1}
{"name": "test_nfl2k5_scorebug_freeze_v2-release", "command": ["/usr/bin/python3", "/home/noah/2k-worktrees/astra-b71-s4/tests/mod_editor/test_nfl2k5_scorebug_freeze_v2.py"], "start": "2026-09-15T22:11:58.638941+00:00", "end": "2026-09-15T22:17:21.412542+00:00", "seconds": 322.774, "exit": 1}
{"name": "test_nfl2k5_scorebug_ingame_fix-release", "command": ["/usr/bin/python3", "/home/noah/2k-worktrees/astra-b71-s4/tests/mod_editor/test_nfl2k5_scorebug_ingame_fix.py"], "start": "2026-09-15T22:15:16.022269+00:00", "end": "2026-09-15T22:17:22.156631+00:00", "seconds": 126.134, "exit": 0}
{"name": "test_nfl2k5_scorebug_mnf-release", "command": ["/usr/bin/python3", "/home/noah/2k-worktrees/astra-b71-s4/tests/mod_editor/test_nfl2k5_scorebug_mnf.py"], "start": "2026-09-15T22:17:21.440581+00:00", "end": "2026-09-15T22:17:33.815973+00:00", "seconds": 12.375, "exit": 0}
{"name": "test_nfl2k5_scorebug_mnf_v3-release", "command": ["/usr/bin/python3", "/home/noah/2k-worktrees/astra-b71-s4/tests/mod_editor/test_nfl2k5_scorebug_mnf_v3.py"], "start": "2026-09-15T22:17:22.185702+00:00", "end": "2026-09-15T22:18:07.540227+00:00", "seconds": 45.355, "exit": 0}
{"name": "test_nfl2k5_scorebug_projection-release", "command": ["/usr/bin/python3", "/home/noah/2k-worktrees/astra-b71-s4/tests/mod_editor/test_nfl2k5_scorebug_projection.py"], "start": "2026-09-15T22:18:07.569006+00:00", "end": "2026-09-15T22:19:04.318525+00:00", "seconds": 56.75, "exit": 0}
{"name": "test_nfl2k5_scorebug_native-release", "command": ["/usr/bin/python3", "/home/noah/2k-worktrees/astra-b71-s4/tests/mod_editor/test_nfl2k5_scorebug_native.py"], "start": "2026-09-15T22:17:33.843799+00:00", "end": "2026-09-15T22:19:44.164504+00:00", "seconds": 130.321, "exit": 1}
{"name": "test_nfl2k5_scorebug_runtime-release", "command": ["/usr/bin/python3", "/home/noah/2k-worktrees/astra-b71-s4/tests/mod_editor/test_nfl2k5_scorebug_runtime.py"], "start": "2026-09-15T22:19:44.194282+00:00", "end": "2026-09-15T22:21:43.503253+00:00", "seconds": 119.309, "exit": 0}
{"name": "test_nfl2k5_scorebug_source_art-release", "command": ["/usr/bin/python3", "/home/noah/2k-worktrees/astra-b71-s4/tests/mod_editor/test_nfl2k5_scorebug_source_art.py"], "start": "2026-09-15T22:21:43.531699+00:00", "end": "2026-09-15T22:21:44.026997+00:00", "seconds": 0.495, "exit": 0}
{"name": "test_nfl2k5_scorebug_template-release", "command": ["/usr/bin/python3", "/home/noah/2k-worktrees/astra-b71-s4/tests/mod_editor/test_nfl2k5_scorebug_template.py"], "start": "2026-09-15T22:21:44.055363+00:00", "end": "2026-09-15T22:21:53.832687+00:00", "seconds": 9.777, "exit": 0}
{"name": "test_nfl2k5_scorebug_template_release-release", "command": ["/usr/bin/python3", "/home/noah/2k-worktrees/astra-b71-s4/tests/mod_editor/test_nfl2k5_scorebug_template_release.py"], "start": "2026-09-15T22:21:53.861894+00:00", "end": "2026-09-15T22:21:54.398172+00:00", "seconds": 0.536, "exit": 0}
{"name": "test_nfl2k5_scorebug_unified_adapter-release", "command": ["/usr/bin/python3", "/home/noah/2k-worktrees/astra-b71-s4/tests/mod_editor/test_nfl2k5_scorebug_unified_adapter.py"], "start": "2026-09-15T22:21:54.428037+00:00", "end": "2026-09-15T22:21:54.591422+00:00", "seconds": 0.163, "exit": 0}
{"name": "test_nfl2k5_scorebug_resources-release", "command": ["/usr/bin/python3", "/home/noah/2k-worktrees/astra-b71-s4/tests/mod_editor/test_nfl2k5_scorebug_resources.py"], "start": "2026-09-15T22:19:04.346805+00:00", "end": "2026-09-15T22:22:03.257399+00:00", "seconds": 178.911, "exit": 1}
{"name": "test_nfl2k5_scorebug_v10_ingame-release", "command": ["/usr/bin/python3", "/home/noah/2k-worktrees/astra-b71-s4/tests/mod_editor/test_nfl2k5_scorebug_v10_ingame.py"], "start": "2026-09-15T22:21:54.620107+00:00", "end": "2026-09-15T22:22:03.643365+00:00", "seconds": 9.023, "exit": 0}
{"name": "test_nfl2k5_scorebug_versions-release", "command": ["/usr/bin/python3", "/home/noah/2k-worktrees/astra-b71-s4/tests/mod_editor/test_nfl2k5_scorebug_versions.py"], "start": "2026-09-15T22:22:03.672540+00:00", "end": "2026-09-15T22:22:13.494666+00:00", "seconds": 9.822, "exit": 0}
{"name": "test_scorebug_studio_panel_qt-release", "command": ["/usr/bin/python3", "/home/noah/2k-worktrees/astra-b71-s4/tests/mod_editor/test_scorebug_studio_panel_qt.py"], "start": "2026-09-15T22:22:13.525503+00:00", "end": "2026-09-15T22:22:20.890327+00:00", "seconds": 7.365, "exit": 0}
{"name": "nfl2k5_scorebug_layout_test-release", "command": ["/usr/bin/python3", "/home/noah/2k-worktrees/astra-b71-s4/tests/nfl2k5_scorebug_layout_test.py"], "start": "2026-09-15T22:22:20.921009+00:00", "end": "2026-09-15T22:22:22.309474+00:00", "seconds": 1.388, "exit": 0}
{"name": "nfl2k5_scorebug_mod_project_test-release", "command": ["/usr/bin/python3", "/home/noah/2k-worktrees/astra-b71-s4/tests/nfl2k5_scorebug_mod_project_test.py"], "start": "2026-09-15T22:22:22.337558+00:00", "end": "2026-09-15T22:22:23.666113+00:00", "seconds": 1.329, "exit": 0}
{"name": "test_provider_integrity-release", "command": ["/usr/bin/python3", "/home/noah/2k-worktrees/astra-b71-s4/tests/mod_editor/test_provider_integrity.py"], "start": "2026-09-15T22:22:23.694544+00:00", "end": "2026-09-15T22:22:29.853771+00:00", "seconds": 6.159, "exit": 1}
{"name": "test_product_catalog-release", "command": ["/usr/bin/python3", "/home/noah/2k-worktrees/astra-b71-s4/tests/mod_editor/test_product_catalog.py"], "start": "2026-09-15T22:22:29.884703+00:00", "end": "2026-09-15T22:22:30.061635+00:00", "seconds": 0.177, "exit": 0}
{"name": "test_nfl2k5_scorebug_v10_projection-release", "command": ["/usr/bin/python3", "/home/noah/2k-worktrees/astra-b71-s4/tests/mod_editor/test_nfl2k5_scorebug_v10_projection.py"], "start": "2026-09-15T22:22:03.285914+00:00", "end": "2026-09-15T22:22:31.976376+00:00", "seconds": 28.69, "exit": 0}
{"name": "test_phase1_packaging-release", "command": ["/usr/bin/python3", "/home/noah/2k-worktrees/astra-b71-s4/tests/mod_editor/test_phase1_packaging.py"], "start": "2026-09-15T22:22:30.091568+00:00", "end": "2026-09-15T22:22:32.250355+00:00", "seconds": 2.159, "exit": 0}
{"name": "registry-strict-release", "command": ["/usr/bin/python3", "-m", "mod_editor.capabilities.validate_registry"], "start": "2026-09-15T22:22:32.280361+00:00", "end": "2026-09-15T22:22:32.413979+00:00", "seconds": 0.134, "exit": 1}
FAILED: ['tests/mod_editor/test_nfl2k5_scorebug_freeze_v2.py', 'tests/mod_editor/test_nfl2k5_scorebug_ingame.py', 'tests/mod_editor/test_nfl2k5_scorebug_native.py', 'tests/mod_editor/test_nfl2k5_scorebug_resources.py', 'tests/mod_editor/test_provider_integrity.py', 'registry-strict', 'source drift during final suites']
