{
  "changed_paths": [
    "ASTRA_REPORT.md",
    "WIRING.md",
    "docs/mod_editor/apf2k8_book_identity_walkthrough.md",
    "docs/mod_editor/apf2k8_mod_studio_changelog.md",
    "docs/research/apf_b71_situations.md",
    "docs/research/apf_b71_situations_registry.json",
    "mod_editor/apf_studio/book_identity_qt.py",
    "mod_editor/apf_studio/facade.py",
    "mod_editor/apf_studio/gui.py",
    "mod_editor/apf_studio/playcalling_editor_qt.py",
    "mod_editor/apf_studio/playcalling_service.py",
    "mod_editor/apf_studio/session.py",
    "mod_editor/core/apf2k8_book_clone.py",
    "mod_editor/core/apf2k8_offensive_schemes.py",
    "mod_editor/core/apf2k8_playcall_model.py",
    "mod_editor/core/apf2k8_splb_writer.py",
    "packaging/apf2k8-release-allowlist.txt",
    "tests/mod_editor/test_apf_b70_stock_recipes.py",
    "tests/mod_editor/test_apf_b71_situations.py",
    "tests/mod_editor/test_apf_book_identity_qt.py",
    "tests/mod_editor/test_apf_playcall_research_native.py",
    "tests/mod_editor/test_apf_playcalling_editor_facade.py",
    "tests/mod_editor/test_apf_playcalling_editor_qt.py",
    "tests/mod_editor/test_apf_save_playbook_assignments_gui.py"
  ],
  "protected_paths_changed": [],
  "public_attribution_check": "pass",
  "h7a_helper_mode": "0755",
  "scratch_bytes": 47094035,
  "base": "e2f5c6e61a0aa5772b0b7d858cb3fb3d35896174",
  "head": "09f9b2d43b5376555fdd1bbddb839f96ec1d5303",
  "gameplay": "UNWITNESSED"
}
