PROVED MASTER native relocation/validation: result=1; instructions=7189487
test_audible_y_lookup_is_separate_from_initial_x_weight (__main__.NativePlaycallTests.test_audible_y_lookup_is_separate_from_initial_x_weight) ... ok
test_b71_membership_and_primary_preference_decide_formation_candidates (__main__.NativePlaycallTests.test_b71_membership_and_primary_preference_decide_formation_candidates) ... PROVED secondary membership does not override surviving primary formations in that category
ok
test_b71_minimum_rating_is_still_a_singleton_candidate (__main__.NativePlaycallTests.test_b71_minimum_rating_is_still_a_singleton_candidate) ... PROVED only Queens at 7/7/7: category weight .05; formation weight .1; 8/8 full calls select Queens (0 TE category)
ok
test_b71_spreadsheet_buckets_share_native_inputs_not_stored_lists (__main__.NativePlaycallTests.test_b71_spreadsheet_buckets_share_native_inputs_not_stored_lists) ... PROVED 23 proxy bucket row/category pairs BASE/TU: [(False, 'Openers', 4, 3), (False, '1st and 10', 4, 3), (False, '2nd and 2-3', 0, 1), (False, '2nd and 4-6', 3, 1), (False, '2nd and 7-10', 4, 3), (False, '2nd and 11+', 7, 6), (False, '3rd and 2-3', 4, 1), (False, '3rd and 4-6', 7, 6), (False, '3rd and 7-10', 10, 6), (False, '3rd and 11+', 10, 6), (False, '4th down', 4, 1), (False, 'Short yardage', 1, 1), (False, 'Red zone 25-21', 4, 3), (False, 'Red zone 20-16', 4, 3), (False, 'Red zone 15-11', 4, 3), (False, 'Red zone 10 and in', 4, 3), (False, 'Goal line', 0, 1), (False, '2pt', 4, 1), (False, 'Backed-up', 4, 3), (False, 'After negative play', 7, 6), (False, 'Sudden change', 4, 3), (False, '4-minute', 4, 3), (False, '2-minute', 4, 3), (True, 'Openers', 4, 3), (True, '1st and 10', 4, 3), (True, '2nd and 2-3', 0, 1), (True, '2nd and 4-6', 3, 1), (True, '2nd and 7-10', 4, 3), (True, '2nd and 11+', 7, 6), (True, '3rd and 2-3', 4, 1), (True, '3rd and 4-6', 7, 6), (True, '3rd and 7-10', 10, 6), (True, '3rd and 11+', 10, 6), (True, '4th down', 4, 1), (True, 'Short yardage', 1, 1), (True, 'Red zone 25-21', 4, 3), (True, 'Red zone 20-16', 4, 3), (True, 'Red zone 15-11', 4, 3), (True, 'Red zone 10 and in', 4, 3), (True, 'Goal line', 0, 1), (True, '2pt', 4, 1), (True, 'Backed-up', 4, 3), (True, 'After negative play', 7, 6), (True, 'Sudden change', 4, 3), (True, '4-minute', 4, 3), (True, '2-minute', 4, 3)]
ok
test_b71_te_category_removal_has_real_membership_exclusion (__main__.NativePlaycallTests.test_b71_te_category_removal_has_real_membership_exclusion) ... PROVED membership edit: 6/6 BASE/TU third-and-8 selected tuples use Straight, 1 TE role; on-field builder and later substitution UNWITNESSED
ok
test_complete_static_difference_receipt (__main__.NativePlaycallTests.test_complete_static_difference_receipt) ... ok
test_dispatch_executes_family_and_phase_rows (__main__.NativePlaycallTests.test_dispatch_executes_family_and_phase_rows) ... ok
test_dispatch_tables_are_family_and_match_phase_switches (__main__.NativePlaycallTests.test_dispatch_tables_are_family_and_match_phase_switches) ... ok
test_four_retries_keep_the_formation_and_do_not_advance_a_row (__main__.NativePlaycallTests.test_four_retries_keep_the_formation_and_do_not_advance_a_row) ... ok
test_goal_line_compiled_heavy_categories_survive_normalizer (__main__.NativePlaycallTests.test_goal_line_compiled_heavy_categories_survive_normalizer) ... PROVED compiled/normalized heavy GL candidates: [(0, 1.0), (1, 1.0), (2, 1.162857174873352), (5, 0.5642856955528259), (8, 0.048269230872392654)]
ok
test_ladder_is_a_separate_bounded_lineup_resolver (__main__.NativePlaycallTests.test_ladder_is_a_separate_bounded_lineup_resolver) ... ok
test_mask_only_retirement_is_rebuilt (__main__.NativePlaycallTests.test_mask_only_retirement_is_rebuilt) ... ok
test_master_category_rows_and_te_roles_are_distinct_namespaces (__main__.NativePlaycallTests.test_master_category_rows_and_te_roles_are_distinct_namespaces) ... ok
test_master_initialization_enables_all_retail_plays (__main__.NativePlaycallTests.test_master_initialization_enables_all_retail_plays) ... ok
test_removed_record_hides_suffix_then_normalizer_compacts_it (__main__.NativePlaycallTests.test_removed_record_hides_suffix_then_normalizer_compacts_it) ... ok
test_resource_names_and_filename_hashes (__main__.NativePlaycallTests.test_resource_names_and_filename_hashes) ... ok
test_team_slider_conversion_and_situation_adjustment (__main__.NativePlaycallTests.test_team_slider_conversion_and_situation_adjustment) ... PROVED slider 0.5 adjusted on neutral third downs: [0.44999998807907104, 0.0, 0.0]
ok
test_third_down_full_call_tuples_and_te_counts (__main__.NativePlaycallTests.test_third_down_full_call_tuples_and_te_counts) ... PROVED third-down category/formation/play tuples: {130: ((1, 27, 42), (6, 14, 114), (6, 14, 114)), 767: ((2, 91, 78), (8, 92, 78), (8, 92, 78)), 1411: ((3, 119, 114), (7, 133, 216), (7, 133, 216))}
ok
test_third_down_requests_and_category_weights (__main__.NativePlaycallTests.test_third_down_requests_and_category_weights) ... PROVED neutral 3rd-down rows: [4, 10, 10] category choices: {130: (1, 6, 6), 767: (2, 8, 8), 1411: (3, 7, 7), 1037: (2, 8, 8), 1439: (1, 7, 7)}
ok
test_tu_goal_line_and_third_down_native (__main__.NativePlaycallTests.test_tu_goal_line_and_third_down_native) ... ok
test_tu_prefers_valid_primary_category_in_nearby_resolver (__main__.NativePlaycallTests.test_tu_prefers_valid_primary_category_in_nearby_resolver) ... ok
test_user_and_global_books_enter_same_native_selector (__main__.NativePlaycallTests.test_user_and_global_books_enter_same_native_selector) ... ok
test_user_global_and_cpu_labels_take_common_filename_branch (__main__.NativePlaycallTests.test_user_global_and_cpu_labels_take_common_filename_branch) ... ok
test_whole_offensive_call_selects_added_heavy_without_fetch_or_ladder (__main__.NativePlaycallTests.test_whole_offensive_call_selects_added_heavy_without_fetch_or_ladder) ... PROVED complete GL call: 1 5 236
ok
test_wrapper_passes_the_staging_output_and_obeys_busy_flag (__main__.NativePlaycallTests.test_wrapper_passes_the_staging_output_and_obeys_busy_flag) ... ok
test_x_rating_is_independent_of_y_audible_slot (__main__.NativePlaycallTests.test_x_rating_is_independent_of_y_audible_slot) ... ok

----------------------------------------------------------------------
Ran 26 tests in 138.836s

OK
