state ('LV', 'HOU') first_and_ten
state ('LV', 'HOU') second_and_ten
state ('LV', 'HOU') short_yardage
state ('LV', 'HOU') third_and_long
state ('LV', 'HOU') fourth_down
state ('LV', 'HOU') goal_to_go
state ('LV', 'HOU') flag
state ('LV', 'HOU') fumble
state ('LV', 'HOU') ball_on
state ('LV', 'HOU') hang_time
state ('LV', 'HOU') score_slabs
state ('LV', 'HOU') hidden_play_clock
state ('LV', 'HOU') play_clock_five
state ('LV', 'HOU') two_minute
state ('LV', 'HOU') quarter_end
state ('LV', 'HOU') timeouts_two
state ('LV', 'HOU') timeouts_one
state ('LV', 'HOU') timeouts_none
state ('BUF', 'KC') first_and_ten
state ('BUF', 'KC') second_and_ten
state ('BUF', 'KC') short_yardage
state ('BUF', 'KC') third_and_long
state ('BUF', 'KC') fourth_down
state ('BUF', 'KC') goal_to_go
state ('BUF', 'KC') flag
state ('BUF', 'KC') fumble
state ('BUF', 'KC') ball_on
state ('BUF', 'KC') hang_time
state ('BUF', 'KC') score_slabs
state ('BUF', 'KC') hidden_play_clock
state ('BUF', 'KC') play_clock_five
state ('BUF', 'KC') two_minute
state ('BUF', 'KC') quarter_end
state ('BUF', 'KC') timeouts_two
state ('BUF', 'KC') timeouts_one
state ('BUF', 'KC') timeouts_none
all teams 16:9
all teams 4:3
readability failures []
