BUILD_DATA_ALLOWLIST modules=545 registry_backends=113 build_fields=174 data_files=1179 exclusions=38 missing=66
data/nfl2k5_cave_reservations.json: mod_editor/core/nfl2k5_animation_xbe.py, mod_editor/core/nfl2k5_cave_oracle.py
data/nfl2k5_historic_rosters/manifest.json: mod_editor/core/nfl2k5_historic_rosters.py
data/playbooks/softdrink_arz_defense.2k5book: mod_editor/core/mod_build.py
data/playbooks/softdrink_arz_modern.2k5book: mod_editor/core/mod_build.py
data/playbooks/softdrink_atl_defense.2k5book: mod_editor/core/mod_build.py
data/playbooks/softdrink_atl_modern.2k5book: mod_editor/core/mod_build.py
data/playbooks/softdrink_bal_defense.2k5book: mod_editor/core/mod_build.py
data/playbooks/softdrink_bal_modern.2k5book: mod_editor/core/mod_build.py
data/playbooks/softdrink_buf_defense.2k5book: mod_editor/core/mod_build.py
data/playbooks/softdrink_buf_modern.2k5book: mod_editor/core/mod_build.py
data/playbooks/softdrink_car_defense.2k5book: mod_editor/core/mod_build.py
data/playbooks/softdrink_car_modern.2k5book: mod_editor/core/mod_build.py
data/playbooks/softdrink_chi_defense.2k5book: mod_editor/core/mod_build.py
data/playbooks/softdrink_chi_modern.2k5book: mod_editor/core/mod_build.py
data/playbooks/softdrink_cin_defense.2k5book: mod_editor/core/mod_build.py
data/playbooks/softdrink_cin_modern.2k5book: mod_editor/core/mod_build.py
data/playbooks/softdrink_cle_defense.2k5book: mod_editor/core/mod_build.py
data/playbooks/softdrink_cle_modern.2k5book: mod_editor/core/mod_build.py
data/playbooks/softdrink_dal_defense.2k5book: mod_editor/core/mod_build.py
data/playbooks/softdrink_dal_modern.2k5book: mod_editor/core/mod_build.py
data/playbooks/softdrink_den_defense.2k5book: mod_editor/core/mod_build.py
data/playbooks/softdrink_den_modern.2k5book: mod_editor/core/mod_build.py
data/playbooks/softdrink_det_defense.2k5book: mod_editor/core/mod_build.py
data/playbooks/softdrink_det_modern.2k5book: mod_editor/core/mod_build.py
data/playbooks/softdrink_gb_defense.2k5book: mod_editor/core/mod_build.py
data/playbooks/softdrink_gb_modern.2k5book: mod_editor/core/mod_build.py
data/playbooks/softdrink_giants_modern.2k5book: mod_editor/core/mod_build.py
data/playbooks/softdrink_hou_defense.2k5book: mod_editor/core/mod_build.py
data/playbooks/softdrink_hou_modern.2k5book: mod_editor/core/mod_build.py
data/playbooks/softdrink_ind_defense.2k5book: mod_editor/core/mod_build.py
data/playbooks/softdrink_ind_modern.2k5book: mod_editor/core/mod_build.py
data/playbooks/softdrink_jax_defense.2k5book: mod_editor/core/mod_build.py
data/playbooks/softdrink_jax_modern.2k5book: mod_editor/core/mod_build.py
data/playbooks/softdrink_kc_defense.2k5book: mod_editor/core/mod_build.py
data/playbooks/softdrink_kc_modern.2k5book: mod_editor/core/mod_build.py
data/playbooks/softdrink_mia_defense.2k5book: mod_editor/core/mod_build.py
data/playbooks/softdrink_mia_modern.2k5book: mod_editor/core/mod_build.py
data/playbooks/softdrink_min_defense.2k5book: mod_editor/core/mod_build.py
data/playbooks/softdrink_min_modern.2k5book: mod_editor/core/mod_build.py
data/playbooks/softdrink_ne_defense.2k5book: mod_editor/core/mod_build.py
data/playbooks/softdrink_ne_modern.2k5book: mod_editor/core/mod_build.py
data/playbooks/softdrink_no_defense.2k5book: mod_editor/core/mod_build.py
data/playbooks/softdrink_no_modern.2k5book: mod_editor/core/mod_build.py
data/playbooks/softdrink_nyg_defense.2k5book: mod_editor/core/mod_build.py
data/playbooks/softdrink_nyj_defense.2k5book: mod_editor/core/mod_build.py
data/playbooks/softdrink_nyj_modern.2k5book: mod_editor/core/mod_build.py
data/playbooks/softdrink_oak_defense.2k5book: mod_editor/core/mod_build.py
data/playbooks/softdrink_oak_modern.2k5book: mod_editor/core/mod_build.py
data/playbooks/softdrink_phi_defense.2k5book: mod_editor/core/mod_build.py
data/playbooks/softdrink_phi_modern.2k5book: mod_editor/core/mod_build.py
data/playbooks/softdrink_pit_defense.2k5book: mod_editor/core/mod_build.py
data/playbooks/softdrink_pit_modern.2k5book: mod_editor/core/mod_build.py
data/playbooks/softdrink_sd_defense.2k5book: mod_editor/core/mod_build.py
data/playbooks/softdrink_sd_modern.2k5book: mod_editor/core/mod_build.py
data/playbooks/softdrink_sea_defense.2k5book: mod_editor/core/mod_build.py
data/playbooks/softdrink_sea_modern.2k5book: mod_editor/core/mod_build.py
data/playbooks/softdrink_sf_defense.2k5book: mod_editor/core/mod_build.py
data/playbooks/softdrink_sf_modern.2k5book: mod_editor/core/mod_build.py
data/playbooks/softdrink_stl_defense.2k5book: mod_editor/core/mod_build.py
data/playbooks/softdrink_stl_modern.2k5book: mod_editor/core/mod_build.py
data/playbooks/softdrink_tb_defense.2k5book: mod_editor/core/mod_build.py
data/playbooks/softdrink_tb_modern.2k5book: mod_editor/core/mod_build.py
data/playbooks/softdrink_ten_defense.2k5book: mod_editor/core/mod_build.py
data/playbooks/softdrink_ten_modern.2k5book: mod_editor/core/mod_build.py
data/playbooks/softdrink_was_defense.2k5book: mod_editor/core/mod_build.py
data/playbooks/softdrink_was_modern.2k5book: mod_editor/core/mod_build.py
