2K5_MOD_STUDIO_RELEASE_PASS files=2092 directories=134 bytes=203748266 metadata=25 private_inventory=false retail=false symlinks=false undeclared=false
	Command being timed: "/usr/bin/python3 /tmp/b76-rp-final-a74lsq6n/stage/packaging/check_2k5_mod_studio_release.py /tmp/b76-rp-final-a74lsq6n/stage"
	User time (seconds): 9.30
	System time (seconds): 0.57
	Percent of CPU this job got: 99%
	Elapsed (wall clock) time (h:mm:ss or m:ss): 0:09.88
	Average shared text size (kbytes): 0
	Average unshared data size (kbytes): 0
	Average stack size (kbytes): 0
	Average total size (kbytes): 0
	Maximum resident set size (kbytes): 294528
	Average resident set size (kbytes): 0
	Major (requiring I/O) page faults: 0
	Minor (reclaiming a frame) page faults: 217512
	Voluntary context switches: 1
	Involuntary context switches: 25
	Swaps: 0
	File system inputs: 0
	File system outputs: 8
	Socket messages sent: 0
	Socket messages received: 0
	Signals delivered: 0
	Page size (bytes): 4096
	Exit status: 0
