APF2K8_MOD_STUDIO_RELEASE_PASS files=295 bytes=10783791 metadata=8 install_surface=8 retail_hashes=7 extractor=reviewed private=false retail=false symlinks=false undeclared=false
	Command being timed: "/usr/bin/python3 /tmp/b76-rp-apf2k8-jstutchu/stage/packaging/check_apf2k8_mod_studio_release.py /tmp/b76-rp-apf2k8-jstutchu/stage"
	User time (seconds): 0.37
	System time (seconds): 0.02
	Percent of CPU this job got: 100%
	Elapsed (wall clock) time (h:mm:ss or m:ss): 0:00.39
	Average shared text size (kbytes): 0
	Average unshared data size (kbytes): 0
	Average stack size (kbytes): 0
	Average total size (kbytes): 0
	Maximum resident set size (kbytes): 24528
	Average resident set size (kbytes): 0
	Major (requiring I/O) page faults: 0
	Minor (reclaiming a frame) page faults: 4413
	Voluntary context switches: 1
	Involuntary context switches: 0
	Swaps: 0
	File system inputs: 0
	File system outputs: 8
	Socket messages sent: 0
	Socket messages received: 0
	Signals delivered: 0
	Page size (bytes): 4096
	Exit status: 0
