staged 295 files; 0 declared inputs absent
	Command being timed: "/usr/bin/python3 /home/noah/2k-worktrees/b76-h1/packaging/stage_release.py /home/noah/2k-worktrees/b76-h1/packaging/apf2k8-release-allowlist.txt /tmp/b76-rp-apf2k8-jstutchu/stage /home/noah/2k-worktrees/b76-h1"
	User time (seconds): 0.04
	System time (seconds): 0.03
	Percent of CPU this job got: 97%
	Elapsed (wall clock) time (h:mm:ss or m:ss): 0:00.08
	Average shared text size (kbytes): 0
	Average unshared data size (kbytes): 0
	Average stack size (kbytes): 0
	Average total size (kbytes): 0
	Maximum resident set size (kbytes): 13824
	Average resident set size (kbytes): 0
	Major (requiring I/O) page faults: 0
	Minor (reclaiming a frame) page faults: 1912
	Voluntary context switches: 6
	Involuntary context switches: 1
	Swaps: 0
	File system inputs: 696
	File system outputs: 22296
	Socket messages sent: 0
	Socket messages received: 0
	Signals delivered: 0
	Page size (bytes): 4096
	Exit status: 0
