CHARGE_QB base passing retail arms=1/no-arms=0; patched arms=2/no-arms=0; runner mode separately verified
CHARGE_QB tu_1_1 passing retail arms=1/no-arms=0; patched arms=2/no-arms=0; runner mode separately verified
.
1 passed in 6.68s
	Command being timed: "/usr/bin/python3 -m pytest -q -s -p no:cacheprovider tests/mod_editor/test_apf_charge_abilities_native.py::ChargeNativeTests::test_qb_gate_and_passing_mode_qualification"
	User time (seconds): 5.88
	System time (seconds): 1.18
	Percent of CPU this job got: 100%
	Elapsed (wall clock) time (h:mm:ss or m:ss): 0:07.04
	Average shared text size (kbytes): 0
	Average unshared data size (kbytes): 0
	Average stack size (kbytes): 0
	Average total size (kbytes): 0
	Maximum resident set size (kbytes): 638940
	Average resident set size (kbytes): 0
	Major (requiring I/O) page faults: 0
	Minor (reclaiming a frame) page faults: 333111
	Voluntary context switches: 61
	Involuntary context switches: 250
	Swaps: 0
	File system inputs: 0
	File system outputs: 105672
	Socket messages sent: 0
	Socket messages received: 0
	Signals delivered: 0
	Page size (bytes): 4096
	Exit status: 0
