.
1 passed in 8.57s
	Command being timed: "/usr/bin/python3 -m pytest -q -s -p no:cacheprovider tests/mod_editor/test_apf_charge_abilities_native.py::ChargeNativeTests::test_every_packed_ability_and_unrelated_bit"
	User time (seconds): 8.08
	System time (seconds): 0.87
	Percent of CPU this job got: 100%
	Elapsed (wall clock) time (h:mm:ss or m:ss): 0:08.93
	Average shared text size (kbytes): 0
	Average unshared data size (kbytes): 0
	Average stack size (kbytes): 0
	Average total size (kbytes): 0
	Maximum resident set size (kbytes): 427016
	Average resident set size (kbytes): 0
	Major (requiring I/O) page faults: 0
	Minor (reclaiming a frame) page faults: 254327
	Voluntary context switches: 71
	Involuntary context switches: 311
	Swaps: 0
	File system inputs: 0
	File system outputs: 105672
	Socket messages sent: 0
	Socket messages received: 0
	Signals delivered: 0
	Page size (bytes): 4096
	Exit status: 0
