.....
5 passed in 0.67s
	Command being timed: "/usr/bin/python3 -m pytest -q -s -p no:cacheprovider tests/mod_editor/test_apf_b69_launch_patches.py"
	User time (seconds): 0.89
	System time (seconds): 0.13
	Percent of CPU this job got: 100%
	Elapsed (wall clock) time (h:mm:ss or m:ss): 0:01.02
	Average shared text size (kbytes): 0
	Average unshared data size (kbytes): 0
	Average stack size (kbytes): 0
	Average total size (kbytes): 0
	Maximum resident set size (kbytes): 79212
	Average resident set size (kbytes): 0
	Major (requiring I/O) page faults: 1
	Minor (reclaiming a frame) page faults: 19537
	Voluntary context switches: 125
	Involuntary context switches: 9
	Swaps: 0
	File system inputs: 1712
	File system outputs: 808
	Socket messages sent: 0
	Socket messages received: 0
	Signals delivered: 0
	Page size (bytes): 4096
	Exit status: 0
