CHARGE_CALLER base controller!=-1 enters; CPU -1 skips unless selected automation helper is true
CHARGE_CALLER tu_1_1 controller!=-1 enters; CPU -1 skips unless selected automation helper is true
.
1 passed in 6.61s
	Command being timed: "/usr/bin/python3 -m pytest -q -s -p no:cacheprovider tests/mod_editor/test_apf_charge_abilities_native.py::ChargeNativeTests::test_real_caller_cpu_bypass"
	User time (seconds): 5.76
	System time (seconds): 1.23
	Percent of CPU this job got: 100%
	Elapsed (wall clock) time (h:mm:ss or m:ss): 0:06.99
	Average shared text size (kbytes): 0
	Average unshared data size (kbytes): 0
	Average stack size (kbytes): 0
	Average total size (kbytes): 0
	Maximum resident set size (kbytes): 638544
	Average resident set size (kbytes): 0
	Major (requiring I/O) page faults: 0
	Minor (reclaiming a frame) page faults: 332945
	Voluntary context switches: 86
	Involuntary context switches: 43
	Swaps: 0
	File system inputs: 0
	File system outputs: 105672
	Socket messages sent: 0
	Socket messages received: 0
	Signals delivered: 0
	Page size (bytes): 4096
	Exit status: 0
