.......                                                                  [100%]
7 passed in 8.55s
	Command being timed: "python3 -m pytest -q -p no:cacheprovider tests/mod_editor/test_apf_charge_abilities.py"
	User time (seconds): 7.27
	System time (seconds): 1.67
	Percent of CPU this job got: 99%
	Elapsed (wall clock) time (h:mm:ss or m:ss): 0:08.95
	Average shared text size (kbytes): 0
	Average unshared data size (kbytes): 0
	Average stack size (kbytes): 0
	Average total size (kbytes): 0
	Maximum resident set size (kbytes): 385832
	Average resident set size (kbytes): 0
	Major (requiring I/O) page faults: 1
	Minor (reclaiming a frame) page faults: 681287
	Voluntary context switches: 117
	Involuntary context switches: 78
	Swaps: 0
	File system inputs: 840
	File system outputs: 456
	Socket messages sent: 0
	Socket messages received: 0
	Signals delivered: 0
	Page size (bytes): 4096
	Exit status: 0
