This plugin does not support propagateSizeHints()
This plugin does not support propagateSizeHints()
This plugin does not support propagateSizeHints()
This plugin does not support propagateSizeHints()
This plugin does not support propagateSizeHints()
This plugin does not support propagateSizeHints()
This plugin does not support propagateSizeHints()
This plugin does not support propagateSizeHints()
This plugin does not support propagateSizeHints()
This plugin does not support propagateSizeHints()
This plugin does not support propagateSizeHints()
This plugin does not support propagateSizeHints()
This plugin does not support propagateSizeHints()
This plugin does not support propagateSizeHints()
This plugin does not support propagateSizeHints()
This plugin does not support propagateSizeHints()
This plugin does not support propagateSizeHints()
This plugin does not support propagateSizeHints()
This plugin does not support propagateSizeHints()
This plugin does not support propagateSizeHints()
This plugin does not support propagateSizeHints()
This plugin does not support propagateSizeHints()
This plugin does not support propagateSizeHints()
This plugin does not support propagateSizeHints()
This plugin does not support propagateSizeHints()
This plugin does not support propagateSizeHints()
This plugin does not support propagateSizeHints()
This plugin does not support propagateSizeHints()
This plugin does not support propagateSizeHints()
This plugin does not support propagateSizeHints()
This plugin does not support propagateSizeHints()
This plugin does not support propagateSizeHints()
This plugin does not support propagateSizeHints()
This plugin does not support propagateSizeHints()
This plugin does not support propagateSizeHints()
This plugin does not support propagateSizeHints()
This plugin does not support propagateSizeHints()
This plugin does not support propagateSizeHints()
This plugin does not support propagateSizeHints()
This plugin does not support propagateSizeHints()
This plugin does not support propagateSizeHints()
This plugin does not support propagateSizeHints()
.....
----------------------------------------------------------------------
Ran 5 tests in 7.187s

OK
