This plugin does not support propagateSizeHints()
This plugin does not support propagateSizeHints()
This plugin does not support propagateSizeHints()
This plugin does not support propagateSizeHints()
This plugin does not support propagateSizeHints()
This plugin does not support propagateSizeHints()
This plugin does not support propagateSizeHints()
This plugin does not support propagateSizeHints()
This plugin does not support propagateSizeHints()
This plugin does not support propagateSizeHints()
This plugin does not support propagateSizeHints()
This plugin does not support propagateSizeHints()
This plugin does not support propagateSizeHints()
This plugin does not support propagateSizeHints()
This plugin does not support propagateSizeHints()
This plugin does not support propagateSizeHints()
This plugin does not support propagateSizeHints()
This plugin does not support propagateSizeHints()
This plugin does not support propagateSizeHints()
This plugin does not support propagateSizeHints()
This plugin does not support propagateSizeHints()
This plugin does not support propagateSizeHints()
This plugin does not support propagateSizeHints()
This plugin does not support propagateSizeHints()
This plugin does not support propagateSizeHints()
This plugin does not support propagateSizeHints()
This plugin does not support propagateSizeHints()
This plugin does not support propagateSizeHints()
This plugin does not support propagateSizeHints()
This plugin does not support propagateSizeHints()
This plugin does not support propagateSizeHints()
This plugin does not support propagateSizeHints()
This plugin does not support propagateSizeHints()
This plugin does not support propagateSizeHints()
This plugin does not support propagateSizeHints()
This plugin does not support propagateSizeHints()
This plugin does not support propagateSizeHints()
This plugin does not support propagateSizeHints()
This plugin does not support propagateSizeHints()
This plugin does not support propagateSizeHints()
This plugin does not support propagateSizeHints()
This plugin does not support propagateSizeHints()
Traceback (most recent call last):
  File "/home/noah/2k-worktrees/astra-b71-apf7/reports/b71_apf7/screenshots.py", line 40, in <module>
    row['scroll_viewport_height']=panel.scroll.viewport().height()
                                  ^^^^^^^^^^^^^^^^^^^^^
AttributeError: 'builtin_function_or_method' object has no attribute 'viewport'
