mod_editor/gui/studio_qt.py:2165:        box.show()
mod_editor/gui/studio_qt.py:2417:        box.exec_()
mod_editor/gui/studio_qt.py:2484:        box.exec_()
mod_editor/gui/studio_qt.py:2560:        dialog.exec_()
mod_editor/gui/studio_qt.py:5600:            if dialog.exec_() != dialog.Accepted:
mod_editor/gui/studio_qt.py:5610:            if dialog.exec_() != dialog.Accepted:
mod_editor/gui/studio_qt.py:5634:                if retry.exec_() == retry.Accepted and retry.scale is not None:
mod_editor/gui/studio_qt.py:6590:            box.exec_()
mod_editor/gui/studio_qt.py:6715:            box.exec_()
mod_editor/gui/studio_qt.py:7287:        box.exec_()
mod_editor/gui/studio_qt.py:7375:        return dialog.exec_() == QDialog.Accepted
mod_editor/gui/studio_qt.py:7987:        box.exec_()
mod_editor/gui/studio_qt.py:8158:        self.progress_bar.show()
mod_editor/gui/studio_qt.py:8174:            self.progress_bar.show()
mod_editor/gui/studio_qt.py:9279:        wizard.exec_()
mod_editor/gui/studio_qt.py:9831:def launch_studio(
mod_editor/gui/studio_qt.py:9868:    window.show()
mod_editor/gui/studio_qt.py:9871:    return app.exec_()
mod_editor/apf_studio/gui.py:1929:    return dialog.exec_() == QDialog.Accepted
mod_editor/apf_studio/gui.py:2086:        dialog.exec_()
mod_editor/apf_studio/gui.py:14277:        if wizard.exec_() != QDialog.Accepted:
mod_editor/apf_studio/gui.py:16267:        dialog.exec_()
mod_editor/apf_studio/gui.py:19169:        accepted = dialog.exec_() == QDialog.Accepted
mod_editor/apf_studio/gui.py:20396:        box.exec_()
mod_editor/apf_studio/gui.py:20920:        dialog.exec_()
mod_editor/apf_studio/gui.py:21215:        box.exec_()
mod_editor/apf_studio/gui.py:21889:        FourthDownDialog(self.facade.launcher, self).exec_()
mod_editor/apf_studio/gui.py:22092:def launch_studio(
mod_editor/apf_studio/gui.py:22135:    window.show()
mod_editor/apf_studio/gui.py:22155:    result = application.exec_()
"""Manual/source installs must be refused before download or handoff."""
from pathlib import Path
import sys
import tempfile
import unittest
from unittest.mock import Mock

sys.path.insert(0, str(Path(__file__).resolve().parents[2]))
from mod_editor.core import self_update as update


class ManualLayoutTests(unittest.TestCase):
    def test_unknown_source_zip_and_broken_setup_never_download(self):
        for kind in ("manual", "source-zip", "missing-runtime"):
            with self.subTest(kind=kind), tempfile.TemporaryDirectory() as folder:
                root = Path(folder) / ("app" if kind == "missing-runtime" else "studio")
                (root / "mod_editor").mkdir(parents=True)
                (root / "mod_editor/__main__.py").write_bytes(b"")
                if kind != "manual":
                    (root / "2K5-Mod-Studio.bat").write_bytes(b"@echo off\n")
                if kind == "source-zip":
                    (root / ".github").mkdir()
                install = update.detect_install(root, platform="win32")
                self.assertEqual(install.kind, "unknown")
                opener, spawn = Mock(), Mock()
                with self.assertRaises(update.SelfUpdateError) as caught:
                    update.run_update({}, install=install, opener=opener, spawn_windows=spawn)
                self.assertEqual(str(caught.exception), update.UNSUPPORTED_LAYOUT_MESSAGE)
                opener.assert_not_called()
                spawn.assert_not_called()
                self.assertTrue((root / "mod_editor/__main__.py").exists())


if __name__ == "__main__":
    unittest.main()
        raise RegistryError(f"registry JSON parse failed: {exc}") from exc
    validate_data(data, check_files=check_files)
    if require_canonical:
        canonical = (json.dumps(data, indent=2, sort_keys=True) + "\n").encode("utf-8")
        _require(raw == canonical, "registry JSON is not canonical sorted pretty JSON")
    return data


def main() -> int:
    parser = argparse.ArgumentParser(description=__doc__)
    parser.add_argument("--registry", type=Path, default=DEFAULT_REGISTRY)
    parser.add_argument("--schema", type=Path, default=DEFAULT_SCHEMA)
    parser.add_argument("--skip-file-checks", action="store_true")
    args = parser.parse_args()
    _require(args.schema.resolve() == DEFAULT_SCHEMA.resolve(), "only the pinned v1 schema is accepted")
    schema = json.loads(args.schema.read_text(encoding="utf-8"))
    _require(schema.get("$id") == SCHEMA_DOCUMENT_ID, "schema file has wrong $id")
    data = load_and_validate(args.registry, check_files=not args.skip_file_checks)
    print(
        "MOD_CAPABILITY_REGISTRY_VALIDATION_PASS "
        f"schema={data['schema']} games={len(data['games'])} "
        f"surfaces={len(data['surfaces'])} capabilities={len(data['capabilities'])}"
    )
    return 0


if __name__ == "__main__":
    raise SystemExit(main())
"""Focused tests for the retail-free 2K5 Mod Studio release-stage gate."""

from __future__ import annotations

import importlib.util
import hashlib
import os
from pathlib import Path
import tempfile
import unittest


ROOT = Path(__file__).resolve().parents[2]
CHECKER = ROOT / "packaging/check_2k5_mod_studio_release.py"
SPEC = importlib.util.spec_from_file_location("release_gate", CHECKER)
assert SPEC is not None and SPEC.loader is not None
release_gate = importlib.util.module_from_spec(SPEC)
SPEC.loader.exec_module(release_gate)


@unittest.skipIf(
    os.name == "nt",
    "POSIX inode/link-count release audit runs in the dedicated Linux gate",
)
class ModStudioPackagingTests(unittest.TestCase):
    def test_source_version_and_visible_product_label_are_pinned(self) -> None:
        package_source = (ROOT / "mod_editor/__init__.py").read_text(
            encoding="utf-8"
        )
        studio_source = (ROOT / "mod_editor/gui/studio_qt.py").read_text(
            encoding="utf-8"
        )
        version_assignments = [
            line for line in package_source.splitlines()
            if line.startswith("__version__ = ")
        ]
        self.assertEqual(version_assignments, ['__version__ = "1.0.0rc96"'])
        self.assertIn(
            'release_candidate = __version__.rsplit("rc", 1)[-1]',
            studio_source,
        )
        self.assertIn(
            'QLabel(f"v1.0 RC{release_candidate} • Xbox Edition")',
            studio_source,
        )
        getting_started = (
            ROOT / "docs/mod_editor/2k5_mod_studio_getting_started.md"
        ).read_text(encoding="utf-8")
        changelog = (
            ROOT / "docs/mod_editor/2k5_mod_studio_changelog.md"
        ).read_text(encoding="utf-8")
        packaging_readme = (ROOT / "packaging/README.md").read_text(
            encoding="utf-8"
        )
        status = (ROOT / "STATUS.md").read_text(encoding="utf-8")
        self.assertTrue(getting_started.startswith(
            "# 2K5 Mod Studio v1.0 RC96 — Getting Started"
        ))
        self.assertIn(
            "## v1.0 RC48 Audio Converter, Stadium Model Export, Update Check", changelog
        )
        self.assertIn("## v1.0 RC50", changelog)
        self.assertIn("## v1.0 RC69", changelog)
        self.assertIn("## v1.0 RC67", changelog)
        self.assertIn(
            "fully_validated_read_only_preview_then_explicit_apply",
            packaging_readme,
        )
        self.assertIn("registry has 124 cross-title rows", getting_started)
        self.assertIn("complete 19-page sidebar", getting_started)
        self.assertIn("twelve-section desktop launch signature", packaging_readme)
        self.assertTrue(status.startswith(
            "# 2K5 Mod Studio — v1.0 RC96 Release Status"
        ))

    def _fixture(self) -> tuple[tempfile.TemporaryDirectory[str], Path, Path]:
        temporary = tempfile.TemporaryDirectory(prefix="2k5-release-gate-test-")
        root = Path(temporary.name) / "release"
        (root / "app").mkdir(parents=True)
        (root / "app/main.py").write_text("print('safe product code')\n", encoding="utf-8")
        allowlist = Path(temporary.name) / "allowlist.txt"
        allowlist.write_text("app/\napp/main.py\n", encoding="utf-8")
        return temporary, root, allowlist

    def test_accepts_declared_text_only_stage(self) -> None:
        temporary, root, allowlist = self._fixture()
        with temporary:
            report = release_gate.audit_release(root, allowlist)
        self.assertEqual(report["file_count"], 1)
        self.assertFalse(report["retail_payloads_included"])

    def test_refuses_known_private_host_paths_in_staged_text(self) -> None:
        for private_path in (
            "/home/noah/private-release-artifact",
            "/media/noah/Storage/private-game-dump",
        ):
            with self.subTest(private_path=private_path):
                temporary, root, allowlist = self._fixture()
                with temporary:
                    (root / "app/main.py").write_text(
                        f"LOCAL_PATH = {private_path!r}\n", encoding="utf-8"
                    )
                    with self.assertRaisesRegex(
                        release_gate.ReleaseCheckError, "private host path"
                    ):
                        release_gate.audit_release(root, allowlist)

    def test_allows_unrelated_portable_absolute_path_examples(self) -> None:
        temporary, root, allowlist = self._fixture()
        with temporary:
"""Tell the user when a newer build exists.

Modders were running old builds without knowing newer ones had shipped, and the
only way to find out was to go and look. This checks once and says so.

Three rules it does not break:

* The check itself never downloads or installs anything. It reports a version,
  a link, and the list of published files; installing is a separate step the
  user starts on purpose (``self_update``).
* It never blocks the app. Callers run it on a worker; every failure -- offline,
  rate limited, garbage response -- returns "no news" rather than an error the
  user has to dismiss.
* It is disclosed and can be turned off. The check contacts GitHub, which means
  an outbound request the user did not personally type, so the setting is
  visible in the UI and honoured here.
"""

from __future__ import annotations

from dataclasses import dataclass
import json
import re
import urllib.error
import urllib.request

# The list endpoint, not /releases/latest. This project ships betas, GitHub
# marks those pre-releases, and /releases/latest excludes pre-releases outright
# -- it answers 404 here even though releases exist. The list returns newest
# first and includes them.
RELEASES_API = (
    "https://api.github.com/repos/cruuz/2k-football-mod-tools/releases?per_page=10"
)
RELEASES_PAGE = "https://github.com/cruuz/2k-football-mod-tools/releases"
#: The community Discord (Noah's invite, 2026-09-04): linked from the Help menu of both studios.
COMMUNITY_DISCORD = "https://discord.gg/dpMJCnJZD"

#: The release this build was cut from. Packaging updates it when a release is
#: tagged; the check compares it with the newest published tag, which works
#: across the two products' different version schemes without parsing either.
BUILD_RELEASE_TAG = "beta-69"

DEFAULT_TIMEOUT_SECONDS = 6.0
MAX_RESPONSE_BYTES = 1024 * 1024
_TAG = re.compile(r"^[A-Za-z0-9._-]{1,64}$")
#: Every release this project has ever published is ``beta-<n>``, plus the
#: occasional ``beta-<n>.<m>`` hotfix (beta-62.1 was the first). Reading those
#: numbers lets the check refuse to advertise a *backwards* move.
_BETA = re.compile(r"^beta-(\d{1,6})(?:\.(\d{1,3}))?$")


def _beta_number(tag: str) -> tuple[int, int] | None:
    match = _BETA.match(tag.strip())
    return (int(match.group(1)), int(match.group(2) or 0)) if match else None


def _is_newer(latest: str, current: str) -> bool:
    """Whether ``latest`` is genuinely ahead of the running build.

    Plain inequality was enough while the newest release was always the highest
    beta, and wrong the moment it was not: a re-published older tag, or a build
    running before its own release is public, would both have told the user to
    "update" to something behind them. When both tags are betas the numbers
    decide; anything unrecognised falls back to "different means newer" so an
    unforeseen tag scheme still gets announced rather than silently swallowed.
    """

    from .self_update import canonical_release_tag
    latest, current = canonical_release_tag(latest), canonical_release_tag(current)
    if latest == current:
        return False
    latest_number = _beta_number(latest)
    current_number = _beta_number(current)
    if latest_number is not None and current_number is not None:
        return latest_number > current_number
    return True


@dataclass(frozen=True)
class UpdateStatus:
