[
  {
    "feature": "logo",
    "visible_area_px": 1931.75,
    "maximum_area_px": 2489,
    "metric": "mean player pixels across two same-state matchups and both aspects",
    "rank": 1
  },
  {
    "feature": "wing_colour",
    "visible_area_px": 1524.0,
    "maximum_area_px": 1787,
    "metric": "mean player pixels across two same-state matchups and both aspects",
    "rank": 2
  },
  {
    "feature": "housing_rim",
    "visible_area_px": 952.5,
    "maximum_area_px": 1200,
    "metric": "mean player pixels across two same-state matchups and both aspects",
    "rank": 3
  },
  {
    "feature": "down_capsule",
    "visible_area_px": 906.0,
    "maximum_area_px": 1001,
    "metric": "mean player pixels across two same-state matchups and both aspects",
    "rank": 4
  },
  {
    "feature": "pill",
    "visible_area_px": 752.25,
    "maximum_area_px": 920,
    "metric": "mean player pixels across two same-state matchups and both aspects",
    "rank": 5
  },
  {
    "feature": "score",
    "visible_area_px": 241.0,
    "maximum_area_px": 279,
    "metric": "mean player pixels across two same-state matchups and both aspects",
    "rank": 6
  }
]
