[
  {
    "feature": "wing_colour",
    "visible_area_px": 8830.25,
    "maximum_area_px": 9823,
    "metric": "mean player pixels across two same-state matchups and both aspects",
    "rank": 1
  },
  {
    "feature": "housing_rim",
    "visible_area_px": 3843.25,
    "maximum_area_px": 3899,
    "metric": "mean player pixels across two same-state matchups and both aspects",
    "rank": 2
  },
  {
    "feature": "down_capsule",
    "visible_area_px": 3247.0,
    "maximum_area_px": 3787,
    "metric": "mean player pixels across two same-state matchups and both aspects",
    "rank": 3
  },
  {
    "feature": "logo",
    "visible_area_px": 2239.25,
    "maximum_area_px": 2695,
    "metric": "mean player pixels across two same-state matchups and both aspects",
    "rank": 4
  },
  {
    "feature": "pill",
    "visible_area_px": 1511.0,
    "maximum_area_px": 1577,
    "metric": "mean player pixels across two same-state matchups and both aspects",
    "rank": 5
  },
  {
    "feature": "score",
    "visible_area_px": 8.5,
    "maximum_area_px": 18,
    "metric": "mean player pixels across two same-state matchups and both aspects",
    "rank": 6
  }
]
