[
  {
    "feature": "wing_colour",
    "visible_area_px": 2612.25,
    "maximum_area_px": 2966,
    "metric": "mean player pixels across two same-state matchups and both aspects",
    "rank": 1
  },
  {
    "feature": "logo",
    "visible_area_px": 1924.25,
    "maximum_area_px": 2484,
    "metric": "mean player pixels across two same-state matchups and both aspects",
    "rank": 2
  },
  {
    "feature": "housing_rim",
    "visible_area_px": 964.5,
    "maximum_area_px": 1225,
    "metric": "mean player pixels across two same-state matchups and both aspects",
    "rank": 3
  },
  {
    "feature": "down_capsule",
    "visible_area_px": 903.5,
    "maximum_area_px": 999,
    "metric": "mean player pixels across two same-state matchups and both aspects",
    "rank": 4
  },
  {
    "feature": "pill",
    "visible_area_px": 751.5,
    "maximum_area_px": 920,
    "metric": "mean player pixels across two same-state matchups and both aspects",
    "rank": 5
  },
  {
    "feature": "score",
    "visible_area_px": 241.5,
    "maximum_area_px": 279,
    "metric": "mean player pixels across two same-state matchups and both aspects",
    "rank": 6
  }
]
