This plugin does not support propagateSizeHints()
This plugin does not support propagateSizeHints()
----------------------------------------------------------------------
Ran 62 tests in 121.605s

OK
Command terminated by signal 11
	Command being timed: "python3 -m unittest tests.mod_editor.test_apf_b76_situation_weights tests.mod_editor.test_apf_b76_situation_weights_qt tests.mod_editor.test_apf_b72_personnel_rows tests.mod_editor.test_apf_b71_situation_mask tests.mod_editor.test_apf_b71_situation_mask_qt tests.mod_editor.test_apf_b71_situation_mask_install tests.mod_editor.test_apf_playcalling_editor_qt tests.mod_editor.test_apf_playcalling_editor_build tests.mod_editor.test_apf_b71_editor_workflow tests.mod_editor.test_apf_b71_editor_workflow_qt -q"
	User time (seconds): 121.01
	System time (seconds): 0.69
	Percent of CPU this job got: 98%
	Elapsed (wall clock) time (h:mm:ss or m:ss): 2:03.22
	Average shared text size (kbytes): 0
	Average unshared data size (kbytes): 0
	Average stack size (kbytes): 0
	Average total size (kbytes): 0
	Maximum resident set size (kbytes): 246160
	Average resident set size (kbytes): 0
	Major (requiring I/O) page faults: 0
	Minor (reclaiming a frame) page faults: 74346
	Voluntary context switches: 680
	Involuntary context switches: 459
	Swaps: 0
	File system inputs: 0
	File system outputs: 25576
	Socket messages sent: 0
	Socket messages received: 0
	Signals delivered: 0
	Page size (bytes): 4096
	Exit status: 0
