........
8 passed in 12.04s
	Command being timed: "/usr/bin/python3 -m pytest -q -s -p no:cacheprovider tests/mod_editor/test_apf_charge_abilities.py"
	User time (seconds): 9.90
	System time (seconds): 2.59
	Percent of CPU this job got: 99%
	Elapsed (wall clock) time (h:mm:ss or m:ss): 0:12.50
	Average shared text size (kbytes): 0
	Average unshared data size (kbytes): 0
	Average stack size (kbytes): 0
	Average total size (kbytes): 0
	Maximum resident set size (kbytes): 386860
	Average resident set size (kbytes): 0
	Major (requiring I/O) page faults: 0
	Minor (reclaiming a frame) page faults: 1106553
	Voluntary context switches: 137
	Involuntary context switches: 59
	Swaps: 0
	File system inputs: 1128
	File system outputs: 976
	Socket messages sent: 0
	Socket messages received: 0
	Signals delivered: 0
	Page size (bytes): 4096
	Exit status: 0
