MOVE_BONUS_CONTACT_STOP base all tiers and individual ability controls PASS
MOVE_BONUS_CONTACT_STOP tu_1_1 all tiers and individual ability controls PASS
.
1 passed in 6.04s
	Command being timed: "/usr/bin/python3 -m pytest -q -s -p no:cacheprovider tests/mod_editor/test_apf_charge_abilities_native.py::ChargeNativeTests::test_move_bonus_power_contact_and_stop_exclusion"
	User time (seconds): 5.65
	System time (seconds): 0.83
	Percent of CPU this job got: 100%
	Elapsed (wall clock) time (h:mm:ss or m:ss): 0:06.45
	Average shared text size (kbytes): 0
	Average unshared data size (kbytes): 0
	Average stack size (kbytes): 0
	Average total size (kbytes): 0
	Maximum resident set size (kbytes): 325512
	Average resident set size (kbytes): 0
	Major (requiring I/O) page faults: 0
	Minor (reclaiming a frame) page faults: 256850
	Voluntary context switches: 60
	Involuntary context switches: 27
	Swaps: 0
	File system inputs: 0
	File system outputs: 105672
	Socket messages sent: 0
	Socket messages received: 0
	Signals delivered: 0
	Page size (bytes): 4096
	Exit status: 0
