CHARGE_FEEDBACK base 1 Kelly-like {"held": {"charge_channel": 0.5, "consumed_state": 3, "decoded_charge": 0.5009785294532776, "decoded_timer": 0.0, "displayed_charge": 1.0019570589065552, "medal": 1, "outer_ring": true, "packet_word": 131073, "second_level_discharge": true, "timer_channel": 0.0}, "spent": {"charge_channel": 0.0, "consumed_state": 1, "decoded_charge": 0.0, "decoded_timer": 0.0, "displayed_charge": 0.0, "medal": 1, "outer_ring": false, "packet_word": 1, "second_level_discharge": true, "timer_channel": 0.0}}
CHARGE_FEEDBACK base 1 Sims-like {"held": {"charge_channel": 1.0, "consumed_state": 6, "decoded_charge": 1.0000001192092896, "decoded_timer": 0.0, "displayed_charge": 1.0, "medal": 2, "outer_ring": false, "packet_word": 261634, "second_level_discharge": false, "timer_channel": 0.0}, "spent": {"charge_channel": 0.0, "consumed_state": 4, "decoded_charge": 0.0, "decoded_timer": 0.0, "displayed_charge": 0.0, "medal": 2, "outer_ring": false, "packet_word": 2, "second_level_discharge": false, "timer_channel": 0.0}}
CHARGE_FEEDBACK base 1 Sanders-like {"held": {"charge_channel": 1.0, "consumed_state": 6, "decoded_charge": 1.0000001192092896, "decoded_timer": 0.0, "displayed_charge": 2.0, "medal": 1, "outer_ring": true, "packet_word": 261633, "second_level_discharge": true, "timer_channel": 0.0}, "spent": {"charge_channel": 0.0, "consumed_state": 4, "decoded_charge": 0.0, "decoded_timer": 0.0, "displayed_charge": 0.0, "medal": 1, "outer_ring": false, "packet_word": 1, "second_level_discharge": true, "timer_channel": 0.0}}
CHARGE_FEEDBACK base 1 Bronze charged {"held": {"charge_channel": 1.0, "consumed_state": 6, "decoded_charge": 1.0000001192092896, "decoded_timer": 0.0, "displayed_charge": 1.0, "medal": 3, "outer_ring": false, "packet_word": 261635, "second_level_discharge": false, "timer_channel": 0.0}, "spent": {"charge_channel": 0.0, "consumed_state": 4, "decoded_charge": 0.0, "decoded_timer": 0.0, "displayed_charge": 0.0, "medal": 3, "outer_ring": false, "packet_word": 3, "second_level_discharge": false, "timer_channel": 0.0}}
CHARGE_FEEDBACK base 1 No medal charged {"held": {"charge_channel": 1.0, "consumed_state": 6, "decoded_charge": 1.0000001192092896, "decoded_timer": 0.0, "displayed_charge": 1.0, "medal": 0, "outer_ring": false, "packet_word": 261632, "second_level_discharge": false, "timer_channel": 0.0}, "spent": {"charge_channel": 0.0, "consumed_state": 4, "decoded_charge": 0.0, "decoded_timer": 0.0, "displayed_charge": 0.0, "medal": 0, "outer_ring": false, "packet_word": 0, "second_level_discharge": false, "timer_channel": 0.0}}
CHARGE_FEEDBACK base 1 Silver no ability {"held": {"charge_channel": 0.5, "consumed_state": 3, "decoded_charge": 0.5009785294532776, "decoded_timer": 0.0, "displayed_charge": 1.0, "medal": 2, "outer_ring": false, "packet_word": 131074, "second_level_discharge": false, "timer_channel": 0.0}, "spent": {"charge_channel": 0.0, "consumed_state": 1, "decoded_charge": 0.0, "decoded_timer": 0.0, "displayed_charge": 0.0, "medal": 2, "outer_ring": false, "packet_word": 2, "second_level_discharge": false, "timer_channel": 0.0}}
CHARGE_FEEDBACK base 3 Kelly-like {"held": {"charge_channel": 0.5, "consumed_state": 3, "decoded_charge": 0.49902158975601196, "decoded_timer": 0.0, "displayed_charge": 0.9980431795120239, "medal": 1, "outer_ring": false, "packet_word": 130561, "second_level_discharge": false, "timer_channel": 0.0}, "spent": {"charge_channel": 0.0, "consumed_state": 1, "decoded_charge": 0.0, "decoded_timer": 0.0, "displayed_charge": 0.0, "medal": 1, "outer_ring": false, "packet_word": 1, "second_level_discharge": false, "timer_channel": 0.0}}
CHARGE_FEEDBACK base 3 Sims-like {"held": {"charge_channel": 1.0, "consumed_state": 6, "decoded_charge": 1.0000001192092896, "decoded_timer": 0.0, "displayed_charge": 2.0, "medal": 2, "outer_ring": true, "packet_word": 261634, "second_level_discharge": true, "timer_channel": 0.0}, "spent": {"charge_channel": 1.0, "consumed_state": 4, "decoded_charge": 1.0000001192092896, "decoded_timer": 0.0, "displayed_charge": 2.0, "medal": 2, "outer_ring": true, "packet_word": 261634, "second_level_discharge": true, "timer_channel": 0.0}}
CHARGE_FEEDBACK base 3 Sanders-like {"held": {"charge_channel": 1.0, "consumed_state": 6, "decoded_charge": 1.0000001192092896, "decoded_timer": 0.0, "displayed_charge": 2.0, "medal": 1, "outer_ring": true, "packet_word": 261633, "second_level_discharge": true, "timer_channel": 0.0}, "spent": {"charge_channel": 1.0, "consumed_state": 4, "decoded_charge": 1.0000001192092896, "decoded_timer": 0.0, "displayed_charge": 2.0, "medal": 1, "outer_ring": true, "packet_word": 261633, "second_level_discharge": true, "timer_channel": 0.0}}
CHARGE_FEEDBACK base 3 Bronze charged {"held": {"charge_channel": 1.0, "consumed_state": 6, "decoded_charge": 1.0000001192092896, "decoded_timer": 0.0, "displayed_charge": 2.0, "medal": 3, "outer_ring": true, "packet_word": 261635, "second_level_discharge": true, "timer_channel": 0.0}, "spent": {"charge_channel": 1.0, "consumed_state": 4, "decoded_charge": 1.0000001192092896, "decoded_timer": 0.0, "displayed_charge": 2.0, "medal": 3, "outer_ring": true, "packet_word": 261635, "second_level_discharge": true, "timer_channel": 0.0}}
CHARGE_FEEDBACK base 3 No medal charged {"held": {"charge_channel": 1.0, "consumed_state": 6, "decoded_charge": 1.0000001192092896, "decoded_timer": 0.0, "displayed_charge": 2.0, "medal": 0, "outer_ring": true, "packet_word": 261632, "second_level_discharge": true, "timer_channel": 0.0}, "spent": {"charge_channel": 1.0, "consumed_state": 4, "decoded_charge": 1.0000001192092896, "decoded_timer": 0.0, "displayed_charge": 2.0, "medal": 0, "outer_ring": true, "packet_word": 261632, "second_level_discharge": true, "timer_channel": 0.0}}
CHARGE_FEEDBACK base 3 Silver no ability {"held": {"charge_channel": 0.5, "consumed_state": 3, "decoded_charge": 0.49902158975601196, "decoded_timer": 0.0, "displayed_charge": 0.9980431795120239, "medal": 2, "outer_ring": false, "packet_word": 130562, "second_level_discharge": false, "timer_channel": 0.0}, "spent": {"charge_channel": 0.0, "consumed_state": 1, "decoded_charge": 0.0, "decoded_timer": 0.0, "displayed_charge": 0.0, "medal": 2, "outer_ring": false, "packet_word": 2, "second_level_discharge": false, "timer_channel": 0.0}}
CHARGE_FEEDBACK tu_1_1 1 Kelly-like {"held": {"charge_channel": 0.5, "consumed_state": 3, "decoded_charge": 0.5009785294532776, "decoded_timer": 0.0, "displayed_charge": 1.0019570589065552, "medal": 1, "outer_ring": true, "packet_word": 131073, "second_level_discharge": true, "timer_channel": 0.0}, "spent": {"charge_channel": 0.0, "consumed_state": 1, "decoded_charge": 0.0, "decoded_timer": 0.0, "displayed_charge": 0.0, "medal": 1, "outer_ring": false, "packet_word": 1, "second_level_discharge": true, "timer_channel": 0.0}}
CHARGE_FEEDBACK tu_1_1 1 Sims-like {"held": {"charge_channel": 1.0, "consumed_state": 6, "decoded_charge": 1.0000001192092896, "decoded_timer": 0.0, "displayed_charge": 1.0, "medal": 2, "outer_ring": false, "packet_word": 261634, "second_level_discharge": false, "timer_channel": 0.0}, "spent": {"charge_channel": 0.0, "consumed_state": 4, "decoded_charge": 0.0, "decoded_timer": 0.0, "displayed_charge": 0.0, "medal": 2, "outer_ring": false, "packet_word": 2, "second_level_discharge": false, "timer_channel": 0.0}}
CHARGE_FEEDBACK tu_1_1 1 Sanders-like {"held": {"charge_channel": 1.0, "consumed_state": 6, "decoded_charge": 1.0000001192092896, "decoded_timer": 0.0, "displayed_charge": 2.0, "medal": 1, "outer_ring": true, "packet_word": 261633, "second_level_discharge": true, "timer_channel": 0.0}, "spent": {"charge_channel": 0.0, "consumed_state": 4, "decoded_charge": 0.0, "decoded_timer": 0.0, "displayed_charge": 0.0, "medal": 1, "outer_ring": false, "packet_word": 1, "second_level_discharge": true, "timer_channel": 0.0}}
CHARGE_FEEDBACK tu_1_1 1 Bronze charged {"held": {"charge_channel": 1.0, "consumed_state": 6, "decoded_charge": 1.0000001192092896, "decoded_timer": 0.0, "displayed_charge": 1.0, "medal": 3, "outer_ring": false, "packet_word": 261635, "second_level_discharge": false, "timer_channel": 0.0}, "spent": {"charge_channel": 0.0, "consumed_state": 4, "decoded_charge": 0.0, "decoded_timer": 0.0, "displayed_charge": 0.0, "medal": 3, "outer_ring": false, "packet_word": 3, "second_level_discharge": false, "timer_channel": 0.0}}
CHARGE_FEEDBACK tu_1_1 1 No medal charged {"held": {"charge_channel": 1.0, "consumed_state": 6, "decoded_charge": 1.0000001192092896, "decoded_timer": 0.0, "displayed_charge": 1.0, "medal": 0, "outer_ring": false, "packet_word": 261632, "second_level_discharge": false, "timer_channel": 0.0}, "spent": {"charge_channel": 0.0, "consumed_state": 4, "decoded_charge": 0.0, "decoded_timer": 0.0, "displayed_charge": 0.0, "medal": 0, "outer_ring": false, "packet_word": 0, "second_level_discharge": false, "timer_channel": 0.0}}
CHARGE_FEEDBACK tu_1_1 1 Silver no ability {"held": {"charge_channel": 0.5, "consumed_state": 3, "decoded_charge": 0.5009785294532776, "decoded_timer": 0.0, "displayed_charge": 1.0, "medal": 2, "outer_ring": false, "packet_word": 131074, "second_level_discharge": false, "timer_channel": 0.0}, "spent": {"charge_channel": 0.0, "consumed_state": 1, "decoded_charge": 0.0, "decoded_timer": 0.0, "displayed_charge": 0.0, "medal": 2, "outer_ring": false, "packet_word": 2, "second_level_discharge": false, "timer_channel": 0.0}}
CHARGE_FEEDBACK tu_1_1 3 Kelly-like {"held": {"charge_channel": 0.5, "consumed_state": 3, "decoded_charge": 0.49902158975601196, "decoded_timer": 0.0, "displayed_charge": 0.9980431795120239, "medal": 1, "outer_ring": false, "packet_word": 130561, "second_level_discharge": false, "timer_channel": 0.0}, "spent": {"charge_channel": 0.0, "consumed_state": 1, "decoded_charge": 0.0, "decoded_timer": 0.0, "displayed_charge": 0.0, "medal": 1, "outer_ring": false, "packet_word": 1, "second_level_discharge": false, "timer_channel": 0.0}}
CHARGE_FEEDBACK tu_1_1 3 Sims-like {"held": {"charge_channel": 1.0, "consumed_state": 6, "decoded_charge": 1.0000001192092896, "decoded_timer": 0.0, "displayed_charge": 2.0, "medal": 2, "outer_ring": true, "packet_word": 261634, "second_level_discharge": true, "timer_channel": 0.0}, "spent": {"charge_channel": 1.0, "consumed_state": 4, "decoded_charge": 1.0000001192092896, "decoded_timer": 0.0, "displayed_charge": 2.0, "medal": 2, "outer_ring": true, "packet_word": 261634, "second_level_discharge": true, "timer_channel": 0.0}}
CHARGE_FEEDBACK tu_1_1 3 Sanders-like {"held": {"charge_channel": 1.0, "consumed_state": 6, "decoded_charge": 1.0000001192092896, "decoded_timer": 0.0, "displayed_charge": 2.0, "medal": 1, "outer_ring": true, "packet_word": 261633, "second_level_discharge": true, "timer_channel": 0.0}, "spent": {"charge_channel": 1.0, "consumed_state": 4, "decoded_charge": 1.0000001192092896, "decoded_timer": 0.0, "displayed_charge": 2.0, "medal": 1, "outer_ring": true, "packet_word": 261633, "second_level_discharge": true, "timer_channel": 0.0}}
CHARGE_FEEDBACK tu_1_1 3 Bronze charged {"held": {"charge_channel": 1.0, "consumed_state": 6, "decoded_charge": 1.0000001192092896, "decoded_timer": 0.0, "displayed_charge": 2.0, "medal": 3, "outer_ring": true, "packet_word": 261635, "second_level_discharge": true, "timer_channel": 0.0}, "spent": {"charge_channel": 1.0, "consumed_state": 4, "decoded_charge": 1.0000001192092896, "decoded_timer": 0.0, "displayed_charge": 2.0, "medal": 3, "outer_ring": true, "packet_word": 261635, "second_level_discharge": true, "timer_channel": 0.0}}
CHARGE_FEEDBACK tu_1_1 3 No medal charged {"held": {"charge_channel": 1.0, "consumed_state": 6, "decoded_charge": 1.0000001192092896, "decoded_timer": 0.0, "displayed_charge": 2.0, "medal": 0, "outer_ring": true, "packet_word": 261632, "second_level_discharge": true, "timer_channel": 0.0}, "spent": {"charge_channel": 1.0, "consumed_state": 4, "decoded_charge": 1.0000001192092896, "decoded_timer": 0.0, "displayed_charge": 2.0, "medal": 0, "outer_ring": true, "packet_word": 261632, "second_level_discharge": true, "timer_channel": 0.0}}
CHARGE_FEEDBACK tu_1_1 3 Silver no ability {"held": {"charge_channel": 0.5, "consumed_state": 3, "decoded_charge": 0.49902158975601196, "decoded_timer": 0.0, "displayed_charge": 0.9980431795120239, "medal": 2, "outer_ring": false, "packet_word": 130562, "second_level_discharge": false, "timer_channel": 0.0}, "spent": {"charge_channel": 0.0, "consumed_state": 1, "decoded_charge": 0.0, "decoded_timer": 0.0, "displayed_charge": 0.0, "medal": 2, "outer_ring": false, "packet_word": 2, "second_level_discharge": false, "timer_channel": 0.0}}
.
1 passed in 6.28s
	Command being timed: "/usr/bin/python3 -m pytest -q -s -p no:cacheprovider tests/mod_editor/test_apf_charge_abilities_native.py::ChargeNativeTests::test_beta75_feedback_mismatch_and_current_regression"
	User time (seconds): 5.68
	System time (seconds): 1.05
	Percent of CPU this job got: 100%
	Elapsed (wall clock) time (h:mm:ss or m:ss): 0:06.73
	Average shared text size (kbytes): 0
	Average unshared data size (kbytes): 0
	Average stack size (kbytes): 0
	Average total size (kbytes): 0
	Maximum resident set size (kbytes): 537564
	Average resident set size (kbytes): 0
	Major (requiring I/O) page faults: 0
	Minor (reclaiming a frame) page faults: 336444
	Voluntary context switches: 74
	Involuntary context switches: 36
	Swaps: 0
	File system inputs: 0
	File system outputs: 105704
	Socket messages sent: 0
	Socket messages received: 0
	Signals delivered: 0
	Page size (bytes): 4096
	Exit status: 0
