MOVE_PARTIAL_REPEAT base no fabricated charge or repeated level-2 discharge PASS
MOVE_PARTIAL_REPEAT tu_1_1 no fabricated charge or repeated level-2 discharge PASS
.
1 passed in 6.22s
	Command being timed: "/usr/bin/python3 -m pytest -q -s -p no:cacheprovider tests/mod_editor/test_apf_charge_abilities_native.py::ChargeNativeTests::test_finesse_does_not_promote_partial_or_repeated_consumption"
	User time (seconds): 5.83
	System time (seconds): 0.83
	Percent of CPU this job got: 100%
	Elapsed (wall clock) time (h:mm:ss or m:ss): 0:06.64
	Average shared text size (kbytes): 0
	Average unshared data size (kbytes): 0
	Average stack size (kbytes): 0
	Average total size (kbytes): 0
	Maximum resident set size (kbytes): 324896
	Average resident set size (kbytes): 0
	Major (requiring I/O) page faults: 0
	Minor (reclaiming a frame) page faults: 256825
	Voluntary context switches: 61
	Involuntary context switches: 40
	Swaps: 0
	File system inputs: 0
	File system outputs: 105672
	Socket messages sent: 0
	Socket messages received: 0
	Signals delivered: 0
	Page size (bytes): 4096
	Exit status: 0
