PASS s00dd.iff
PASS s00dr.iff
PASS s00ds.iff
PASS s00ad.iff
PASS s00ar.iff
PASS s00as.iff
PASS s00nd.iff
PASS s00nr.iff
PASS s00ns.iff
PASS s01dd.iff
PASS s01ds.iff
PASS s01ad.iff
PASS s01as.iff
PASS s02dd.iff
PASS s02dr.iff
PASS s02ds.iff
PASS s02ad.iff
PASS s02ar.iff
PASS s02as.iff
PASS s02nd.iff
PASS s02nr.iff
PASS s02ns.iff
PASS s03dd.iff
PASS s03dr.iff
PASS s03ds.iff
PASS s03ad.iff
PASS s03ar.iff
PASS s03as.iff
PASS s03nd.iff
PASS s03nr.iff
PASS s03ns.iff
PASS s04dd.iff
PASS s04dr.iff
PASS s04ds.iff
PASS s04ad.iff
PASS s04ar.iff
PASS s04as.iff
PASS s04nd.iff
PASS s04nr.iff
PASS s04ns.iff
PASS s05dd.iff
PASS s05dr.iff
PASS s05ds.iff
PASS s05ad.iff
PASS s05ar.iff
PASS s05as.iff
PASS s05nd.iff
PASS s05nr.iff
PASS s05ns.iff
PASS s06dd.iff
PASS s06dr.iff
PASS s06ds.iff
PASS s06ad.iff
PASS s06ar.iff
PASS s06as.iff
PASS s06nd.iff
PASS s06nr.iff
PASS s06ns.iff
PASS s07dd.iff
PASS s07ds.iff
PASS s07ad.iff
PASS s07as.iff
PASS s08dd.iff
PASS s08dr.iff
PASS s08ds.iff
PASS s08ad.iff
PASS s08ar.iff
PASS s08as.iff
PASS s08nd.iff
PASS s08nr.iff
PASS s08ns.iff
PASS s09dd.iff
PASS s09dr.iff
PASS s09ds.iff
PASS s09ad.iff
PASS s09as.iff
PASS s09nd.iff
PASS s09nr.iff
PASS s10dd.iff
PASS s10dr.iff
PASS s10ds.iff
PASS s10ad.iff
PASS s10ar.iff
PASS s10as.iff
PASS s10nd.iff
PASS s10nr.iff
PASS s10ns.iff
PASS s11dd.iff
PASS s11dr.iff
PASS s11ds.iff
PASS s11ad.iff
PASS s11ar.iff
PASS s11as.iff
PASS s11nd.iff
PASS s11nr.iff
PASS s11ns.iff
PASS s12dd.iff
PASS s12dr.iff
PASS s12ds.iff
PASS s12ad.iff
PASS s12ar.iff
PASS s12as.iff
PASS s12nd.iff
PASS s12nr.iff
PASS s12ns.iff
PASS s13dd.iff
PASS s13dr.iff
PASS s13ds.iff
PASS s13ad.iff
PASS s13ar.iff
PASS s13as.iff
PASS s13nd.iff
PASS s13nr.iff
PASS s13ns.iff
PASS s14dd.iff
PASS s14dr.iff
PASS s14ds.iff
PASS s14ad.iff
PASS s14ar.iff
PASS s14as.iff
PASS s14nd.iff
PASS s14nr.iff
PASS s14ns.iff
PASS s15dd.iff
PASS s15dr.iff
PASS s15ds.iff
PASS s15ad.iff
PASS s15ar.iff
PASS s15as.iff
PASS s16dd.iff
PASS s16dr.iff
PASS s16ds.iff
PASS s16ad.iff
PASS s16ar.iff
PASS s16as.iff
PASS s16nd.iff
PASS s16nr.iff
PASS s16ns.iff
PASS s17dd.iff
PASS s17ds.iff
PASS s17ad.iff
PASS s17as.iff
PASS s18dd.iff
PASS s18dr.iff
PASS s18ds.iff
PASS s18ad.iff
PASS s18ar.iff
PASS s18as.iff
PASS s18nd.iff
PASS s18nr.iff
PASS s18ns.iff
PASS s19dd.iff
PASS s19dr.iff
PASS s19ds.iff
PASS s19ad.iff
PASS s19ar.iff
PASS s19as.iff
PASS s19nd.iff
PASS s19nr.iff
PASS s19ns.iff
PASS s20dd.iff
PASS s20dr.iff
PASS s20ds.iff
PASS s20ad.iff
PASS s20ar.iff
PASS s20as.iff
PASS s20nd.iff
PASS s20nr.iff
PASS s20ns.iff
PASS s21dd.iff
PASS s21dr.iff
PASS s21ds.iff
PASS s21ad.iff
PASS s21ar.iff
PASS s21as.iff
PASS s21nd.iff
PASS s21nr.iff
PASS s21ns.iff
PASS s22dd.iff
PASS s22dr.iff
PASS s22ds.iff
PASS s22ad.iff
PASS s22ar.iff
PASS s22as.iff
PASS s22nd.iff
PASS s22nr.iff
PASS s22ns.iff
PASS s23dd.iff
PASS s23ds.iff
PASS s23ad.iff
PASS s23as.iff
PASS s24dd.iff
PASS s24dr.iff
PASS s24ds.iff
PASS s24ad.iff
PASS s24ar.iff
PASS s24as.iff
PASS s24nd.iff
PASS s24nr.iff
PASS s24ns.iff
PASS s25dd.iff
PASS s25dr.iff
PASS s25ds.iff
PASS s25ad.iff
PASS s25ar.iff
PASS s25as.iff
PASS s25nd.iff
PASS s25nr.iff
PASS s25ns.iff
PASS s26dd.iff
PASS s26dr.iff
PASS s26ds.iff
PASS s26ad.iff
PASS s26ar.iff
PASS s26as.iff
PASS s26nd.iff
PASS s26nr.iff
PASS s26ns.iff
PASS s27dd.iff
PASS s27dr.iff
PASS s27ds.iff
PASS s27ad.iff
PASS s27ar.iff
PASS s27as.iff
PASS s27nd.iff
PASS s27nr.iff
PASS s27ns.iff
PASS s28dd.iff
PASS s28dr.iff
PASS s28ds.iff
PASS s28ad.iff
PASS s28ar.iff
PASS s28as.iff
PASS s28nd.iff
PASS s28nr.iff
PASS s28ns.iff
PASS s29dd.iff
PASS s29dr.iff
PASS s29ds.iff
PASS s29ad.iff
PASS s29ar.iff
PASS s29as.iff
PASS s29nd.iff
PASS s29nr.iff
PASS s29ns.iff
PASS s30dd.iff
PASS s30dr.iff
PASS s30ds.iff
PASS s30ad.iff
PASS s30ar.iff
PASS s30as.iff
PASS s31dd.iff
PASS s31dr.iff
PASS s31ds.iff
PASS s31ad.iff
PASS s31ar.iff
PASS s31as.iff
PASS s31nd.iff
PASS s31nr.iff
PASS s31ns.iff
PASS s32dd.iff
PASS s32dr.iff
PASS s32ds.iff
PASS s32ad.iff
PASS s32ar.iff
PASS s32as.iff
PASS s32nd.iff
PASS s32nr.iff
PASS s32ns.iff
PASS s36dd.iff
PASS s36ds.iff
PASS s36ad.iff
PASS s36as.iff
PASS s36nd.iff
PASS s36ns.iff
PASS s37dd.iff
PASS s37dr.iff
PASS s37ds.iff
PASS s37ad.iff
PASS s37ar.iff
PASS s37as.iff
PASS s37nd.iff
PASS s37nr.iff
PASS s37ns.iff
PASS s39dd.iff
PASS s39dr.iff
PASS s39ds.iff
PASS s39ad.iff
PASS s39ar.iff
PASS s39as.iff
PASS s39nd.iff
PASS s39nr.iff
PASS s39ns.iff
PASS s40dd.iff
PASS s40dr.iff
PASS s40ds.iff
PASS s40ad.iff
PASS s40ar.iff
PASS s40as.iff
PASS s40nd.iff
PASS s40nr.iff
PASS s40ns.iff
PASS s41dd.iff
PASS s41dr.iff
PASS s41ds.iff
PASS s41ad.iff
PASS s41ar.iff
PASS s41as.iff
PASS s41nd.iff
PASS s41nr.iff
PASS s41ns.iff
PASS s42dd.iff
PASS s42dr.iff
PASS s42ds.iff
PASS s42ad.iff
PASS s42ar.iff
PASS s42as.iff
PASS s43dd.iff
PASS s43dr.iff
PASS s43ds.iff
PASS s43ad.iff
PASS s43ar.iff
PASS s43as.iff
PASS s43nd.iff
PASS s43nr.iff
PASS s43ns.iff
PASS s44dd.iff
PASS s44dr.iff
PASS s44ds.iff
PASS s44ad.iff
PASS s44ar.iff
PASS s44as.iff
PASS s44nd.iff
PASS s44nr.iff
PASS s44ns.iff
PASS s45dd.iff
PASS s45dr.iff
PASS s45ds.iff
PASS s45ad.iff
PASS s45ar.iff
PASS s45as.iff
PASS s45nd.iff
PASS s45nr.iff
PASS s45ns.iff
concurrent.futures.process._RemoteTraceback: 
"""
Traceback (most recent call last):
  File "/usr/lib/python3.12/concurrent/futures/process.py", line 263, in _process_worker
    r = call_item.fn(*call_item.args, **call_item.kwargs)
        ^^^^^^^^^^^^^^^^^^^^^^^^^^^^^^^^^^^^^^^^^^^^^^^^^
  File "/usr/lib/python3.12/concurrent/futures/process.py", line 212, in _process_chunk
    return [fn(*args) for args in chunk]
            ^^^^^^^^^
  File "/home/noah/2k-worktrees/astra-b71-c5/reports/b71_c5/preflight_model.py", line 34, in check
    check_model(info)
  File "/home/noah/2k-worktrees/astra-b71-c5/reports/b71_c5/prove_sidelines.py", line 93, in check_model
    p = predictions(info, rig)
        ^^^^^^^^^^^^^^^^^^^^^^
  File "/home/noah/2k-worktrees/astra-b71-c5/reports/b71_c5/prove_sidelines.py", line 81, in predictions
    field = mc.predicted_on_screen(info['rgb'][mc.COLOR_MAP_MATERIAL], rig, rounded=False)
            ^^^^^^^^^^^^^^^^^^^^^^^^^^^^^^^^^^^^^^^^^^^^^^^^^^^^^^^^^^^^^^^^^^^^^^^^^^^^^^
  File "/home/noah/2k-worktrees/astra-b71-c5/mod_editor/core/nfl2k5_modern_color.py", line 583, in predicted_on_screen
    value = colour_map_rgb[c] * gain * factor[c] * tint[c] / 255
            ~~~~~~~~~~~~~~^^^
TypeError: 'NoneType' object is not subscriptable
"""

The above exception was the direct cause of the following exception:

Traceback (most recent call last):
  File "/home/noah/2k-worktrees/astra-b71-c5/reports/b71_c5/preflight_model.py", line 58, in <module>
    main()
  File "/home/noah/2k-worktrees/astra-b71-c5/reports/b71_c5/preflight_model.py", line 52, in main
    for name in pool.map(check, jobs.values()):
  File "/usr/lib/python3.12/concurrent/futures/process.py", line 642, in _chain_from_iterable_of_lists
    for element in iterable:
  File "/usr/lib/python3.12/concurrent/futures/_base.py", line 619, in result_iterator
    yield _result_or_cancel(fs.pop())
          ^^^^^^^^^^^^^^^^^^^^^^^^^^^
  File "/usr/lib/python3.12/concurrent/futures/_base.py", line 317, in _result_or_cancel
    return fut.result(timeout)
           ^^^^^^^^^^^^^^^^^^^
  File "/usr/lib/python3.12/concurrent/futures/_base.py", line 456, in result
    return self.__get_result()
           ^^^^^^^^^^^^^^^^^^^
  File "/usr/lib/python3.12/concurrent/futures/_base.py", line 401, in __get_result
    raise self._exception
TypeError: 'NoneType' object is not subscriptable
