PASS s00dd.iff
PASS s00dr.iff
PASS s00ds.iff
PASS s00ad.iff
PASS s00ar.iff
PASS s00as.iff
PASS s00nd.iff
PASS s00nr.iff
PASS s00ns.iff
PASS s01dd.iff
PASS s01ds.iff
PASS s01ad.iff
PASS s01as.iff
PASS s02dd.iff
PASS s02dr.iff
PASS s02ds.iff
PASS s02ad.iff
PASS s02ar.iff
PASS s02as.iff
PASS s02nd.iff
PASS s02nr.iff
PASS s02ns.iff
PASS s03dd.iff
PASS s03dr.iff
PASS s03ds.iff
PASS s03ad.iff
PASS s03ar.iff
PASS s03as.iff
PASS s03nd.iff
PASS s03nr.iff
PASS s03ns.iff
PASS s04dd.iff
PASS s04dr.iff
PASS s04ds.iff
PASS s04ad.iff
PASS s04ar.iff
PASS s04as.iff
PASS s04nd.iff
PASS s04nr.iff
PASS s04ns.iff
PASS s05dd.iff
PASS s05dr.iff
PASS s05ds.iff
PASS s05ad.iff
PASS s05ar.iff
PASS s05as.iff
PASS s05nd.iff
PASS s05nr.iff
PASS s05ns.iff
PASS s06dd.iff
PASS s06dr.iff
PASS s06ds.iff
PASS s06ad.iff
PASS s06ar.iff
PASS s06as.iff
PASS s06nd.iff
PASS s06nr.iff
PASS s06ns.iff
PASS s07dd.iff
PASS s07ds.iff
PASS s07ad.iff
PASS s07as.iff
PASS s08dd.iff
PASS s08dr.iff
PASS s08ds.iff
PASS s08ad.iff
PASS s08ar.iff
PASS s08as.iff
PASS s08nd.iff
PASS s08nr.iff
PASS s08ns.iff
PASS s09dd.iff
PASS s09dr.iff
PASS s09ds.iff
PASS s09ad.iff
PASS s09as.iff
PASS s09nd.iff
PASS s09nr.iff
PASS s10dd.iff
PASS s10dr.iff
PASS s10ds.iff
PASS s10ad.iff
PASS s10ar.iff
PASS s10as.iff
PASS s10nd.iff
PASS s10nr.iff
PASS s10ns.iff
FAIL s11dd.iff {'rgb': {'color_premipped': (119.0400390625, 180.02001953125, 95.02001953125), 'grass_outside_premipped': (99.98223876953125, 123.280517578125, 63.4947509765625)}, 'tints': [{'rgb': (255, 255, 255), 'count': 192}, {'rgb': (246, 246, 246), 'count': 96}], 'materials': {'color_premipped': ('ffffffff', 'ffffffff'), 'grass_outside_premipped': ('ffffffff', 'ffffffff')}}
Traceback (most recent call last):
  File "/home/noah/2k-worktrees/astra-b71-c5/reports/b71_c5/preflight_model.py", line 40, in <module>
    try: check_model(info)
         ^^^^^^^^^^^^^^^^^
  File "/home/noah/2k-worktrees/astra-b71-c5/reports/b71_c5/prove_sidelines.py", line 97, in check_model
    assert all(.92 <= r <= 1 for r in p['tinted_value_ratios']), (rig, 'tints', p)
               ^^^^^^^^^^^^^^^^^^^^^^^^^^^^^^^^^^^^^^^^^^^^
AssertionError: ('alt_day', 'rounded saturation', (49, 74, 36), (46, 70, 34))
