ARI 1.13 -> 0.976 0.9871448411748206
ATL 1.13 -> 0.976 0.9667316975388496
BAL 1.07 -> 0.976 0.9856240873660613
BUF 1.07 -> 0.976 0.9858312468318459
CAR 1.07 -> 0.976 0.9805154310244808
CHI 1.13 -> 0.976 0.9382717871225179
CIN 1.13 -> 0.976 0.8846568806478742
DAL 1.13 -> 0.976 0.9813416405423345
DEN 1.0 -> 0.976 0.9977026216921662
DET 1.13 -> 0.976 0.9775820347774111
GB 1.07 -> 0.976 0.9650855357560831
IND 1.13 -> 0.976 0.9007062476813367
JAX 1.13 -> 0.976 0.9454938035581746
KC 1.1 -> 0.976 0.97237120292603
MIA 1.13 -> 0.976 0.9961156345708523
MIN 1.13 -> 0.976 0.975369098937765
NE 1.07 -> 0.976 0.9869157252882116
NO 1.13 -> 0.976 0.9854848923203839
NYG 1.13 -> 0.976 0.8640750421876163
NYJ 1.07 -> 0.976 0.9891788423985612
LV 1.1 -> 0.976 0.9850736747177482
PHI 1.13 -> 0.976 0.9756212068185505
PIT 1.13 -> 0.976 0.9473671115161943
LAR 1.13 -> 0.976 0.930813765990448
LAC 1.13 -> 0.976 0.9169850210558113
SF 1.07 -> 0.976 0.9606520034190745
SEA 1.07 -> 0.976 0.978372037805522
TB 1.13 -> 0.976 0.9799486905816862
TEN 1.13 -> 0.976 0.9453089886910685
WAS 1.17 -> 0.976 0.8134282054361315
CLE 1.13 -> 0.976 0.9405739276535102
HOU 1.25 -> 0.976 0.8940072818373906
PASS: isolated re-authoring is byte-identical, no active asset changed.
