{"team": "DEN", "fit": {"fill_x": 0.86, "height": 1.0, "zoom": 0.976, "shift_x": -0.0625, "shift_y": 0.0}, "metrics": {"logo": 2067.5, "wing_colour": 1227.0, "score": 2.0}, "objective": 3294.5}
{"team": "DEN", "fit": {"fill_x": 0.86, "height": 1.0, "zoom": 0.976, "shift_x": -0.03125, "shift_y": 0.0}, "metrics": {"logo": 1645.5, "wing_colour": 1287.0, "score": 2.0}, "objective": 2932.5}
{"team": "DEN", "fit": {"fill_x": 0.86, "height": 1.0, "zoom": 0.976, "shift_x": 0.0, "shift_y": 0.0}, "metrics": {"logo": 1326.0, "wing_colour": 1400.5, "score": 2.0}, "objective": 2726.5}
{"team": "DEN", "fit": {"fill_x": 0.86, "height": 1.0, "zoom": 0.976, "shift_x": 0.03125, "shift_y": 0.0}, "metrics": {"logo": 1924.0, "wing_colour": 1386.5, "score": 2.0}, "objective": 3310.5}
{"team": "DEN", "fit": {"fill_x": 0.86, "height": 1.0, "zoom": 0.976, "shift_x": 0.0625, "shift_y": 0.0}, "metrics": {"logo": 2184.0, "wing_colour": 1417.0, "score": 2.0}, "objective": 3601.0}
{"team": "DEN", "fit": {"fill_x": 0.86, "height": 1.0, "zoom": 0.94, "shift_x": -0.0625, "shift_y": 0.0}, "metrics": {"logo": 2054.5, "wing_colour": 1215.0, "score": 2.0}, "objective": 3269.5}
{"team": "DEN", "fit": {"fill_x": 0.86, "height": 1.0, "zoom": 0.94, "shift_x": -0.03125, "shift_y": 0.0}, "metrics": {"logo": 1682.0, "wing_colour": 1263.0, "score": 2.0}, "objective": 2945.0}
{"team": "DEN", "fit": {"fill_x": 0.86, "height": 1.0, "zoom": 0.94, "shift_x": 0.0, "shift_y": 0.0}, "metrics": {"logo": 1421.5, "wing_colour": 1343.5, "score": 2.0}, "objective": 2765.0}
{"team": "DEN", "fit": {"fill_x": 0.86, "height": 1.0, "zoom": 0.94, "shift_x": 0.03125, "shift_y": 0.0}, "metrics": {"logo": 1887.0, "wing_colour": 1369.0, "score": 2.0}, "objective": 3256.0}
{"team": "DEN", "fit": {"fill_x": 0.86, "height": 1.0, "zoom": 0.94, "shift_x": 0.0625, "shift_y": 0.0}, "metrics": {"logo": 2175.5, "wing_colour": 1387.0, "score": 2.0}, "objective": 3562.5}
{"team": "DEN", "fit": {"fill_x": 0.86, "height": 1.0, "zoom": 0.9, "shift_x": -0.0625, "shift_y": 0.0}, "metrics": {"logo": 2018.0, "wing_colour": 1213.5, "score": 2.0}, "objective": 3231.5}
{"team": "DEN", "fit": {"fill_x": 0.86, "height": 1.0, "zoom": 0.9, "shift_x": -0.03125, "shift_y": 0.0}, "metrics": {"logo": 1695.5, "wing_colour": 1258.0, "score": 2.0}, "objective": 2953.5}
{"team": "DEN", "fit": {"fill_x": 0.86, "height": 1.0, "zoom": 0.9, "shift_x": 0.0, "shift_y": 0.0}, "metrics": {"logo": 1534.0, "wing_colour": 1309.0, "score": 2.0}, "objective": 2843.0}
{"team": "DEN", "fit": {"fill_x": 0.86, "height": 1.0, "zoom": 0.9, "shift_x": 0.03125, "shift_y": 0.0}, "metrics": {"logo": 1857.5, "wing_colour": 1337.5, "score": 2.0}, "objective": 3195.0}
{"team": "DEN", "fit": {"fill_x": 0.86, "height": 1.0, "zoom": 0.9, "shift_x": 0.0625, "shift_y": 0.0}, "metrics": {"logo": 2166.5, "wing_colour": 1363.0, "score": 2.0}, "objective": 3529.5}
{"team": "DEN", "fit": {"fill_x": 0.86, "height": 1.0, "zoom": 0.86, "shift_x": -0.0625, "shift_y": 0.0}, "metrics": {"logo": 2027.5, "wing_colour": 1219.5, "score": 2.0}, "objective": 3247.0}
{"team": "DEN", "fit": {"fill_x": 0.86, "height": 1.0, "zoom": 0.86, "shift_x": -0.03125, "shift_y": 0.0}, "metrics": {"logo": 1785.5, "wing_colour": 1246.0, "score": 2.0}, "objective": 3031.5}
{"team": "DEN", "fit": {"fill_x": 0.86, "height": 1.0, "zoom": 0.86, "shift_x": 0.0, "shift_y": 0.0}, "metrics": {"logo": 1663.5, "wing_colour": 1286.5, "score": 2.0}, "objective": 2950.0}
{"team": "DEN", "fit": {"fill_x": 0.86, "height": 1.0, "zoom": 0.86, "shift_x": 0.03125, "shift_y": 0.0}, "metrics": {"logo": 1888.0, "wing_colour": 1322.0, "score": 2.0}, "objective": 3210.0}
{"team": "DEN", "fit": {"fill_x": 0.86, "height": 1.0, "zoom": 0.86, "shift_x": 0.0625, "shift_y": 0.0}, "metrics": {"logo": 2155.5, "wing_colour": 1348.5, "score": 2.0}, "objective": 3504.0}
SELECT DEN {'team': 'DEN', 'fit': {'fill_x': 0.86, 'height': 1.0, 'zoom': 0.976, 'shift_x': 0.0, 'shift_y': 0.0}, 'metrics': {'logo': 1326.0, 'wing_colour': 1400.5, 'score': 2.0}, 'objective': 2726.5}
{"team": "KC", "fit": {"fill_x": 0.9, "height": 1.0, "zoom": 0.976, "shift_x": -0.0625, "shift_y": 0.0}, "metrics": {"logo": 2250.5, "wing_colour": 1579.5, "score": 2.0}, "objective": 3830.0}
{"team": "KC", "fit": {"fill_x": 0.9, "height": 1.0, "zoom": 0.976, "shift_x": -0.03125, "shift_y": 0.0}, "metrics": {"logo": 1824.5, "wing_colour": 1558.0, "score": 2.0}, "objective": 3382.5}
{"team": "KC", "fit": {"fill_x": 0.9, "height": 1.0, "zoom": 0.976, "shift_x": 0.0, "shift_y": 0.0}, "metrics": {"logo": 1326.0, "wing_colour": 1400.5, "score": 2.0}, "objective": 2726.5}
{"team": "KC", "fit": {"fill_x": 0.9, "height": 1.0, "zoom": 0.976, "shift_x": 0.03125, "shift_y": 0.0}, "metrics": {"logo": 1217.5, "wing_colour": 1342.5, "score": 2.0}, "objective": 2560.0}
{"team": "KC", "fit": {"fill_x": 0.9, "height": 1.0, "zoom": 0.976, "shift_x": 0.0625, "shift_y": 0.0}, "metrics": {"logo": 1400.5, "wing_colour": 1329.0, "score": 2.0}, "objective": 2729.5}
{"team": "KC", "fit": {"fill_x": 0.9, "height": 1.0, "zoom": 0.94, "shift_x": -0.0625, "shift_y": 0.0}, "metrics": {"logo": 2155.5, "wing_colour": 1629.5, "score": 2.0}, "objective": 3785.0}
{"team": "KC", "fit": {"fill_x": 0.9, "height": 1.0, "zoom": 0.94, "shift_x": -0.03125, "shift_y": 0.0}, "metrics": {"logo": 1896.0, "wing_colour": 1550.0, "score": 2.0}, "objective": 3446.0}
{"team": "KC", "fit": {"fill_x": 0.9, "height": 1.0, "zoom": 0.94, "shift_x": 0.0, "shift_y": 0.0}, "metrics": {"logo": 1407.0, "wing_colour": 1461.0, "score": 2.0}, "objective": 2868.0}
{"team": "KC", "fit": {"fill_x": 0.9, "height": 1.0, "zoom": 0.94, "shift_x": 0.03125, "shift_y": 0.0}, "metrics": {"logo": 1573.5, "wing_colour": 1311.0, "score": 2.0}, "objective": 2884.5}
{"team": "KC", "fit": {"fill_x": 0.9, "height": 1.0, "zoom": 0.94, "shift_x": 0.0625, "shift_y": 0.0}, "metrics": {"logo": 1609.5, "wing_colour": 1348.5, "score": 2.0}, "objective": 2958.0}
{"team": "KC", "fit": {"fill_x": 0.9, "height": 1.0, "zoom": 0.9, "shift_x": -0.0625, "shift_y": 0.0}, "metrics": {"logo": 2126.0, "wing_colour": 1626.5, "score": 2.0}, "objective": 3752.5}
{"team": "KC", "fit": {"fill_x": 0.9, "height": 1.0, "zoom": 0.9, "shift_x": -0.03125, "shift_y": 0.0}, "metrics": {"logo": 1746.0, "wing_colour": 1543.0, "score": 2.0}, "objective": 3289.0}
{"team": "KC", "fit": {"fill_x": 0.9, "height": 1.0, "zoom": 0.9, "shift_x": 0.0, "shift_y": 0.0}, "metrics": {"logo": 1481.5, "wing_colour": 1542.0, "score": 2.0}, "objective": 3023.5}
{"team": "KC", "fit": {"fill_x": 0.9, "height": 1.0, "zoom": 0.9, "shift_x": 0.03125, "shift_y": 0.0}, "metrics": {"logo": 1635.0, "wing_colour": 1395.5, "score": 2.0}, "objective": 3030.5}
{"team": "KC", "fit": {"fill_x": 0.9, "height": 1.0, "zoom": 0.9, "shift_x": 0.0625, "shift_y": 0.0}, "metrics": {"logo": 1864.5, "wing_colour": 1326.5, "score": 2.0}, "objective": 3191.0}
{"team": "KC", "fit": {"fill_x": 0.9, "height": 1.0, "zoom": 0.86, "shift_x": -0.0625, "shift_y": 0.0}, "metrics": {"logo": 2174.0, "wing_colour": 1574.0, "score": 2.0}, "objective": 3748.0}
{"team": "KC", "fit": {"fill_x": 0.9, "height": 1.0, "zoom": 0.86, "shift_x": -0.03125, "shift_y": 0.0}, "metrics": {"logo": 1829.0, "wing_colour": 1526.0, "score": 2.0}, "objective": 3355.0}
{"team": "KC", "fit": {"fill_x": 0.9, "height": 1.0, "zoom": 0.86, "shift_x": 0.0, "shift_y": 0.0}, "metrics": {"logo": 1726.0, "wing_colour": 1523.5, "score": 2.0}, "objective": 3249.5}
{"team": "KC", "fit": {"fill_x": 0.9, "height": 1.0, "zoom": 0.86, "shift_x": 0.03125, "shift_y": 0.0}, "metrics": {"logo": 1842.0, "wing_colour": 1478.5, "score": 2.0}, "objective": 3320.5}
{"team": "KC", "fit": {"fill_x": 0.9, "height": 1.0, "zoom": 0.86, "shift_x": 0.0625, "shift_y": 0.0}, "metrics": {"logo": 2086.5, "wing_colour": 1390.0, "score": 2.0}, "objective": 3476.5}
SELECT KC {'team': 'KC', 'fit': {'fill_x': 0.9, 'height': 1.0, 'zoom': 0.976, 'shift_x': 0.03125, 'shift_y': 0.0}, 'metrics': {'logo': 1217.5, 'wing_colour': 1342.5, 'score': 2.0}, 'objective': 2560.0}
{"team": "LV", "fit": {"fill_x": 1.0, "height": 1.0, "zoom": 0.976, "shift_x": -0.0625, "shift_y": 0.0}, "metrics": {"logo": 2886.5, "wing_colour": 1754.5, "score": 31.5}, "objective": 4641.0}
{"team": "LV", "fit": {"fill_x": 1.0, "height": 1.0, "zoom": 0.976, "shift_x": -0.03125, "shift_y": 0.0}, "metrics": {"logo": 2709.0, "wing_colour": 1735.5, "score": 31.5}, "objective": 4444.5}
{"team": "LV", "fit": {"fill_x": 1.0, "height": 1.0, "zoom": 0.976, "shift_x": 0.0, "shift_y": 0.0}, "metrics": {"logo": 2646.0, "wing_colour": 1662.5, "score": 31.5}, "objective": 4308.5}
{"team": "LV", "fit": {"fill_x": 1.0, "height": 1.0, "zoom": 0.976, "shift_x": 0.03125, "shift_y": 0.0}, "metrics": {"logo": 2789.0, "wing_colour": 1913.0, "score": 31.5}, "objective": 4702.0}
{"team": "LV", "fit": {"fill_x": 1.0, "height": 1.0, "zoom": 0.976, "shift_x": 0.0625, "shift_y": 0.0}, "metrics": {"logo": 2877.0, "wing_colour": 2189.0, "score": 31.5}, "objective": 5066.0}
{"team": "LV", "fit": {"fill_x": 1.0, "height": 1.0, "zoom": 0.94, "shift_x": -0.0625, "shift_y": 0.0}, "metrics": {"logo": 2849.0, "wing_colour": 1801.0, "score": 31.5}, "objective": 4650.0}
{"team": "LV", "fit": {"fill_x": 1.0, "height": 1.0, "zoom": 0.94, "shift_x": -0.03125, "shift_y": 0.0}, "metrics": {"logo": 2746.5, "wing_colour": 1739.5, "score": 31.5}, "objective": 4486.0}
{"team": "LV", "fit": {"fill_x": 1.0, "height": 1.0, "zoom": 0.94, "shift_x": 0.0, "shift_y": 0.0}, "metrics": {"logo": 2654.5, "wing_colour": 1765.5, "score": 31.5}, "objective": 4420.0}
{"team": "LV", "fit": {"fill_x": 1.0, "height": 1.0, "zoom": 0.94, "shift_x": 0.03125, "shift_y": 0.0}, "metrics": {"logo": 2698.5, "wing_colour": 1860.0, "score": 31.5}, "objective": 4558.5}
{"team": "LV", "fit": {"fill_x": 1.0, "height": 1.0, "zoom": 0.94, "shift_x": 0.0625, "shift_y": 0.0}, "metrics": {"logo": 2866.5, "wing_colour": 2170.0, "score": 31.5}, "objective": 5036.5}
{"team": "LV", "fit": {"fill_x": 1.0, "height": 1.0, "zoom": 0.9, "shift_x": -0.0625, "shift_y": 0.0}, "metrics": {"logo": 2811.0, "wing_colour": 1788.5, "score": 31.5}, "objective": 4599.5}
{"team": "LV", "fit": {"fill_x": 1.0, "height": 1.0, "zoom": 0.9, "shift_x": -0.03125, "shift_y": 0.0}, "metrics": {"logo": 2744.0, "wing_colour": 1729.5, "score": 31.5}, "objective": 4473.5}
{"team": "LV", "fit": {"fill_x": 1.0, "height": 1.0, "zoom": 0.9, "shift_x": 0.0, "shift_y": 0.0}, "metrics": {"logo": 2679.5, "wing_colour": 1858.0, "score": 31.5}, "objective": 4537.5}
{"team": "LV", "fit": {"fill_x": 1.0, "height": 1.0, "zoom": 0.9, "shift_x": 0.03125, "shift_y": 0.0}, "metrics": {"logo": 2786.0, "wing_colour": 1981.5, "score": 31.5}, "objective": 4767.5}
{"team": "LV", "fit": {"fill_x": 1.0, "height": 1.0, "zoom": 0.9, "shift_x": 0.0625, "shift_y": 0.0}, "metrics": {"logo": 2791.5, "wing_colour": 2235.0, "score": 31.5}, "objective": 5026.5}
{"team": "LV", "fit": {"fill_x": 1.0, "height": 1.0, "zoom": 0.86, "shift_x": -0.0625, "shift_y": 0.0}, "metrics": {"logo": 2699.0, "wing_colour": 1839.5, "score": 31.5}, "objective": 4538.5}
{"team": "LV", "fit": {"fill_x": 1.0, "height": 1.0, "zoom": 0.86, "shift_x": -0.03125, "shift_y": 0.0}, "metrics": {"logo": 2702.5, "wing_colour": 1817.0, "score": 31.5}, "objective": 4519.5}
{"team": "LV", "fit": {"fill_x": 1.0, "height": 1.0, "zoom": 0.86, "shift_x": 0.0, "shift_y": 0.0}, "metrics": {"logo": 2629.0, "wing_colour": 2000.5, "score": 31.5}, "objective": 4629.5}
{"team": "LV", "fit": {"fill_x": 1.0, "height": 1.0, "zoom": 0.86, "shift_x": 0.03125, "shift_y": 0.0}, "metrics": {"logo": 2776.5, "wing_colour": 2088.5, "score": 31.5}, "objective": 4865.0}
{"team": "LV", "fit": {"fill_x": 1.0, "height": 1.0, "zoom": 0.86, "shift_x": 0.0625, "shift_y": 0.0}, "metrics": {"logo": 2732.0, "wing_colour": 2292.5, "score": 31.5}, "objective": 5024.5}
SELECT LV {'team': 'LV', 'fit': {'fill_x': 1.0, 'height': 1.0, 'zoom': 0.976, 'shift_x': 0.0, 'shift_y': 0.0}, 'metrics': {'logo': 2646.0, 'wing_colour': 1662.5, 'score': 31.5}, 'objective': 4308.5}
{"team": "HOU", "fit": {"fill_x": 1.04, "height": 1.0, "zoom": 0.976, "shift_x": -0.0625, "shift_y": 0.0}, "metrics": {"logo": 3163.5, "wing_colour": 1666.0, "score": 31.5}, "objective": 4829.5}
{"team": "HOU", "fit": {"fill_x": 1.04, "height": 1.0, "zoom": 0.976, "shift_x": -0.03125, "shift_y": 0.0}, "metrics": {"logo": 3012.0, "wing_colour": 1696.0, "score": 31.5}, "objective": 4708.0}
{"team": "HOU", "fit": {"fill_x": 1.04, "height": 1.0, "zoom": 0.976, "shift_x": 0.0, "shift_y": 0.0}, "metrics": {"logo": 2646.0, "wing_colour": 1662.5, "score": 31.5}, "objective": 4308.5}
{"team": "HOU", "fit": {"fill_x": 1.04, "height": 1.0, "zoom": 0.976, "shift_x": 0.03125, "shift_y": 0.0}, "metrics": {"logo": 2793.0, "wing_colour": 1687.0, "score": 31.5}, "objective": 4480.0}
{"team": "HOU", "fit": {"fill_x": 1.04, "height": 1.0, "zoom": 0.976, "shift_x": 0.0625, "shift_y": 0.0}, "metrics": {"logo": 3108.5, "wing_colour": 1813.5, "score": 31.5}, "objective": 4922.0}
{"team": "HOU", "fit": {"fill_x": 1.04, "height": 1.0, "zoom": 0.94, "shift_x": -0.0625, "shift_y": 0.0}, "metrics": {"logo": 3132.0, "wing_colour": 1672.5, "score": 31.5}, "objective": 4804.5}
{"team": "HOU", "fit": {"fill_x": 1.04, "height": 1.0, "zoom": 0.94, "shift_x": -0.03125, "shift_y": 0.0}, "metrics": {"logo": 3038.5, "wing_colour": 1716.5, "score": 31.5}, "objective": 4755.0}
{"team": "HOU", "fit": {"fill_x": 1.04, "height": 1.0, "zoom": 0.94, "shift_x": 0.0, "shift_y": 0.0}, "metrics": {"logo": 2716.5, "wing_colour": 1671.0, "score": 31.5}, "objective": 4387.5}
{"team": "HOU", "fit": {"fill_x": 1.04, "height": 1.0, "zoom": 0.94, "shift_x": 0.03125, "shift_y": 0.0}, "metrics": {"logo": 2816.0, "wing_colour": 1654.0, "score": 31.5}, "objective": 4470.0}
{"team": "HOU", "fit": {"fill_x": 1.04, "height": 1.0, "zoom": 0.94, "shift_x": 0.0625, "shift_y": 0.0}, "metrics": {"logo": 2983.0, "wing_colour": 1821.5, "score": 31.5}, "objective": 4804.5}
{"team": "HOU", "fit": {"fill_x": 1.04, "height": 1.0, "zoom": 0.9, "shift_x": -0.0625, "shift_y": 0.0}, "metrics": {"logo": 3061.0, "wing_colour": 1699.0, "score": 31.5}, "objective": 4760.0}
{"team": "HOU", "fit": {"fill_x": 1.04, "height": 1.0, "zoom": 0.9, "shift_x": -0.03125, "shift_y": 0.0}, "metrics": {"logo": 2919.5, "wing_colour": 1741.0, "score": 31.5}, "objective": 4660.5}
{"team": "HOU", "fit": {"fill_x": 1.04, "height": 1.0, "zoom": 0.9, "shift_x": 0.0, "shift_y": 0.0}, "metrics": {"logo": 2805.0, "wing_colour": 1664.5, "score": 31.5}, "objective": 4469.5}
{"team": "HOU", "fit": {"fill_x": 1.04, "height": 1.0, "zoom": 0.9, "shift_x": 0.03125, "shift_y": 0.0}, "metrics": {"logo": 2869.5, "wing_colour": 1680.0, "score": 31.5}, "objective": 4549.5}
{"team": "HOU", "fit": {"fill_x": 1.04, "height": 1.0, "zoom": 0.9, "shift_x": 0.0625, "shift_y": 0.0}, "metrics": {"logo": 2909.0, "wing_colour": 1900.5, "score": 31.5}, "objective": 4809.5}
{"team": "HOU", "fit": {"fill_x": 1.04, "height": 1.0, "zoom": 0.86, "shift_x": -0.0625, "shift_y": 0.0}, "metrics": {"logo": 2970.5, "wing_colour": 1781.0, "score": 31.5}, "objective": 4751.5}
{"team": "HOU", "fit": {"fill_x": 1.04, "height": 1.0, "zoom": 0.86, "shift_x": -0.03125, "shift_y": 0.0}, "metrics": {"logo": 2770.0, "wing_colour": 1754.5, "score": 31.5}, "objective": 4524.5}
{"team": "HOU", "fit": {"fill_x": 1.04, "height": 1.0, "zoom": 0.86, "shift_x": 0.0, "shift_y": 0.0}, "metrics": {"logo": 2822.5, "wing_colour": 1645.0, "score": 31.5}, "objective": 4467.5}
{"team": "HOU", "fit": {"fill_x": 1.04, "height": 1.0, "zoom": 0.86, "shift_x": 0.03125, "shift_y": 0.0}, "metrics": {"logo": 2822.0, "wing_colour": 1749.5, "score": 31.5}, "objective": 4571.5}
{"team": "HOU", "fit": {"fill_x": 1.04, "height": 1.0, "zoom": 0.86, "shift_x": 0.0625, "shift_y": 0.0}, "metrics": {"logo": 2886.5, "wing_colour": 1981.5, "score": 31.5}, "objective": 4868.0}
SELECT HOU {'team': 'HOU', 'fit': {'fill_x': 1.04, 'height': 1.0, 'zoom': 0.976, 'shift_x': 0.0, 'shift_y': 0.0}, 'metrics': {'logo': 2646.0, 'wing_colour': 1662.5, 'score': 31.5}, 'objective': 4308.5}
