kickoff 43 requests [1, 1, 1, 0, 0, 0] glyphs 0 visible label pixels 0
ball_on 43 requests [1, 1, 0, 0, 1, 0] glyphs 0 visible label pixels 0
latched_pre_snap 43 requests [1, 1, 0, 0, 1, 0] glyphs 0 visible label pixels 0
after_kickoff_down_1 43 requests [1, 1, 0, 0, 0, 0] glyphs 5 visible label pixels 613
after_kickoff_down_2 43 requests [1, 1, 0, 0, 0, 0] glyphs 5 visible label pixels 613
after_kickoff_down_3 43 requests [1, 1, 0, 0, 0, 0] glyphs 5 visible label pixels 625
after_kickoff_down_4 43 requests [1, 1, 0, 0, 0, 0] glyphs 5 visible label pixels 622
flag 43 requests [1, 1, 0, 1, 0, 0] glyphs 0 visible label pixels 0
after_flag_down_1 43 requests [1, 1, 0, 0, 0, 0] glyphs 5 visible label pixels 613
after_flag_down_2 43 requests [1, 1, 0, 0, 0, 0] glyphs 5 visible label pixels 613
after_flag_down_3 43 requests [1, 1, 0, 0, 0, 0] glyphs 5 visible label pixels 625
after_flag_down_4 43 requests [1, 1, 0, 0, 0, 0] glyphs 5 visible label pixels 622
fumble 43 requests [1, 1, 0, 0, 0, 1] glyphs 0 visible label pixels 0
after_fumble 43 requests [1, 1, 0, 0, 0, 0] glyphs 5 visible label pixels 625
kickoff 169 requests [1, 1, 1, 0, 0, 0] glyphs 0 visible label pixels 0
ball_on 169 requests [1, 1, 0, 0, 1, 0] glyphs 0 visible label pixels 0
latched_pre_snap 169 requests [1, 1, 0, 0, 1, 0] glyphs 0 visible label pixels 0
after_kickoff_down_1 169 requests [1, 1, 0, 0, 0, 0] glyphs 5 visible label pixels 441
after_kickoff_down_2 169 requests [1, 1, 0, 0, 0, 0] glyphs 5 visible label pixels 439
after_kickoff_down_3 169 requests [1, 1, 0, 0, 0, 0] glyphs 5 visible label pixels 445
after_kickoff_down_4 169 requests [1, 1, 0, 0, 0, 0] glyphs 5 visible label pixels 449
flag 169 requests [1, 1, 0, 1, 0, 0] glyphs 0 visible label pixels 0
after_flag_down_1 169 requests [1, 1, 0, 0, 0, 0] glyphs 5 visible label pixels 441
after_flag_down_2 169 requests [1, 1, 0, 0, 0, 0] glyphs 5 visible label pixels 439
after_flag_down_3 169 requests [1, 1, 0, 0, 0, 0] glyphs 5 visible label pixels 445
after_flag_down_4 169 requests [1, 1, 0, 0, 0, 0] glyphs 5 visible label pixels 449
fumble 169 requests [1, 1, 0, 0, 0, 1] glyphs 0 visible label pixels 0
after_fumble 169 requests [1, 1, 0, 0, 0, 0] glyphs 5 visible label pixels 445
PROVED native sequence and occlusion; played symptom cause remains UNWITNESSED
