compiled 4.8 s
ARI (121, 28, 50) (119, 28, 50) 10.37 10 s
ATL (134, 20, 38) (132, 20, 38) 9.81 13 s
BAL (38, 25, 122) (38, 24, 121) 13.98 15 s
BUF (0, 53, 147) (0, 52, 145) 10.88 18 s
CAR (0, 106, 162) (0, 105, 159) 5.86 21 s
CHI (160, 45, 2) (158, 44, 2) 7.31 24 s
CIN (201, 63, 16) (198, 62, 16) 5.0 27 s
CLE (204, 48, 0) (201, 47, 0) 5.26 30 s
DAL (0, 53, 147) (0, 52, 145) 10.88 32 s
DEN (201, 63, 16) (198, 62, 16) 5.0 35 s
DET (0, 95, 147) (0, 94, 145) 6.87 38 s
GB (54, 92, 82) (54, 91, 81) 7.47 41 s
HOU (160, 13, 37) (158, 13, 36) 8.14 43 s
IND (0, 68, 147) (0, 67, 145) 9.34 46 s
JAX (0, 126, 147) (0, 125, 145) 4.77 49 s
KC (172, 11, 58) (179, 19, 43) 7.33 52 s
LAC (0, 102, 158) (0, 101, 156) 6.19 54 s
LAR (0, 53, 147) (0, 52, 145) 10.88 57 s
LV (106, 115, 119) (106, 114, 118) 4.85 60 s
MIA (0, 126, 135) (0, 125, 133) 4.85 63 s
MIN (69, 33, 113) (68, 32, 112) 12.29 66 s
NE (158, 10, 38) (156, 9, 38) 8.32 68 s
NO (138, 109, 50) (138, 109, 47) 4.87 71 s
NYG (14, 45, 133) (14, 44, 131) 12.12 74 s
NYJ (26, 121, 89) (24, 120, 88) 5.35 77 s
PHI (0, 125, 139) (0, 123, 137) 4.88 79 s
PIT (153, 103, 0) (151, 102, 0) 4.89 82 s
SEA (72, 129, 26) (71, 127, 26) 4.74 85 s
SF (147, 0, 0) (145, 0, 0) 9.37 88 s
TB (170, 8, 8) (168, 8, 8) 7.64 91 s
TEN (60, 117, 173) (59, 115, 173) 4.84 94 s
WAS (120, 26, 26) (118, 26, 26) 10.71 96 s
done 105 s min contrast 4.74
