PROVED MASTER native relocation/validation: result=1; instructions=7189487
test_draw_producer_and_presnap_boundary (__main__.FourthDownNativeTests.test_draw_producer_and_presnap_boundary) ... APF5_DRAW_CHAIN {"profile": "base", "producer": {"instructions": 57091, "flag": 2097152, "latch": 1, "selected_kick": [[2097460, 2126252, 2179616]], "replacement": [2097236, 0, 0], "boundary_addresses": [2222999544, 2223179608, 2221143040]}, "presnap": [{"outcome": "hold", "instructions": 304, "playclock": 2.01, "draw_flag": true, "boundaries": [[2223179608, 0], [2223033304, 0], [2224274336, 1], [2224217864, 0], [2221143128, 0], [2223195808, 0], [2223199080, 0]], "timeout_dispatch": 2223563968}, {"outcome": "hold", "instructions": 304, "playclock": 2.0, "draw_flag": true, "boundaries": [[2223179608, 0], [2223033304, 0], [2224274336, 1], [2224217864, 0], [2221143128, 0], [2223195808, 0], [2223199080, 0]], "timeout_dispatch": 2223563968}, {"outcome": "timeout_dispatch", "instructions": 313, "playclock": 1.99, "draw_flag": true, "boundaries": [[2223179608, 0], [2223033304, 0], [2224274336, 1], [2224217864, 0], [2221143128, 0], [2223195808, 0], [2223199080, 0]], "timeout_dispatch": 2223563968}]}
APF5_DRAW_CHAIN {"profile": "tu_1_1", "producer": {"instructions": 57091, "flag": 2097152, "latch": 1, "selected_kick": [[2097460, 2126252, 2179616]], "replacement": [2097236, 0, 0], "boundary_addresses": [2223002776, 2223182840, 2221143040]}, "presnap": [{"outcome": "hold", "instructions": 304, "playclock": 2.01, "draw_flag": true, "boundaries": [[2223182840, 0], [2223036536, 0], [2224278120, 1], [2224221648, 0], [2221143128, 0], [2223199040, 0], [2223202312, 0]], "timeout_dispatch": 2223567624}, {"outcome": "hold", "instructions": 304, "playclock": 2.0, "draw_flag": true, "boundaries": [[2223182840, 0], [2223036536, 0], [2224278120, 1], [2224221648, 0], [2221143128, 0], [2223199040, 0], [2223202312, 0]], "timeout_dispatch": 2223567624}, {"outcome": "timeout_dispatch", "instructions": 313, "playclock": 1.99, "draw_flag": true, "boundaries": [[2223182840, 0], [2223036536, 0], [2224278120, 1], [2224221648, 0], [2221143128, 0], [2223199040, 0], [2223202312, 0]], "timeout_dispatch": 2223567624}]}
ok
test_edited_draw_distance_and_timeout_thresholds (__main__.FourthDownNativeTests.test_edited_draw_distance_and_timeout_thresholds) ... APF5_EDITED_DRAW base [0, 2097152] 4.0 hold; 3.99 timeout; flag-clear no timeout
APF5_EDITED_DRAW tu_1_1 [0, 2097152] 4.0 hold; 3.99 timeout; flag-clear no timeout
ok
test_neutral_preview_matches_native (__main__.FourthDownNativeTests.test_neutral_preview_matches_native) ... FAIL
test_pinned_reservations_and_exact_instructions (__main__.FourthDownNativeTests.test_pinned_reservations_and_exact_instructions) ... APF5_RESERVATION {"classification": "EXPERIMENTAL", "data": 2219687296, "enabled": false, "image_sha256": "cde5b9224c6f999060df7372eea1bfd6463d63b4e59a87b2801826f76d52b1cf", "profile": "base", "schema": "apf2k8_fourth_down/v1", "scope": "Global; all CPU books. Gameplay UNWITNESSED.", "thresholds": {"draw_max_goal": 55.0, "draw_max_yards": 2.0, "fallback_threshold": 0.95, "fg_margin": 5.0, "own_half_limit": 50.0, "punt_slope": 0.05, "short_yards": 1.0, "timeout_seconds": 2.0}, "trampoline": 2228277248}
APF5_RESERVATION {"classification": "EXPERIMENTAL", "data": 2219687296, "enabled": false, "image_sha256": "65f522ce1cdda42cf19c112e9ec07302e89c81e4148c9f22e6db5e03952f9457", "profile": "tu_1_1", "schema": "apf2k8_fourth_down/v1", "scope": "Global; all CPU books. Gameplay UNWITNESSED.", "thresholds": {"draw_max_goal": 55.0, "draw_max_yards": 2.0, "fallback_threshold": 0.95, "fg_margin": 5.0, "own_half_limit": 50.0, "punt_slope": 0.05, "short_yards": 1.0, "timeout_seconds": 2.0}, "trampoline": 2228277248}
ok
test_punt_to_complete_scrimmage_call (__main__.FourthDownNativeTests.test_punt_to_complete_scrimmage_call) ... FAIL
test_retail_values_preserve_late_game_and_urgency_decisions (__main__.FourthDownNativeTests.test_retail_values_preserve_late_game_and_urgency_decisions) ... APF5_RETAIL_EQUIVALENCE 360
ok

======================================================================
FAIL: test_neutral_preview_matches_native (__main__.FourthDownNativeTests.test_neutral_preview_matches_native)
----------------------------------------------------------------------
Traceback (most recent call last):
  File "/home/noah/2k-worktrees/astra-b71-apf5/tests/mod_editor/test_apf_fourth_down_native.py", line 56, in test_neutral_preview_matches_native
    self.assertEqual(got, f.preview(thresholds, yards=yards, goal_yards=goal, random_value=cache),
AssertionError: 'Go / scrimmage' != 'Field goal'
- Go / scrimmage
+ Field goal
 : (False, {'short_yards': 1.0, 'own_half_limit': 50.0, 'punt_slope': 0.05, 'fallback_threshold': 0.95, 'fg_margin': 5.0, 'draw_max_yards': 2.0, 'draw_max_goal': 55.0, 'timeout_seconds': 2.0}, 20, 0.5, 0, 19)

======================================================================
FAIL: test_punt_to_complete_scrimmage_call (__main__.FourthDownNativeTests.test_punt_to_complete_scrimmage_call)
----------------------------------------------------------------------
Traceback (most recent call last):
  File "/home/noah/2k-worktrees/astra-b71-apf5/tests/mod_editor/test_apf_fourth_down_native.py", line 87, in test_punt_to_complete_scrimmage_call
    self.assertTrue(all(pointers))
AssertionError: False is not true

----------------------------------------------------------------------
Ran 6 tests in 96.064s

FAILED (failures=2)
