retail ATL plays 254 faults 0
compiled softdrink_atl_modern.2k5book plays 254 faults 0
compiled softdrink_atl_defense.2k5book plays 254 faults 0
final ATL plays 254 faults 0
retail ARZ plays 270 faults 0
compiled softdrink_arz_modern.2k5book plays 270 faults 0
compiled softdrink_arz_defense.2k5book plays 270 faults 0
final ARZ plays 270 faults 0
retail BAL plays 263 faults 0
compiled softdrink_bal_modern.2k5book plays 263 faults 0
compiled softdrink_bal_defense.2k5book plays 263 faults 0
final BAL plays 263 faults 0
retail BUF plays 270 faults 0
compiled softdrink_buf_modern.2k5book plays 270 faults 0
compiled softdrink_buf_defense.2k5book plays 270 faults 0
final BUF plays 270 faults 0
retail CAR plays 269 faults 0
compiled softdrink_car_modern.2k5book plays 269 faults 0
compiled softdrink_car_defense.2k5book plays 269 faults 0
final CAR plays 269 faults 0
retail CHI plays 266 faults 0
compiled softdrink_chi_modern.2k5book plays 266 faults 0
compiled softdrink_chi_defense.2k5book plays 266 faults 0
final CHI plays 266 faults 0
retail CLE plays 269 faults 0
compiled softdrink_cle_modern.2k5book plays 269 faults 0
compiled softdrink_cle_defense.2k5book plays 269 faults 0
final CLE plays 269 faults 0
retail CIN plays 270 faults 0
compiled softdrink_cin_modern.2k5book plays 270 faults 0
compiled softdrink_cin_defense.2k5book plays 270 faults 0
final CIN plays 270 faults 0
retail Editor plays 51 faults 0
final Editor plays 51 faults 0
retail DEN plays 263 faults 0
compiled softdrink_den_modern.2k5book plays 263 faults 0
compiled softdrink_den_defense.2k5book plays 263 faults 0
final DEN plays 263 faults 0
retail DAL plays 269 faults 0
compiled softdrink_dal_modern.2k5book plays 269 faults 0
compiled softdrink_dal_defense.2k5book plays 269 faults 0
final DAL plays 269 faults 0
retail DET plays 255 faults 0
compiled softdrink_det_modern.2k5book plays 255 faults 0
compiled softdrink_det_defense.2k5book plays 255 faults 0
final DET plays 255 faults 0
retail GB plays 264 faults 0
compiled softdrink_gb_modern.2k5book plays 264 faults 0
compiled softdrink_gb_defense.2k5book plays 264 faults 0
final GB plays 264 faults 0
retail GEN plays 218 faults 0
final GEN plays 218 faults 0
retail HOU plays 270 faults 0
compiled softdrink_hou_modern.2k5book plays 270 faults 0
compiled softdrink_hou_defense.2k5book plays 270 faults 0
final HOU plays 270 faults 0
retail IND plays 265 faults 0
compiled softdrink_ind_modern.2k5book plays 265 faults 0
compiled softdrink_ind_defense.2k5book plays 265 faults 0
final IND plays 265 faults 0
retail JAX plays 270 faults 0
compiled softdrink_jax_modern.2k5book plays 270 faults 0
compiled softdrink_jax_defense.2k5book plays 270 faults 0
final JAX plays 270 faults 0
retail KC plays 261 faults 0
compiled softdrink_kc_modern.2k5book plays 261 faults 0
compiled softdrink_kc_defense.2k5book plays 261 faults 0
final KC plays 261 faults 0
retail MIA plays 259 faults 0
compiled softdrink_mia_modern.2k5book plays 259 faults 0
compiled softdrink_mia_defense.2k5book plays 259 faults 0
final MIA plays 259 faults 0
retail MIN plays 266 faults 0
compiled softdrink_min_modern.2k5book plays 266 faults 0
compiled softdrink_min_defense.2k5book plays 266 faults 0
final MIN plays 266 faults 0
retail NE plays 250 faults 0
compiled softdrink_ne_modern.2k5book plays 250 faults 0
compiled softdrink_ne_defense.2k5book plays 250 faults 0
final NE plays 250 faults 0
retail NO plays 264 faults 0
compiled softdrink_no_modern.2k5book plays 264 faults 0
compiled softdrink_no_defense.2k5book plays 264 faults 0
final NO plays 264 faults 0
retail NYG plays 269 faults 0
compiled softdrink_giants_modern.2k5book plays 269 faults 0
compiled softdrink_nyg_defense.2k5book plays 269 faults 0
final NYG plays 269 faults 0
retail NYJ plays 270 faults 0
compiled softdrink_nyj_modern.2k5book plays 270 faults 0
compiled softdrink_nyj_defense.2k5book plays 270 faults 0
final NYJ plays 270 faults 0
retail OAK plays 270 faults 0
compiled softdrink_oak_modern.2k5book plays 270 faults 0
compiled softdrink_oak_defense.2k5book plays 270 faults 0
final OAK plays 270 faults 0
retail PRACTICE plays 27 faults 0
final PRACTICE plays 27 faults 0
retail PHI plays 267 faults 0
compiled softdrink_phi_modern.2k5book plays 267 faults 0
compiled softdrink_phi_defense.2k5book plays 267 faults 0
final PHI plays 267 faults 0
retail reference plays 263 faults 0
final reference plays 263 faults 0
retail PIT plays 263 faults 0
compiled softdrink_pit_modern.2k5book plays 263 faults 0
compiled softdrink_pit_defense.2k5book plays 263 faults 0
final PIT plays 263 faults 0
retail SD plays 270 faults 0
compiled softdrink_sd_modern.2k5book plays 270 faults 0
compiled softdrink_sd_defense.2k5book plays 270 faults 0
final SD plays 270 faults 0
retail SEA plays 269 faults 0
compiled softdrink_sea_modern.2k5book plays 269 faults 0
compiled softdrink_sea_defense.2k5book plays 269 faults 0
final SEA plays 269 faults 0
retail SF plays 249 faults 0
compiled softdrink_sf_modern.2k5book plays 249 faults 0
compiled softdrink_sf_defense.2k5book plays 249 faults 0
final SF plays 249 faults 0
retail STL plays 269 faults 0
compiled softdrink_stl_modern.2k5book plays 269 faults 0
compiled softdrink_stl_defense.2k5book plays 269 faults 0
final STL plays 269 faults 0
retail TB plays 253 faults 0
compiled softdrink_tb_modern.2k5book plays 253 faults 0
compiled softdrink_tb_defense.2k5book plays 253 faults 0
final TB plays 253 faults 0
retail WCO plays 232 faults 0
final WCO plays 232 faults 0
retail TEN plays 264 faults 0
compiled softdrink_ten_modern.2k5book plays 264 faults 0
compiled softdrink_ten_defense.2k5book plays 264 faults 0
final TEN plays 264 faults 0
retail WAS plays 260 faults 0
compiled softdrink_was_modern.2k5book plays 260 faults 0
compiled softdrink_was_defense.2k5book plays 260 faults 0
final WAS plays 260 faults 0
{"books": {"retail": 37, "compiled": 64, "final": 37}, "plays": 35422, "faults": 0, "calls": {"0x161e30": 138, "0x1a9840": 35422, "0x1a9a80": 35422, "0x281580": 283376, "0xe1440": 1505722, "0xe1a80": 48038, "0x208820": 384304, "0x2b6f70": 31648, "0x2815f0": 245112, "0x281620": 985680}}
