{
  "changed_paths": [
    "ASTRA_LAST_MESSAGE.md",
    "ASTRA_REPORT.md",
    "WIRING.md",
    "data/apf2k8/patch_reservations.json",
    "docs/mod_editor/apf2k8_mod_studio_changelog.md",
    "docs/research/apf_b71_apf4.md",
    "mod_editor/apf_studio/facade.py",
    "mod_editor/apf_studio/launcher.py",
    "mod_editor/apf_studio/playcalling_build.py",
    "mod_editor/apf_studio/playcalling_editor_qt.py",
    "mod_editor/apf_studio/playcalling_service.py",
    "mod_editor/apf_studio/situation_mask_qt.py",
    "mod_editor/apf_studio/situation_masks.py",
    "mod_editor/capabilities/registry.v1.json",
    "mod_editor/core/apf2k8_playcall_model.py",
    "mod_editor/core/apf2k8_situation_mask.py",
    "packaging/apf2k8-release-allowlist.txt",
    "packaging/check_apf2k8_mod_studio_runtime.py",
    "tests/mod_editor/test_apf_b71_situation_mask.py",
    "tests/mod_editor/test_apf_b71_situation_mask_abi.py",
    "tests/mod_editor/test_apf_b71_situation_mask_native.py",
    "tests/mod_editor/test_apf_b71_situation_mask_qt.py",
    "tests/mod_editor/test_apf_playcalling_editor_build.py"
  ],
  "protected_paths_changed": [
    "mod_editor/capabilities/registry.v1.json",
    "packaging/check_apf2k8_mod_studio_runtime.py"
  ],
  "public_attribution_check": "pass",
  "h7a_helper_mode": "0755",
  "scratch_bytes": 46811734,
  "base": "dc87cd0f",
  "head": "13eab96406619b596bd7e8a6cf524c5b982b5bfb",
  "gameplay": "UNWITNESSED"
}
