{"name": "test_apf_scorebug_workspace_qt", "command": ["/usr/bin/python3", "/home/noah/2k-worktrees/astra-b71-s3/tests/mod_editor/test_apf_scorebug_workspace_qt.py"], "start": "2026-09-15T20:48:34.064803+00:00", "end": "2026-09-15T20:48:35.584695+00:00", "seconds": 1.52, "exit": 0}
{"name": "test_nfl2k5_scorebug_assets", "command": ["/usr/bin/python3", "/home/noah/2k-worktrees/astra-b71-s3/tests/mod_editor/test_nfl2k5_scorebug_assets.py"], "start": "2026-09-15T20:48:35.614943+00:00", "end": "2026-09-15T20:51:06.018044+00:00", "seconds": 150.403, "exit": 1}
{"name": "test_nfl2k5_scorebug_author", "command": ["/usr/bin/python3", "/home/noah/2k-worktrees/astra-b71-s3/tests/mod_editor/test_nfl2k5_scorebug_author.py"], "start": "2026-09-15T20:51:06.048537+00:00", "end": "2026-09-15T20:51:12.600949+00:00", "seconds": 6.552, "exit": 0}
{"name": "test_nfl2k5_scorebug_exact", "command": ["/usr/bin/python3", "/home/noah/2k-worktrees/astra-b71-s3/tests/mod_editor/test_nfl2k5_scorebug_exact.py"], "start": "2026-09-15T20:51:12.630575+00:00", "end": "2026-09-15T20:52:36.892540+00:00", "seconds": 84.262, "exit": 1}
{"name": "test_nfl2k5_scorebug_fonts", "command": ["/usr/bin/python3", "/home/noah/2k-worktrees/astra-b71-s3/tests/mod_editor/test_nfl2k5_scorebug_fonts.py"], "start": "2026-09-15T20:52:36.921099+00:00", "end": "2026-09-15T20:52:45.078581+00:00", "seconds": 8.157, "exit": 0}
{"name": "test_nfl2k5_scorebug_freeze", "command": ["/usr/bin/python3", "/home/noah/2k-worktrees/astra-b71-s3/tests/mod_editor/test_nfl2k5_scorebug_freeze.py"], "start": "2026-09-15T20:52:45.108080+00:00", "end": "2026-09-15T20:56:48.947522+00:00", "seconds": 243.839, "exit": 0}
{"name": "test_nfl2k5_scorebug_freeze_v2", "command": ["/usr/bin/python3", "/home/noah/2k-worktrees/astra-b71-s3/tests/mod_editor/test_nfl2k5_scorebug_freeze_v2.py"], "start": "2026-09-15T20:56:48.978583+00:00", "end": "2026-09-15T20:57:49.438482+00:00", "seconds": 60.46, "exit": 1}
{"name": "test_nfl2k5_scorebug_ingame", "command": ["/usr/bin/python3", "/home/noah/2k-worktrees/astra-b71-s3/tests/mod_editor/test_nfl2k5_scorebug_ingame.py"], "start": "2026-09-15T20:57:49.467693+00:00", "end": "2026-09-15T20:58:04.376523+00:00", "seconds": 14.909, "exit": 0}
{"name": "test_nfl2k5_scorebug_ingame_fix", "command": ["/usr/bin/python3", "/home/noah/2k-worktrees/astra-b71-s3/tests/mod_editor/test_nfl2k5_scorebug_ingame_fix.py"], "start": "2026-09-15T20:58:04.405281+00:00", "end": "2026-09-15T20:59:53.498650+00:00", "seconds": 109.093, "exit": 1}
{"name": "test_nfl2k5_scorebug_mnf", "command": ["/usr/bin/python3", "/home/noah/2k-worktrees/astra-b71-s3/tests/mod_editor/test_nfl2k5_scorebug_mnf.py"], "start": "2026-09-15T20:59:53.526353+00:00", "end": "2026-09-15T21:00:05.303401+00:00", "seconds": 11.777, "exit": 0}
{"name": "test_nfl2k5_scorebug_mnf_v3", "command": ["/usr/bin/python3", "/home/noah/2k-worktrees/astra-b71-s3/tests/mod_editor/test_nfl2k5_scorebug_mnf_v3.py"], "start": "2026-09-15T21:00:05.333079+00:00", "end": "2026-09-15T21:00:21.872303+00:00", "seconds": 16.539, "exit": 1}
{"name": "test_nfl2k5_scorebug_native", "command": ["/usr/bin/python3", "/home/noah/2k-worktrees/astra-b71-s3/tests/mod_editor/test_nfl2k5_scorebug_native.py"], "start": "2026-09-15T21:00:21.900819+00:00", "end": "2026-09-15T21:02:31.579261+00:00", "seconds": 129.678, "exit": 0}
{"name": "test_nfl2k5_scorebug_projection", "command": ["/usr/bin/python3", "/home/noah/2k-worktrees/astra-b71-s3/tests/mod_editor/test_nfl2k5_scorebug_projection.py"], "start": "2026-09-15T21:02:31.610116+00:00", "end": "2026-09-15T21:03:29.356296+00:00", "seconds": 57.746, "exit": 0}
{"name": "test_nfl2k5_scorebug_resources", "command": ["/usr/bin/python3", "/home/noah/2k-worktrees/astra-b71-s3/tests/mod_editor/test_nfl2k5_scorebug_resources.py"], "start": "2026-09-15T21:03:29.388546+00:00", "end": "2026-09-15T21:05:21.636753+00:00", "seconds": 112.248, "exit": 1}
{"name": "test_nfl2k5_scorebug_runtime", "command": ["/usr/bin/python3", "/home/noah/2k-worktrees/astra-b71-s3/tests/mod_editor/test_nfl2k5_scorebug_runtime.py"], "start": "2026-09-15T21:05:21.666878+00:00", "end": "2026-09-15T21:07:19.639805+00:00", "seconds": 117.973, "exit": 0}
{"name": "test_nfl2k5_scorebug_source_art", "command": ["/usr/bin/python3", "/home/noah/2k-worktrees/astra-b71-s3/tests/mod_editor/test_nfl2k5_scorebug_source_art.py"], "start": "2026-09-15T21:07:19.668334+00:00", "end": "2026-09-15T21:07:20.150131+00:00", "seconds": 0.482, "exit": 0}
{"name": "test_nfl2k5_scorebug_template", "command": ["/usr/bin/python3", "/home/noah/2k-worktrees/astra-b71-s3/tests/mod_editor/test_nfl2k5_scorebug_template.py"], "start": "2026-09-15T21:07:20.180040+00:00", "end": "2026-09-15T21:07:30.078872+00:00", "seconds": 9.899, "exit": 0}
{"name": "test_nfl2k5_scorebug_template_release", "command": ["/usr/bin/python3", "/home/noah/2k-worktrees/astra-b71-s3/tests/mod_editor/test_nfl2k5_scorebug_template_release.py"], "start": "2026-09-15T21:07:30.110175+00:00", "end": "2026-09-15T21:07:30.693187+00:00", "seconds": 0.583, "exit": 0}
{"name": "test_nfl2k5_scorebug_unified_adapter", "command": ["/usr/bin/python3", "/home/noah/2k-worktrees/astra-b71-s3/tests/mod_editor/test_nfl2k5_scorebug_unified_adapter.py"], "start": "2026-09-15T21:07:30.723045+00:00", "end": "2026-09-15T21:07:30.893273+00:00", "seconds": 0.17, "exit": 0}
{"name": "test_nfl2k5_scorebug_v10_ingame", "command": ["/usr/bin/python3", "/home/noah/2k-worktrees/astra-b71-s3/tests/mod_editor/test_nfl2k5_scorebug_v10_ingame.py"], "start": "2026-09-15T21:07:30.922806+00:00", "end": "2026-09-15T21:07:40.077704+00:00", "seconds": 9.155, "exit": 0}
{"name": "test_nfl2k5_scorebug_v10_projection", "command": ["/usr/bin/python3", "/home/noah/2k-worktrees/astra-b71-s3/tests/mod_editor/test_nfl2k5_scorebug_v10_projection.py"], "start": "2026-09-15T21:07:40.107871+00:00", "end": "2026-09-15T21:08:10.058903+00:00", "seconds": 29.951, "exit": 0}
{"name": "test_nfl2k5_scorebug_versions", "command": ["/usr/bin/python3", "/home/noah/2k-worktrees/astra-b71-s3/tests/mod_editor/test_nfl2k5_scorebug_versions.py"], "start": "2026-09-15T21:08:10.088157+00:00", "end": "2026-09-15T21:08:20.110697+00:00", "seconds": 10.023, "exit": 0}
{"name": "test_scorebug_studio_panel_qt", "command": ["/usr/bin/python3", "/home/noah/2k-worktrees/astra-b71-s3/tests/mod_editor/test_scorebug_studio_panel_qt.py"], "start": "2026-09-15T21:08:20.141962+00:00", "end": "2026-09-15T21:08:27.585074+00:00", "seconds": 7.443, "exit": 0}
{"name": "nfl2k5_scorebug_layout_test", "command": ["/usr/bin/python3", "/home/noah/2k-worktrees/astra-b71-s3/tests/nfl2k5_scorebug_layout_test.py"], "start": "2026-09-15T21:08:27.615405+00:00", "end": "2026-09-15T21:08:29.108567+00:00", "seconds": 1.493, "exit": 0}
{"name": "nfl2k5_scorebug_mod_project_test", "command": ["/usr/bin/python3", "/home/noah/2k-worktrees/astra-b71-s3/tests/nfl2k5_scorebug_mod_project_test.py"], "start": "2026-09-15T21:08:29.137318+00:00", "end": "2026-09-15T21:08:30.507050+00:00", "seconds": 1.37, "exit": 0}
{"name": "test_provider_integrity", "command": ["/usr/bin/python3", "/home/noah/2k-worktrees/astra-b71-s3/tests/mod_editor/test_provider_integrity.py"], "start": "2026-09-15T21:08:30.540888+00:00", "end": "2026-09-15T21:08:39.763971+00:00", "seconds": 9.223, "exit": 0}
{"name": "test_product_catalog", "command": ["/usr/bin/python3", "/home/noah/2k-worktrees/astra-b71-s3/tests/mod_editor/test_product_catalog.py"], "start": "2026-09-15T21:08:39.795806+00:00", "end": "2026-09-15T21:08:39.955903+00:00", "seconds": 0.16, "exit": 0}
{"name": "test_phase1_packaging", "command": ["/usr/bin/python3", "/home/noah/2k-worktrees/astra-b71-s3/tests/mod_editor/test_phase1_packaging.py"], "start": "2026-09-15T21:08:39.985496+00:00", "end": "2026-09-15T21:08:42.338038+00:00", "seconds": 2.353, "exit": 0}
{"name": "registry-strict", "command": ["/usr/bin/python3", "-m", "mod_editor.capabilities.validate_registry"], "start": "2026-09-15T21:08:42.371603+00:00", "end": "2026-09-15T21:08:42.542017+00:00", "seconds": 0.17, "exit": 0}
FAILED: ['test_nfl2k5_scorebug_assets.py', 'test_nfl2k5_scorebug_exact.py', 'test_nfl2k5_scorebug_freeze_v2.py', 'test_nfl2k5_scorebug_ingame_fix.py', 'test_nfl2k5_scorebug_mnf_v3.py', 'test_nfl2k5_scorebug_resources.py']
