{"name": "test_apf_scorebug_workspace_qt-release", "command": ["/usr/bin/python3", "/home/noah/2k-worktrees/astra-b71-s3/tests/mod_editor/test_apf_scorebug_workspace_qt.py"], "start": "2026-09-15T21:08:27.565544+00:00", "end": "2026-09-15T21:08:28.223071+00:00", "seconds": 0.658, "exit": 0}
{"name": "test_nfl2k5_scorebug_author-release", "command": ["/usr/bin/python3", "/home/noah/2k-worktrees/astra-b71-s3/tests/mod_editor/test_nfl2k5_scorebug_author.py"], "start": "2026-09-15T21:08:28.256884+00:00", "end": "2026-09-15T21:08:35.210340+00:00", "seconds": 6.953, "exit": 0}
{"name": "test_nfl2k5_scorebug_exact-release", "command": ["/usr/bin/python3", "/home/noah/2k-worktrees/astra-b71-s3/tests/mod_editor/test_nfl2k5_scorebug_exact.py"], "start": "2026-09-15T21:08:35.242273+00:00", "end": "2026-09-15T21:09:59.012534+00:00", "seconds": 83.77, "exit": 0}
{"name": "test_nfl2k5_scorebug_fonts-release", "command": ["/usr/bin/python3", "/home/noah/2k-worktrees/astra-b71-s3/tests/mod_editor/test_nfl2k5_scorebug_fonts.py"], "start": "2026-09-15T21:09:59.041491+00:00", "end": "2026-09-15T21:10:08.041290+00:00", "seconds": 9.0, "exit": 0}
{"name": "test_nfl2k5_scorebug_assets-release", "command": ["/usr/bin/python3", "/home/noah/2k-worktrees/astra-b71-s3/tests/mod_editor/test_nfl2k5_scorebug_assets.py"], "start": "2026-09-15T21:08:27.567180+00:00", "end": "2026-09-15T21:11:17.769526+00:00", "seconds": 170.202, "exit": 0}
{"name": "test_nfl2k5_scorebug_freeze-release", "command": ["/usr/bin/python3", "/home/noah/2k-worktrees/astra-b71-s3/tests/mod_editor/test_nfl2k5_scorebug_freeze.py"], "start": "2026-09-15T21:10:08.072000+00:00", "end": "2026-09-15T21:15:40.388978+00:00", "seconds": 332.317, "exit": 0}
{"name": "test_nfl2k5_scorebug_ingame-release", "command": ["/usr/bin/python3", "/home/noah/2k-worktrees/astra-b71-s3/tests/mod_editor/test_nfl2k5_scorebug_ingame.py"], "start": "2026-09-15T21:15:40.431297+00:00", "end": "2026-09-15T21:15:56.433482+00:00", "seconds": 16.002, "exit": 0}
{"name": "test_nfl2k5_scorebug_ingame_fix-release", "command": ["/usr/bin/python3", "/home/noah/2k-worktrees/astra-b71-s3/tests/mod_editor/test_nfl2k5_scorebug_ingame_fix.py"], "start": "2026-09-15T21:15:56.464240+00:00", "end": "2026-09-15T21:18:12.052101+00:00", "seconds": 135.588, "exit": 0}
{"name": "test_nfl2k5_scorebug_freeze_v2-release", "command": ["/usr/bin/python3", "/home/noah/2k-worktrees/astra-b71-s3/tests/mod_editor/test_nfl2k5_scorebug_freeze_v2.py"], "start": "2026-09-15T21:11:17.809800+00:00", "end": "2026-09-15T21:18:16.028712+00:00", "seconds": 418.219, "exit": 0}
{"name": "test_nfl2k5_scorebug_mnf-release", "command": ["/usr/bin/python3", "/home/noah/2k-worktrees/astra-b71-s3/tests/mod_editor/test_nfl2k5_scorebug_mnf.py"], "start": "2026-09-15T21:18:12.082605+00:00", "end": "2026-09-15T21:18:24.162927+00:00", "seconds": 12.08, "exit": 0}
{"name": "test_nfl2k5_scorebug_mnf_v3-release", "command": ["/usr/bin/python3", "/home/noah/2k-worktrees/astra-b71-s3/tests/mod_editor/test_nfl2k5_scorebug_mnf_v3.py"], "start": "2026-09-15T21:18:16.059198+00:00", "end": "2026-09-15T21:18:48.987907+00:00", "seconds": 32.929, "exit": 0}
{"name": "test_nfl2k5_scorebug_projection-release", "command": ["/usr/bin/python3", "/home/noah/2k-worktrees/astra-b71-s3/tests/mod_editor/test_nfl2k5_scorebug_projection.py"], "start": "2026-09-15T21:18:49.017483+00:00", "end": "2026-09-15T21:19:45.592718+00:00", "seconds": 56.575, "exit": 0}
{"name": "test_nfl2k5_scorebug_native-release", "command": ["/usr/bin/python3", "/home/noah/2k-worktrees/astra-b71-s3/tests/mod_editor/test_nfl2k5_scorebug_native.py"], "start": "2026-09-15T21:18:24.193681+00:00", "end": "2026-09-15T21:20:34.933789+00:00", "seconds": 130.74, "exit": 0}
{"name": "test_nfl2k5_scorebug_runtime-release", "command": ["/usr/bin/python3", "/home/noah/2k-worktrees/astra-b71-s3/tests/mod_editor/test_nfl2k5_scorebug_runtime.py"], "start": "2026-09-15T21:20:34.963148+00:00", "end": "2026-09-15T21:22:32.832797+00:00", "seconds": 117.87, "exit": 0}
{"name": "test_nfl2k5_scorebug_source_art-release", "command": ["/usr/bin/python3", "/home/noah/2k-worktrees/astra-b71-s3/tests/mod_editor/test_nfl2k5_scorebug_source_art.py"], "start": "2026-09-15T21:22:32.864880+00:00", "end": "2026-09-15T21:22:33.354499+00:00", "seconds": 0.49, "exit": 0}
{"name": "test_nfl2k5_scorebug_template-release", "command": ["/usr/bin/python3", "/home/noah/2k-worktrees/astra-b71-s3/tests/mod_editor/test_nfl2k5_scorebug_template.py"], "start": "2026-09-15T21:22:33.383822+00:00", "end": "2026-09-15T21:22:43.290132+00:00", "seconds": 9.906, "exit": 0}
{"name": "test_nfl2k5_scorebug_template_release-release", "command": ["/usr/bin/python3", "/home/noah/2k-worktrees/astra-b71-s3/tests/mod_editor/test_nfl2k5_scorebug_template_release.py"], "start": "2026-09-15T21:22:43.319796+00:00", "end": "2026-09-15T21:22:43.894417+00:00", "seconds": 0.575, "exit": 0}
{"name": "test_nfl2k5_scorebug_unified_adapter-release", "command": ["/usr/bin/python3", "/home/noah/2k-worktrees/astra-b71-s3/tests/mod_editor/test_nfl2k5_scorebug_unified_adapter.py"], "start": "2026-09-15T21:22:43.924081+00:00", "end": "2026-09-15T21:22:44.091424+00:00", "seconds": 0.167, "exit": 0}
{"name": "test_nfl2k5_scorebug_v10_ingame-release", "command": ["/usr/bin/python3", "/home/noah/2k-worktrees/astra-b71-s3/tests/mod_editor/test_nfl2k5_scorebug_v10_ingame.py"], "start": "2026-09-15T21:22:44.120010+00:00", "end": "2026-09-15T21:22:53.302212+00:00", "seconds": 9.182, "exit": 0}
{"name": "test_nfl2k5_scorebug_v10_projection-release", "command": ["/usr/bin/python3", "/home/noah/2k-worktrees/astra-b71-s3/tests/mod_editor/test_nfl2k5_scorebug_v10_projection.py"], "start": "2026-09-15T21:22:53.334695+00:00", "end": "2026-09-15T21:23:21.405658+00:00", "seconds": 28.071, "exit": 0}
{"name": "test_nfl2k5_scorebug_versions-release", "command": ["/usr/bin/python3", "/home/noah/2k-worktrees/astra-b71-s3/tests/mod_editor/test_nfl2k5_scorebug_versions.py"], "start": "2026-09-15T21:23:21.434239+00:00", "end": "2026-09-15T21:23:30.791009+00:00", "seconds": 9.357, "exit": 0}
{"name": "test_scorebug_studio_panel_qt-release", "command": ["/usr/bin/python3", "/home/noah/2k-worktrees/astra-b71-s3/tests/mod_editor/test_scorebug_studio_panel_qt.py"], "start": "2026-09-15T21:23:30.820569+00:00", "end": "2026-09-15T21:23:38.071201+00:00", "seconds": 7.251, "exit": 0}
{"name": "nfl2k5_scorebug_layout_test-release", "command": ["/usr/bin/python3", "/home/noah/2k-worktrees/astra-b71-s3/tests/nfl2k5_scorebug_layout_test.py"], "start": "2026-09-15T21:23:38.099322+00:00", "end": "2026-09-15T21:23:39.449271+00:00", "seconds": 1.35, "exit": 0}
{"name": "nfl2k5_scorebug_mod_project_test-release", "command": ["/usr/bin/python3", "/home/noah/2k-worktrees/astra-b71-s3/tests/nfl2k5_scorebug_mod_project_test.py"], "start": "2026-09-15T21:23:39.477483+00:00", "end": "2026-09-15T21:23:40.781779+00:00", "seconds": 1.304, "exit": 0}
{"name": "test_provider_integrity-release", "command": ["/usr/bin/python3", "/home/noah/2k-worktrees/astra-b71-s3/tests/mod_editor/test_provider_integrity.py"], "start": "2026-09-15T21:23:40.809626+00:00", "end": "2026-09-15T21:23:49.034345+00:00", "seconds": 8.225, "exit": 0}
{"name": "test_product_catalog-release", "command": ["/usr/bin/python3", "/home/noah/2k-worktrees/astra-b71-s3/tests/mod_editor/test_product_catalog.py"], "start": "2026-09-15T21:23:49.065788+00:00", "end": "2026-09-15T21:23:49.215742+00:00", "seconds": 0.15, "exit": 0}
{"name": "test_nfl2k5_scorebug_resources-release", "command": ["/usr/bin/python3", "/home/noah/2k-worktrees/astra-b71-s3/tests/mod_editor/test_nfl2k5_scorebug_resources.py"], "start": "2026-09-15T21:19:45.621536+00:00", "end": "2026-09-15T21:23:50.455841+00:00", "seconds": 244.834, "exit": 0}
{"name": "test_phase1_packaging-release", "command": ["/usr/bin/python3", "/home/noah/2k-worktrees/astra-b71-s3/tests/mod_editor/test_phase1_packaging.py"], "start": "2026-09-15T21:23:49.245319+00:00", "end": "2026-09-15T21:23:51.323930+00:00", "seconds": 2.079, "exit": 0}
{"name": "registry-strict-release", "command": ["/usr/bin/python3", "-m", "mod_editor.capabilities.validate_registry"], "start": "2026-09-15T21:23:51.355126+00:00", "end": "2026-09-15T21:23:51.513704+00:00", "seconds": 0.159, "exit": 0}
FAILED: []
