{
  "PATCHED_SHA256": {
    "score_bug": "0588f2f49a0f3cf40ae179dd34d1a57b25748dbc993df34b020153fcd124d8cf",
    "score_buga": "01a30410e9147f5669614fbe6fa59e0066e5defa39c7d7fae325098f51dd39f6"
  },
  "STATIC_SCENE_SHA256": "2d48ab3d3876a9e533a213c4cd22d181dc64a74f9292e5ed1a3fdd53e913de93",
  "RUNTIME_SCENE_SHA256": "f71fe86a19194688e045625270f939ce4eaf8c2c95e47e0787169243c94ad4ed",
  "RUNTIME_PINS": {
    "index": "1b4c2af593e2b61d42b5afc3ad9c67433eee2af4fc16920f8a1538640c956b10",
    "hud_before": "2c23410c05c1ec266c3176b8b201f9a48b4a45ac148110ca569e5df25984e7c8",
    "hud_after": "d6077a9fbe389645250078b76648151448d3a80ac7a709fb0a42a6d8313b66d0",
    "appendix": "846864649a3b2309c476edb55fc9b14a912e062548d1a2abf474a8e3acf44063"
  },
  "PROBE_APPEND_PINS": {
    "transport": "e3b0c44298fc1c149afbf4c8996fb92427ae41e4649b934ca495991b7852b855",
    "hooks": "e3b0c44298fc1c149afbf4c8996fb92427ae41e4649b934ca495991b7852b855",
    "neutral": "e38a25fae3acb5fdd3ae5ddcb91798e047e1be27e862f319452ee176b6cb61fa",
    "pair": "8c7da0308c4b96d66f124ec5c83939ac0376fac623ca76b777d67be0b1cfd515",
    "mnf": "75b576ce8ebdf9ed5a91212cce6a7b0cc6447e6b94312f97b73acebdc9d3950b"
  },
  "CLOCK_FONT_SHA256": "657c7cd19ae85e65703b779fb3307654f8ace8ff219529aa7352d903b2952308",
  "MNF_VERSION": "scorebug-mnf-2026-v3"
}
