standard 43 7.97 []
no_at_den 43 2.91 []
score_0 43 2.94 []
score_28 43 2.95 []
score_100 43 2.95 []
clock_007 43 2.93 []
play_12 43 2.92 []
play_3 43 2.9 []
down_1 43 2.95 []
down_2 43 2.99 []
down_3 43 2.98 []
down_4 43 2.97 []
overtime 43 2.98 []
inches 43 2.98 []
goal 43 2.97 []
timeouts_0 43 2.95 []
timeouts_1 43 3.0 []
timeouts_2 43 2.99 []
timeouts_3 43 2.94 []
flag 43 3.66 [{'text': 'FLAG', 'font': 'font4', 'quads': 4}]
fumble 43 3.61 [{'text': 'FUMBLE', 'font': 'font4', 'quads': 6}]
hang_time 43 2.99 [{'text': 'Hangtime: 0.0', 'font': 'font4', 'quads': 12}]
ball_on 43 2.98 [{'text': 'Ball at Midfield', 'font': 'font4', 'quads': 14}]
score_slabs 43 2.97 []
hidden_play_clock 43 2.95 []
standard 169 8.16 []
no_at_den 169 2.88 []
score_0 169 2.98 []
score_28 169 2.92 []
score_100 169 2.91 []
clock_007 169 2.87 []
play_12 169 2.85 []
play_3 169 2.84 []
down_1 169 2.83 []
down_2 169 2.84 []
down_3 169 2.87 []
down_4 169 2.88 []
overtime 169 2.88 []
inches 169 2.92 []
goal 169 2.94 []
timeouts_0 169 2.95 []
timeouts_1 169 2.88 []
timeouts_2 169 2.95 []
timeouts_3 169 2.89 []
flag 169 3.64 [{'text': 'FLAG', 'font': 'font4', 'quads': 4}]
fumble 169 3.56 [{'text': 'FUMBLE', 'font': 'font4', 'quads': 6}]
hang_time 169 2.91 [{'text': 'Hangtime: 0.0', 'font': 'font4', 'quads': 12}]
ball_on 169 2.86 [{'text': 'Ball at Midfield', 'font': 'font4', 'quads': 14}]
score_slabs 169 2.89 []
hidden_play_clock 169 2.86 []
BOUNDARY_FAILURES []
