standard 43 7.7 []
no_at_den 43 2.88 []
score_0 43 2.84 []
score_28 43 2.87 []
score_100 43 2.83 []
clock_007 43 2.82 []
play_12 43 2.85 []
play_3 43 2.89 []
down_1 43 2.85 []
down_2 43 2.83 []
down_3 43 2.86 []
down_4 43 2.83 []
overtime 43 2.94 []
inches 43 2.9 []
goal 43 2.9 []
timeouts_0 43 2.86 []
timeouts_1 43 2.89 []
timeouts_2 43 2.82 []
timeouts_3 43 2.87 []
flag 43 3.54 [{'text': 'FLAG', 'font': 'font4', 'quads': 4}]
fumble 43 3.52 [{'text': 'FUMBLE', 'font': 'font4', 'quads': 6}]
hang_time 43 3.0 [{'text': 'Hangtime: 0.0', 'font': 'font4', 'quads': 12}]
ball_on 43 3.02 [{'text': 'Ball at Midfield', 'font': 'font4', 'quads': 14}]
score_slabs 43 2.95 []
hidden_play_clock 43 2.88 []
standard 169 7.84 []
no_at_den 169 2.9 []
score_0 169 2.89 []
score_28 169 2.86 []
score_100 169 2.87 []
clock_007 169 2.85 []
play_12 169 2.89 []
play_3 169 2.88 []
down_1 169 2.9 []
down_2 169 2.88 []
down_3 169 2.86 []
down_4 169 2.82 []
overtime 169 2.86 []
inches 169 2.85 []
goal 169 2.84 []
timeouts_0 169 2.83 []
timeouts_1 169 2.86 []
timeouts_2 169 2.83 []
timeouts_3 169 2.87 []
flag 169 3.43 [{'text': 'FLAG', 'font': 'font4', 'quads': 4}]
fumble 169 3.42 [{'text': 'FUMBLE', 'font': 'font4', 'quads': 6}]
hang_time 169 2.83 [{'text': 'Hangtime: 0.0', 'font': 'font4', 'quads': 12}]
ball_on 169 2.81 [{'text': 'Ball at Midfield', 'font': 'font4', 'quads': 14}]
score_slabs 169 2.8 []
hidden_play_clock 169 2.88 []
BOUNDARY_FAILURES []
