standard 43 8.09 []
no_at_den 43 2.94 []
score_0 43 2.93 []
score_28 43 2.93 []
score_100 43 2.95 []
clock_007 43 2.91 []
play_12 43 2.94 []
play_3 43 2.92 []
down_1 43 2.9 []
down_2 43 2.93 []
down_3 43 2.93 []
down_4 43 2.93 []
overtime 43 2.92 []
inches 43 2.95 []
goal 43 2.94 []
timeouts_0 43 2.93 []
timeouts_1 43 2.92 []
timeouts_2 43 2.94 []
timeouts_3 43 2.91 []
flag 43 3.63 [{'text': 'FLAG', 'font': 'font4', 'quads': 4}]
fumble 43 3.6 [{'text': 'FUMBLE', 'font': 'font4', 'quads': 6}]
hang_time 43 3.05 [{'text': 'Hangtime: 0.0', 'font': 'font4', 'quads': 12}]
ball_on 43 3.03 [{'text': 'Ball at Midfield', 'font': 'font4', 'quads': 14}]
score_slabs 43 3.0 []
hidden_play_clock 43 3.01 []
standard 169 7.92 []
no_at_den 169 2.87 []
score_0 169 2.9 []
score_28 169 2.89 []
score_100 169 2.87 []
clock_007 169 2.89 []
play_12 169 2.88 []
play_3 169 2.82 []
down_1 169 2.89 []
down_2 169 2.92 []
down_3 169 2.91 []
down_4 169 2.9 []
overtime 169 2.89 []
inches 169 2.9 []
goal 169 2.89 []
timeouts_0 169 2.85 []
timeouts_1 169 2.89 []
timeouts_2 169 2.82 []
timeouts_3 169 2.9 []
flag 169 3.59 [{'text': 'FLAG', 'font': 'font4', 'quads': 4}]
fumble 169 3.48 [{'text': 'FUMBLE', 'font': 'font4', 'quads': 6}]
hang_time 169 2.85 [{'text': 'Hangtime: 0.0', 'font': 'font4', 'quads': 12}]
ball_on 169 2.93 [{'text': 'Ball at Midfield', 'font': 'font4', 'quads': 14}]
score_slabs 169 2.85 []
hidden_play_clock 169 2.88 []
BOUNDARY_FAILURES []
