standard 43 8.0 []
no_at_den 43 2.89 []
score_0 43 2.86 []
score_28 43 2.86 []
score_100 43 2.92 []
clock_007 43 2.95 []
play_12 43 2.92 []
play_3 43 2.91 []
down_1 43 2.94 []
down_2 43 2.89 []
down_3 43 2.94 []
down_4 43 2.94 []
overtime 43 2.89 []
inches 43 2.89 []
goal 43 2.88 []
timeouts_0 43 2.93 []
timeouts_1 43 2.88 []
timeouts_2 43 2.88 []
timeouts_3 43 2.91 []
flag 43 3.54 [{'text': 'FLAG', 'font': 'font4', 'quads': 4}]
fumble 43 3.51 [{'text': 'FUMBLE', 'font': 'font4', 'quads': 6}]
hang_time 43 2.93 [{'text': 'Hangtime: 0.0', 'font': 'font4', 'quads': 12}]
ball_on 43 2.94 [{'text': 'Ball at Midfield', 'font': 'font4', 'quads': 14}]
score_slabs 43 2.9 []
hidden_play_clock 43 2.89 []
standard 169 7.85 []
no_at_den 169 2.84 []
score_0 169 2.83 []
score_28 169 2.93 []
score_100 169 2.89 []
clock_007 169 2.95 []
play_12 169 2.9 []
play_3 169 2.89 []
down_1 169 2.92 []
down_2 169 2.86 []
down_3 169 2.87 []
down_4 169 2.88 []
overtime 169 2.86 []
inches 169 2.87 []
goal 169 2.88 []
timeouts_0 169 2.85 []
timeouts_1 169 2.9 []
timeouts_2 169 2.86 []
timeouts_3 169 2.86 []
flag 169 3.49 [{'text': 'FLAG', 'font': 'font4', 'quads': 4}]
fumble 169 3.51 [{'text': 'FUMBLE', 'font': 'font4', 'quads': 6}]
hang_time 169 2.88 [{'text': 'Hangtime: 0.0', 'font': 'font4', 'quads': 12}]
ball_on 169 2.89 [{'text': 'Ball at Midfield', 'font': 'font4', 'quads': 14}]
score_slabs 169 2.84 []
hidden_play_clock 169 2.83 []
BOUNDARY_FAILURES []
