test_b71_t5_project_open 0 3.119
test_b69_j1_fit 0 4.522
test_b69_j1_build 0 2.318
test_b69_j1_wiring 0 1.366
test_b70_t1_build_speed 0 19.043
test_b70_t1_diagnostics 0 0.615
test_b70_t2_equipment 0 1.316
test_b70_t2_reporting 0 0.264
test_b70_t2_wiring 0 0.715
test_b68_t1_build 0 5.273
test_mod_build 0 1.767
test_mod_build_performance 0 7.176
test_build_panel_qt 0 2.819
test_nfl2k5_build_service 0 0.315
test_2k5_build_is_explainable 0 0.615
test_facade_external_build 0 0.365
test_b71_t4_equipment_project 0 56.252
test_studio_session 1 1.066
test_studio_facade 0 0.365
test_project_document_workflow 0 15.489
test_studio_qt_models 0 0.816
test_studio_visual_asset_routing 0 3.069
test_uniform_bundle_cross_project 0 2.518
test_studio_shell_layout_qt 0 40.327
test_models_project_wiring 0 8.878
test_nfl2k5_model_project 0 35.672
test_provider_integrity 1 3.47
test_product_catalog 0 0.165
test_phase1_packaging 0 2.017
test_providers 0 3.971
test_nfl2k5_equipment_import 0 2.068
test_nfl2k5_equipment_import_wiring 0 0.765
test_nfl2k5_equipment_scope_wiring 0 1.767
test_nfl2k5_equipment_texture_chain 0 4.272
test_nfl2k5_equipment_texture_native 0 0.265
test_nfl2k5_equipment_retail_roundtrip 0 15.489
test_nfl2k5_uniform_catalog 0 0.415
test_nfl2k5_equipment_consumers 0 28.211
test_nfl2k5_uniform_choice_screens 0 0.565
test_nfl2k5_uniform_choice 0 7.928
test_audio_annotation_project_archive 0 0.565
test_nfl2k5_stadium_editor_roundtrip 0 0.615
test_2k5_uniform_equipment_export 0 32.668
test_nfl2k5_simulated_windows_build 0 215.762
