test_b71_t5_project_open 0 2.92
test_b69_j1_fit 1 5.524
test_b69_j1_build 1 2.82
test_b69_j1_wiring 1 1.817
test_b70_t1_build_speed 1 17.19
test_b70_t1_diagnostics 0 0.665
test_b70_t2_equipment 1 1.116
test_b70_t2_reporting 0 0.265
test_b70_t2_wiring 1 0.264
test_b68_t1_build 1 5.523
test_mod_build 0 2.118
test_b71_t4_equipment_project 1 42.643
test_build_panel_qt 0 2.969
test_nfl2k5_build_service 0 0.315
test_2k5_build_is_explainable 0 0.665
test_facade_external_build 0 0.365
test_mod_build_performance 0 7.326
test_studio_session 1 0.916
test_studio_facade 0 0.415
test_project_document_workflow 0 16.994
test_studio_qt_models 0 0.916
test_studio_visual_asset_routing 0 3.469
test_uniform_bundle_cross_project 0 2.92
test_studio_shell_layout_qt 0 44.342
test_models_project_wiring 0 9.329
test_nfl2k5_model_project 1 36.773
test_providers 1 1.016
test_product_catalog 0 0.165
test_provider_integrity 1 6.725
test_phase1_packaging 0 2.167
test_nfl2k5_equipment_import 0 2.119
test_nfl2k5_equipment_import_wiring 0 0.865
test_nfl2k5_equipment_scope_wiring 0 2.017
test_nfl2k5_equipment_texture_chain 1 4.421
test_nfl2k5_equipment_texture_native 0 0.265
test_nfl2k5_equipment_retail_roundtrip 0 16.591
test_nfl2k5_uniform_catalog 0 0.415
test_nfl2k5_equipment_consumers 0 31.515
test_nfl2k5_uniform_choice_screens 0 0.565
test_nfl2k5_uniform_choice 0 8.077
test_audio_annotation_project_archive 0 0.565
test_nfl2k5_stadium_editor_roundtrip 0 0.615
test_2k5_uniform_equipment_export 0 33.216
test_nfl2k5_simulated_windows_build 0 220.174
