{
  "count": 600,
  "outcome": "opened",
  "revision": "f7d6fc07",
  "seconds": 407.78534526599105,
  "phases": {
    "load_project_archive": {
      "calls": 1,
      "seconds": 0.6920787190028932
    },
    "_compile_group": {
      "calls": 200,
      "seconds": 404.6511288387992
    },
    "compress_vc_lz": {
      "calls": 688,
      "seconds": 11.200821059464943
    },
    "compress_equipment_optimal": {
      "calls": 488,
      "seconds": 2.090445256413659
    }
  },
  "source_unchanged": true,
  "replacements": 600,
  "fixture": "synthetic TSETs, real PNGs/codecs/loader; no retail package I/O"
}
