{
  "count": 30,
  "outcome": "opened",
  "revision": "02bbadd1",
  "seconds": 19.17086726697744,
  "phases": {
    "load_project_archive": {
      "calls": 1,
      "seconds": 0.025983773986808956
    },
    "_read_png": {
      "calls": 30,
      "seconds": 0.03140298699145205
    },
    "_stage_compiler_key": {
      "calls": 10,
      "seconds": 0.0003715110069606453
    },
    "_compile_group": {
      "calls": 10,
      "seconds": 18.77374853400397
    },
    "_quantize_art": {
      "calls": 30,
      "seconds": 17.74734292688663
    },
    "compress_vc_lz": {
      "calls": 20,
      "seconds": 0.3025289730867371
    },
    "compress_equipment_optimal": {
      "calls": 10,
      "seconds": 0.277034870989155
    }
  },
  "source_unchanged": true,
  "replacements": 30,
  "fixture": "synthetic TSETs, real PNGs/codecs/loader; no retail package I/O"
}
